Component: ARM Compiler 5.06 update 5 (build 528) Tool: armlink [4d35e2]

==============================================================================

Section Cross References

    main.o(i.Init) refers to sys.o(i.Stm32_Clock_Init) for Stm32_Clock_Init
    main.o(i.Init) refers to misc.o(i.NVIC_PriorityGroupConfig) for NVIC_PriorityGroupConfig
    main.o(i.Init) refers to delay.o(i.delay_init) for delay_init
    main.o(i.Init) refers to led.o(i.LED_Init) for LED_Init
    main.o(i.Init) refers to tb6612.o(i.MOTOR_Init) for MOTOR_Init
    main.o(i.Init) refers to usart1.o(i.Usart1_Init) for Usart1_Init
    main.o(i.Init) refers to uart4.o(i.Uart4_Init) for Uart4_Init
    main.o(i.Init) refers to uart5.o(i.Uart5_Init) for Uart5_Init
    main.o(i.Init) refers to usart6.o(i.Usart6_Init) for Usart6_Init
    main.o(i.Init) refers to iic3.o(i.IIC3_Init) for IIC3_Init
    main.o(i.Init) refers to grayscale.o(i.Grayscale_Init) for Grayscale_Init
    main.o(i.Init) refers to exti.o(i.EXTIX_Init) for EXTIX_Init
    main.o(i.Init) refers to beep.o(i.BEEP_Init) for BEEP_Init
    main.o(i.Init) refers to oled.o(i.OLED_Init) for OLED_Init
    main.o(i.Init) refers to mpu6050.o(i.MPU_Init) for MPU_Init
    main.o(i.Init) refers to inv_mpu.o(i.mpu_dmp_init) for mpu_dmp_init
    main.o(i.Init) refers to iic1.o(i.TCS34725_GPIO_Init) for TCS34725_GPIO_Init
    main.o(i.Init) refers to tcs34725.o(i.TCS34725_Init) for TCS34725_Init
    main.o(i.Init) refers to tcs34725.o(i.integrationTime) for integrationTime
    main.o(i.Init) refers to pca9685.o(i.setPWMFreq) for setPWMFreq
    main.o(i.Init) refers to pca9685.o(i.PCA9685_write) for PCA9685_write
    main.o(i.Init) refers to delay.o(i.delay_ms) for delay_ms
    main.o(i.main) refers to main.o(i.Init) for Init
    system_stm32f4xx.o(i.SystemCoreClockUpdate) refers to system_stm32f4xx.o(.data) for SystemCoreClock
    system_stm32f4xx.o(i.SystemInit) refers to system_stm32f4xx.o(i.SetSysClock) for SetSysClock
    work.o(i.B_adjust_pose) refers to time_go.o(i.Time_go) for Time_go
    work.o(i.B_adjust_pose) refers to tb6612.o(i.Car_Retreat30) for Car_Retreat30
    work.o(i.F_adjust_pose) refers to time_go.o(i.Time_go) for Time_go
    work.o(i.F_adjust_pose) refers to tb6612.o(i.Car_Advance30) for Car_Advance30
    work.o(i.Go_Centre) refers to grayscale.o(i.L_Centre_Count) for L_Centre_Count
    work.o(i.Go_Centre) refers to gray_go.o(i.SearchRun) for SearchRun
    work.o(i.beep) refers to delay.o(i.delay_ms) for delay_ms
    work.o(i.case_one) refers to pca9685.o(i.crazyMe) for crazyMe
    work.o(i.case_one) refers to grayscale.o(i.L_Front_Count) for L_Front_Count
    work.o(i.case_one) refers to time_go.o(i.Time_go) for Time_go
    work.o(i.case_one) refers to grayscale.o(i.L_Centre_Count) for L_Centre_Count
    work.o(i.case_one) refers to work.o(i.F_adjust_pose) for F_adjust_pose
    work.o(i.case_one) refers to gray_go.o(i.SearchRun) for SearchRun
    work.o(i.case_one) refers to tb6612.o(i.Car_Retreat28) for Car_Retreat28
    work.o(i.case_one) refers to work.o(.data) for wukuai
    work.o(i.case_one) refers to gray_go.o(i.anti_SearchRun) for anti_SearchRun
    work.o(i.case_three) refers to work.o(i.catch_it) for catch_it
    work.o(i.case_three) refers to grayscale.o(i.L_Centre_Count) for L_Centre_Count
    work.o(i.case_three) refers to time_go.o(i.Time_go) for Time_go
    work.o(i.case_three) refers to sixe_angle.o(i.Car_TurnToAngle4) for Car_TurnToAngle4
    work.o(i.case_three) refers to grayscale.o(i.L_Front_Count) for L_Front_Count
    work.o(i.case_three) refers to work.o(i.color_discrimination) for color_discrimination
    work.o(i.case_three) refers to work.o(i.color_distribution_one) for color_distribution_one
    work.o(i.case_three) refers to pca9685.o(i.crazyMe) for crazyMe
    work.o(i.case_three) refers to grayscale.o(i.L_Back_Count) for L_Back_Count
    work.o(i.case_three) refers to work.o(i.B_adjust_pose) for B_adjust_pose
    work.o(i.case_three) refers to work.o(i.F_adjust_pose) for F_adjust_pose
    work.o(i.case_three) refers to gray_go.o(i.anti_SearchRun) for anti_SearchRun
    work.o(i.case_three) refers to tb6612.o(i.Car_Advance30) for Car_Advance30
    work.o(i.case_three) refers to work.o(.data) for color
    work.o(i.case_three) refers to gray_go.o(i.SearchRun) for SearchRun
    work.o(i.case_three) refers to tb6612.o(i.Car_Retreat28) for Car_Retreat28
    work.o(i.case_two) refers to work.o(i.catch_it) for catch_it
    work.o(i.case_two) refers to grayscale.o(i.L_Centre_Count) for L_Centre_Count
    work.o(i.case_two) refers to work.o(i.F_adjust_pose) for F_adjust_pose
    work.o(i.case_two) refers to sixe_angle.o(i.Car_TurnToAngle4) for Car_TurnToAngle4
    work.o(i.case_two) refers to grayscale.o(i.L_Back_Count) for L_Back_Count
    work.o(i.case_two) refers to grayscale.o(i.L_Front_Count) for L_Front_Count
    work.o(i.case_two) refers to time_go.o(i.Time_go) for Time_go
    work.o(i.case_two) refers to pca9685.o(i.crazyMe) for crazyMe
[...]
    xSchedulerRunning                        0x20000074   Data           4  tasks.o(.data)
    uxPendedTicks                            0x20000078   Data           4  tasks.o(.data)
    xYieldPending                            0x2000007c   Data           4  tasks.o(.data)
    xNumOfOverflows                          0x20000080   Data           4  tasks.o(.data)
    uxTaskNumber                             0x20000084   Data           4  tasks.o(.data)
    xNextTaskUnblockTime                     0x20000088   Data           4  tasks.o(.data)
    xIdleTaskHandle                          0x2000008c   Data           4  tasks.o(.data)
    uxSchedulerSuspended                     0x20000090   Data           4  tasks.o(.data)
    .data                                    0x20000094   Section       12  port.o(.data)
    uxCriticalNesting                        0x20000094   Data           4  port.o(.data)
    ucMaxSysCallPriority                     0x20000098   Data           1  port.o(.data)
    ulMaxPRIGROUPValue                       0x2000009c   Data           4  port.o(.data)
    .data                                    0x200000a0   Section       65  inv_mpu.o(.data)
    st                                       0x200000a0   Data          44  inv_mpu.o(.data)
    gyro_orientation                         0x200000d8   Data           9  inv_mpu.o(.data)
    .bss                                     0x200000e4   Section       16  lobotserialservo.o(.bss)
    .bss                                     0x200000f4   Section     1152  oled.o(.bss)
    .bss                                     0x20000574   Section      200  usart1.o(.bss)
    .bss                                     0x2000063c   Section       16  usart6.o(.bss)
    .bss                                     0x2000064c   Section      740  tasks.o(.bss)
    pxReadyTasksLists                        0x2000064c   Data         640  tasks.o(.bss)
    xDelayedTaskList1                        0x200008cc   Data          20  tasks.o(.bss)
    xDelayedTaskList2                        0x200008e0   Data          20  tasks.o(.bss)
    xPendingReadyList                        0x200008f4   Data          20  tasks.o(.bss)
    xTasksWaitingTermination                 0x20000908   Data          20  tasks.o(.bss)
    xSuspendedTaskList                       0x2000091c   Data          20  tasks.o(.bss)
    .bss                                     0x20000930   Section       16  inv_mpu_dmp_motion_driver.o(.bss)
    dmp                                      0x20000930   Data          16  inv_mpu_dmp_motion_driver.o(.bss)
    .bss                                     0x20000940   Section       96  libspace.o(.bss)
    HEAP                                     0x200009a0   Section      512  startup_stm32f40_41xxx.o(HEAP)
    Heap_Mem                                 0x200009a0   Data         512  startup_stm32f40_41xxx.o(HEAP)
    STACK                                    0x20000ba0   Section     1024  startup_stm32f40_41xxx.o(STACK)
    Stack_Mem                                0x20000ba0   Data        1024  startup_stm32f40_41xxx.o(STACK)
    __initial_sp                             0x20000fa0   Data           0  startup_stm32f40_41xxx.o(STACK)

    Global Symbols

    Symbol Name                              Value     Ov Type        Size  Object(Section)

    BuildAttributes$$THM_ISAv4$E$P$D$K$B$S$7EM$VFPi3$EXTD16$VFPS$VFMA$PE$A:L22UL41UL21$X:L11$S22US41US21$IEEE1$IW$USESV6$~STKCKD$USESV7$~SHL$OTIME$ROPI$IEEEX$EBA8$UX$STANDARDLIB$REQ8$PRES8$EABIv2 0x00000000   Number         0  anon$$obj.o ABSOLUTE
    __ARM_use_no_argv                        0x00000000   Number         0  main.o ABSOLUTE
    _printf_flags                            0x00000000   Number         0  printf_stubs.o ABSOLUTE
    _printf_return_value                     0x00000000   Number         0  printf_stubs.o ABSOLUTE
    _printf_sizespec                         0x00000000   Number         0  printf_stubs.o ABSOLUTE
    _printf_widthprec                        0x00000000   Number         0  printf_stubs.o ABSOLUTE
    __ARM_exceptions_init                     - Undefined Weak Reference
    __alloca_initialize                       - Undefined Weak Reference
    __arm_preinit_                            - Undefined Weak Reference
    __cpp_initialize__aeabi_                  - Undefined Weak Reference
    __cxa_finalize                            - Undefined Weak Reference
    __rt_locale                               - Undefined Weak Reference
    __sigvec_lookup                           - Undefined Weak Reference
    _atexit_init                              - Undefined Weak Reference
    _call_atexit_fns                          - Undefined Weak Reference
    _clock_init                               - Undefined Weak Reference
    _fp_trap_init                             - Undefined Weak Reference
    _fp_trap_shutdown                         - Undefined Weak Reference
    _get_lc_collate                           - Undefined Weak Reference
    _get_lc_ctype                             - Undefined Weak Reference
    _get_lc_monetary                          - Undefined Weak Reference
    _get_lc_numeric                           - Undefined Weak Reference
    _get_lc_time                              - Undefined Weak Reference
    _getenv_init                              - Undefined Weak Reference
    _handle_redirection                       - Undefined Weak Reference
    _init_alloc                               - Undefined Weak Reference
    _init_user_alloc                          - Undefined Weak Reference
    _initio                                   - Undefined Weak Reference
    _mutex_acquire                            - Undefined Weak Reference
    _mutex_release                            - Undefined Weak Reference
    _printf_mbtowc                            - Undefined Weak Reference
    _printf_truncate_signed                   - Undefined Weak Reference
    _printf_truncate_unsigned                 - Undefined Weak Reference
    _rand_init                                - Undefined Weak Reference
    _signal_finish                            - Undefined Weak Reference
    _signal_init                              - Undefined Weak Reference
    _terminate_alloc                          - Undefined Weak Reference
    _terminate_user_alloc                     - Undefined Weak Reference
    _terminateio                              - Undefined Weak Reference
    __Vectors_Size                           0x00000188   Number         0  startup_stm32f40_41xxx.o ABSOLUTE
    __Vectors                                0x08000000   Data           4  startup_stm32f40_41xxx.o(RESET)
    __Vectors_End                            0x08000188   Data           0  startup_stm32f40_41xxx.o(RESET)
    __main                                   0x08000189   Thumb Code     8  __main.o(!!!main)
    __scatterload                            0x08000191   Thumb Code     0  __scatter.o(!!!scatter)
    __scatterload_rt2                        0x08000191   Thumb Code    44  __scatter.o(!!!scatter)
    __scatterload_rt2_thumb_only             0x08000191   Thumb Code     0  __scatter.o(!!!scatter)
    __scatterload_null                       0x0800019f   Thumb Code     0  __scatter.o(!!!scatter)
    __scatterload_copy                       0x080001c5   Thumb Code    26  __scatter_copy.o(!!handler_copy)
    __scatterload_zeroinit                   0x080001e1   Thumb Code    28  __scatter_zi.o(!!handler_zi)
    _printf_d                                0x080001fd   Thumb Code     0  _printf_d.o(.ARM.Collect$$_printf_percent$$00000009)
    _printf_percent                          0x080001fd   Thumb Code     0  _printf_percent.o(.ARM.Collect$$_printf_percent$$00000000)
    _printf_s                                0x08000203   Thumb Code     0  _printf_s.o(.ARM.Collect$$_printf_percent$$00000014)
    _printf_percent_end                      0x08000209   Thumb Code     0  _printf_percent_end.o(.ARM.Collect$$_printf_percent$$00000017)
    __rt_lib_init                            0x0800020d   Thumb Code     0  libinit.o(.ARM.Collect$$libinit$$00000000)
    __rt_lib_init_fp_1                       0x0800020f   Thumb Code     0  libinit2.o(.ARM.Collect$$libinit$$00000001)
    __rt_lib_init_alloca_1                   0x08000213   Thumb Code     0  libinit2.o(.ARM.Collect$$libinit$$0000002E)
    __rt_lib_init_argv_1                     0x08000213   Thumb Code     0  libinit2.o(.ARM.Collect$$libinit$$0000002C)
    __rt_lib_init_atexit_1                   0x08000213   Thumb Code     0  libinit2.o(.ARM.Collect$$libinit$$0000001B)
    __rt_lib_init_clock_1                    0x08000213   Thumb Code     0  libinit2.o(.ARM.Collect$$libinit$$00000021)
    __rt_lib_init_cpp_1                      0x08000213   Thumb Code     0  libinit2.o(.ARM.Collect$$libinit$$00000032)
    __rt_lib_init_exceptions_1               0x08000213   Thumb Code     0  libinit2.o(.ARM.Collect$$libinit$$00000030)
    __rt_lib_init_fp_trap_1                  0x08000213   Thumb Code     0  libinit2.o(.ARM.Collect$$libinit$$0000001F)
    __rt_lib_init_getenv_1                   0x08000213   Thumb Code     0  libinit2.o(.ARM.Collect$$libinit$$00000023)
    __rt_lib_init_heap_1                     0x08000213   Thumb Code     0  libinit2.o(.ARM.Collect$$libinit$$0000000A)
    __rt_lib_init_lc_collate_1               0x08000213   Thumb Code     0  libinit2.o(.ARM.Collect$$libinit$$00000011)
    __rt_lib_init_lc_ctype_1                 0x08000213   Thumb Code     0  libinit2.o(.ARM.Collect$$libinit$$00000013)
    __rt_lib_init_lc_monetary_1              0x08000213   Thumb Code     0  libinit2.o(.ARM.Collect$$libinit$$00000015)
    __rt_lib_init_lc_numeric_1               0x08000213   Thumb Code     0  libinit2.o(.ARM.Collect$$libinit$$00000017)
    __rt_lib_init_lc_time_1                  0x08000213   Thumb Code     0  libinit2.o(.ARM.Collect$$libinit$$00000019)
    __rt_lib_init_preinit_1                  0x08000213   Thumb Code     0  libinit2.o(.ARM.Collect$$libinit$$00000004)
    __rt_lib_init_rand_1                     0x08000213   Thumb Code     0  libinit2.o(.ARM.Collect$$libinit$$0000000E)
    __rt_lib_init_return                     0x08000213   Thumb Code     0  libinit2.o(.ARM.Collect$$libinit$$00000033)
    __rt_lib_init_signal_1                   0x08000213   Thumb Code     0  libinit2.o(.ARM.Collect$$libinit$$0000001D)
    __rt_lib_init_stdio_1                    0x08000213   Thumb Code     0  libinit2.o(.ARM.Collect$$libinit$$00000025)
    __rt_lib_init_user_alloc_1               0x08000213   Thumb Code     0  libinit2.o(.ARM.Collect$$libinit$$0000000C)
    __rt_lib_shutdown                        0x08000215   Thumb Code     0  libshutdown.o(.ARM.Collect$$libshutdown$$00000000)
    __rt_lib_shutdown_cpp_1                  0x08000217   Thumb Code     0  libshutdown2.o(.ARM.Collect$$libshutdown$$00000002)
    __rt_lib_shutdown_fp_trap_1              0x08000217   Thumb Code     0  libshutdown2.o(.ARM.Collect$$libshutdown$$00000007)
    __rt_lib_shutdown_heap_1                 0x08000217   Thumb Code     0  libshutdown2.o(.ARM.Collect$$libshutdown$$0000000F)
    __rt_lib_shutdown_return                 0x08000217   Thumb Code     0  libshutdown2.o(.ARM.Collect$$libshutdown$$00000010)
    __rt_lib_shutdown_signal_1               0x08000217   Thumb Code     0  libshutdown2.o(.ARM.Collect$$libshutdown$$0000000A)
    __rt_lib_shutdown_stdio_1                0x08000217   Thumb Code     0  libshutdown2.o(.ARM.Collect$$libshutdown$$00000004)
    __rt_lib_shutdown_user_alloc_1           0x08000217   Thumb Code     0  libshutdown2.o(.ARM.Collect$$libshutdown$$0000000C)
    __rt_entry                               0x08000219   Thumb Code     0  __rtentry.o(.ARM.Collect$$rtentry$$00000000)
    __rt_entry_presh_1                       0x08000219   Thumb Code     0  __rtentry2.o(.ARM.Collect$$rtentry$$00000002)
    __rt_entry_sh                            0x08000219   Thumb Code     0  __rtentry4.o(.ARM.Collect$$rtentry$$00000004)
    __rt_entry_li                            0x0800021f   Thumb Code     0  __rtentry2.o(.ARM.Collect$$rtentry$$0000000A)
    __rt_entry_postsh_1                      0x0800021f   Thumb Code     0  __rtentry2.o(.ARM.Collect$$rtentry$$00000009)
    __rt_entry_main                          0x08000223   Thumb Code     0  __rtentry2.o(.ARM.Collect$$rtentry$$0000000D)
    __rt_entry_postli_1                      0x08000223   Thumb Code     0  __rtentry2.o(.ARM.Collect$$rtentry$$0000000C)
    __rt_exit                                0x0800022b   Thumb Code     0  rtexit.o(.ARM.Collect$$rtexit$$00000000)
    __rt_exit_ls                             0x0800022d   Thumb Code     0  rtexit2.o(.ARM.Collect$$rtexit$$00000003)
    __rt_exit_prels_1                        0x0800022d   Thumb Code     0  rtexit2.o(.ARM.Collect$$rtexit$$00000002)
    __rt_exit_exit                           0x08000231   Thumb Code     0  rtexit2.o(.ARM.Collect$$rtexit$$00000004)
    SVC_Handler                              0x08000239   Thumb Code    28  port.o(.emb_text)
    __asm___6_port_c_39a90d8d__prvStartFirstTask 0x08000259   Thumb Code    28  port.o(.emb_text)
    __asm___6_port_c_39a90d8d__prvEnableVFP  0x08000279   Thumb Code    16  port.o(.emb_text)
    PendSV_Handler                           0x0800028d   Thumb Code    88  port.o(.emb_text)
    vPortGetIPSR                             0x080002e9   Thumb Code     6  port.o(.emb_text)
    Reset_Handler                            0x080002f1   Thumb Code     8  startup_stm32f40_41xxx.o(.text)
    ADC_IRQHandler                           0x0800030b   Thumb Code     0  startup_stm32f40_41xxx.o(.text)
    CAN1_RX0_IRQHandler                      0x0800030b   Thumb Code     0  startup_stm32f40_41xxx.o(.text)
    CAN1_RX1_IRQHandler                      0x0800030b   Thumb Code     0  startup_stm32f40_41xxx.o(.text)
    CAN1_SCE_IRQHandler                      0x0800030b   Thumb Code     0  startup_stm32f40_41xxx.o(.text)
    CAN1_TX_IRQHandler                       0x0800030b   Thumb Code     0  startup_stm32f40_41xxx.o(.text)
    CAN2_RX0_IRQHandler                      0x0800030b   Thumb Code     0  startup_stm32f40_41xxx.o(.text)
    CAN2_RX1_IRQHandler                      0x0800030b   Thumb Code     0  startup_stm32f40_41xxx.o(.text)
    CAN2_SCE_IRQHandler                      0x0800030b   Thumb Code     0  startup_stm32f40_41xxx.o(.text)
    CAN2_TX_IRQHandler                       0x0800030b   Thumb Code     0  startup_stm32f40_41xxx.o(.text)
    CRYP_IRQHandler                          0x0800030b   Thumb Code     0  startup_stm32f40_41xxx.o(.text)
    DCMI_IRQHandler                          0x0800030b   Thumb Code     0  startup_stm32f40_41xxx.o(.text)
    DMA1_Stream0_IRQHandler                  0x0800030b   Thumb Code     0  startup_stm32f40_41xxx.o(.text)
    DMA1_Stream1_IRQHandler                  0x0800030b   Thumb Code     0  startup_stm32f40_41xxx.o(.text)
    DMA1_Stream2_IRQHandler                  0x0800030b   Thumb Code     0  startup_stm32f40_41xxx.o(.text)
    DMA1_Stream3_IRQHandler                  0x0800030b   Thumb Code     0  startup_stm32f40_41xxx.o(.text)
    DMA1_Stream4_IRQHandler                  0x0800030b   Thumb Code     0  startup_stm32f40_41xxx.o(.text)
    DMA1_Stream5_IRQHandler                  0x0800030b   Thumb Code     0  startup_stm32f40_41xxx.o(.text)
    DMA1_Stream6_IRQHandler                  0x0800030b   Thumb Code     0  startup_stm32f40_41xxx.o(.text)
    DMA1_Stream7_IRQHandler                  0x0800030b   Thumb Code     0  startup_stm32f40_41xxx.o(.text)
    DMA2_Stream0_IRQHandler                  0x0800030b   Thumb Code     0  startup_stm32f40_41xxx.o(.text)
    DMA2_Stream1_IRQHandler                  0x0800030b   Thumb Code     0  startup_stm32f40_41xxx.o(.text)
    DMA2_Stream2_IRQHandler                  0x0800030b   Thumb Code     0  startup_stm32f40_41xxx.o(.text)
    DMA2_Stream3_IRQHandler                  0x0800030b   Thumb Code     0  startup_stm32f40_41xxx.o(.text)
    DMA2_Stream4_IRQHandler                  0x0800030b   Thumb Code     0  startup_stm32f40_41xxx.o(.text)
    DMA2_Stream5_IRQHandler                  0x0800030b   Thumb Code     0  startup_stm32f40_41xxx.o(.text)
    DMA2_Stream6_IRQHandler                  0x0800030b   Thumb Code     0  startup_stm32f40_41xxx.o(.text)
    DMA2_Stream7_IRQHandler                  0x0800030b   Thumb Code     0  startup_stm32f40_41xxx.o(.text)
    ETH_IRQHandler                           0x0800030b   Thumb Code     0  startup_stm32f40_41xxx.o(.text)
    ETH_WKUP_IRQHandler                      0x0800030b   Thumb Code     0  startup_stm32f40_41xxx.o(.text)
    EXTI0_IRQHandler                         0x0800030b   Thumb Code     0  startup_stm32f40_41xxx.o(.text)
    EXTI15_10_IRQHandler                     0x0800030b   Thumb Code     0  startup_stm32f40_41xxx.o(.text)
    EXTI1_IRQHandler                         0x0800030b   Thumb Code     0  startup_stm32f40_41xxx.o(.text)
    EXTI2_IRQHandler                         0x0800030b   Thumb Code     0  startup_stm32f40_41xxx.o(.text)
    EXTI3_IRQHandler                         0x0800030b   Thumb Code     0  startup_stm32f40_41xxx.o(.text)
    EXTI9_5_IRQHandler                       0x0800030b   Thumb Code     0  startup_stm32f40_41xxx.o(.text)
    FLASH_IRQHandler                         0x0800030b   Thumb Code     0  startup_stm32f40_41xxx.o(.text)
    FPU_IRQHandler                           0x0800030b   Thumb Code     0  startup_stm32f40_41xxx.o(.text)
    FSMC_IRQHandler                          0x0800030b   Thumb Code     0  startup_stm32f40_41xxx.o(.text)
    HASH_RNG_IRQHandler                      0x0800030b   Thumb Code     0  startup_stm32f40_41xxx.o(.text)
    I2C1_ER_IRQHandler                       0x0800030b   Thumb Code     0  startup_stm32f40_41xxx.o(.text)
    I2C1_EV_IRQHandler                       0x0800030b   Thumb Code     0  startup_stm32f40_41xxx.o(.text)
    I2C2_ER_IRQHandler                       0x0800030b   Thumb Code     0  startup_stm32f40_41xxx.o(.text)
    I2C2_EV_IRQHandler                       0x0800030b   Thumb Code     0  startup_stm32f40_41xxx.o(.text)
    I2C3_ER_IRQHandler                       0x0800030b   Thumb Code     0  startup_stm32f40_41xxx.o(.text)
    I2C3_EV_IRQHandler                       0x0800030b   Thumb Code     0  startup_stm32f40_41xxx.o(.text)
    OTG_FS_IRQHandler                        0x0800030b   Thumb Code     0  startup_stm32f40_41xxx.o(.text)
    OTG_FS_WKUP_IRQHandler                   0x0800030b   Thumb Code     0  startup_stm32f40_41xxx.o(.text)
    OTG_HS_EP1_IN_IRQHandler                 0x0800030b   Thumb Code     0  startup_stm32f40_41xxx.o(.text)
    OTG_HS_EP1_OUT_IRQHandler                0x0800030b   Thumb Code     0  startup_stm32f40_41xxx.o(.text)
    OTG_HS_IRQHandler                        0x0800030b   Thumb Code     0  startup_stm32f40_41xxx.o(.text)
    OTG_HS_WKUP_IRQHandler                   0x0800030b   Thumb Code     0  startup_stm32f40_41xxx.o(.text)
    PVD_IRQHandler                           0x0800030b   Thumb Code     0  startup_stm32f40_41xxx.o(.text)
    RCC_IRQHandler                           0x0800030b   Thumb Code     0  startup_stm32f40_41xxx.o(.text)
    RTC_Alarm_IRQHandler                     0x0800030b   Thumb Code     0  startup_stm32f40_41xxx.o(.text)
    RTC_WKUP_IRQHandler                      0x0800030b   Thumb Code     0  startup_stm32f40_41xxx.o(.text)
    SDIO_IRQHandler                          0x0800030b   Thumb Code     0  startup_stm32f40_41xxx.o(.text)
    SPI1_IRQHandler                          0x0800030b   Thumb Code     0  startup_stm32f40_41xxx.o(.text)
    SPI2_IRQHandler                          0x0800030b   Thumb Code     0  startup_stm32f40_41xxx.o(.text)
    SPI3_IRQHandler                          0x0800030b   Thumb Code     0  startup_stm32f40_41xxx.o(.text)
    TAMP_STAMP_IRQHandler                    0x0800030b   Thumb Code     0  startup_stm32f40_41xxx.o(.text)
    TIM1_BRK_TIM9_IRQHandler                 0x0800030b   Thumb Code     0  startup_stm32f40_41xxx.o(.text)
    TIM1_CC_IRQHandler                       0x0800030b   Thumb Code     0  startup_stm32f40_41xxx.o(.text)
    TIM1_TRG_COM_TIM11_IRQHandler            0x0800030b   Thumb Code     0  startup_stm32f40_41xxx.o(.text)
    TIM1_UP_TIM10_IRQHandler                 0x0800030b   Thumb Code     0  startup_stm32f40_41xxx.o(.text)
    TIM2_IRQHandler                          0x0800030b   Thumb Code     0  startup_stm32f40_41xxx.o(.text)
    TIM4_IRQHandler                          0x0800030b   Thumb Code     0  startup_stm32f40_41xxx.o(.text)
    TIM5_IRQHandler                          0x0800030b   Thumb Code     0  startup_stm32f40_41xxx.o(.text)
    TIM6_DAC_IRQHandler                      0x0800030b   Thumb Code     0  startup_stm32f40_41xxx.o(.text)
    TIM7_IRQHandler                          0x0800030b   Thumb Code     0  startup_stm32f40_41xxx.o(.text)
    TIM8_BRK_TIM12_IRQHandler                0x0800030b   Thumb Code     0  startup_stm32f40_41xxx.o(.text)
    TIM8_CC_IRQHandler                       0x0800030b   Thumb Code     0  startup_stm32f40_41xxx.o(.text)
    TIM8_TRG_COM_TIM14_IRQHandler            0x0800030b   Thumb Code     0  startup_stm32f40_41xxx.o(.text)
    TIM8_UP_TIM13_IRQHandler                 0x0800030b   Thumb Code     0  startup_stm32f40_41xxx.o(.text)
    UART4_IRQHandler                         0x0800030b   Thumb Code     0  startup_stm32f40_41xxx.o(.text)
    UART5_IRQHandler                         0x0800030b   Thumb Code     0  startup_stm32f40_41xxx.o(.text)
    USART2_IRQHandler                        0x0800030b   Thumb Code     0  startup_stm32f40_41xxx.o(.text)
    USART3_IRQHandler                        0x0800030b   Thumb Code     0  startup_stm32f40_41xxx.o(.text)
    WWDG_IRQHandler                          0x0800030b   Thumb Code     0  startup_stm32f40_41xxx.o(.text)
    __user_initial_stackheap                 0x0800030d   Thumb Code     0  startup_stm32f40_41xxx.o(.text)
    __use_no_semihosting                     0x08000331   Thumb Code     2  use_no_semi_2.o(.text)
    __aeabi_ldivmod                          0x08000333   Thumb Code     0  llsdiv.o(.text)
    _ll_sdiv                                 0x08000333   Thumb Code    72  llsdiv.o(.text)
    __2printf                                0x0800037d   Thumb Code    20  noretval__2printf.o(.text)
    _printf_str                              0x08000395   Thumb Code    82  _printf_str.o(.text)
    _printf_int_dec                          0x080003e9   Thumb Code   104  _printf_dec.o(.text)
    __printf                                 0x08000461   Thumb Code   308  __printf_flags_wp.o(.text)
    memcmp                                   0x08000599   Thumb Code    88  memcmp.o(.text)
    __aeabi_memcpy                           0x080005f1   Thumb Code     0  rt_memcpy_v6.o(.text)
    __rt_memcpy                              0x080005f1   Thumb Code   138  rt_memcpy_v6.o(.text)
    _memcpy_lastbytes                        0x08000657   Thumb Code     0  rt_memcpy_v6.o(.text)
    __aeabi_memset                           0x0800067b   Thumb Code    16  aeabi_memset.o(.text)
    __use_two_region_memory                  0x0800068b   Thumb Code     2  heapauxi.o(.text)
    __rt_heap_escrow$2region                 0x0800068d   Thumb Code     2  heapauxi.o(.text)
    __rt_heap_expand$2region                 0x0800068f   Thumb Code     2  heapauxi.o(.text)
    __I$use$semihosting                      0x08000691   Thumb Code     0  use_no_semi.o(.text)
    __use_no_semihosting_swi                 0x08000691   Thumb Code     2  use_no_semi.o(.text)
    __aeabi_uldivmod                         0x08000693   Thumb Code     0  lludivv7m.o(.text)
    _ll_udiv                                 0x08000693   Thumb Code   238  lludivv7m.o(.text)
    _printf_int_common                       0x08000781   Thumb Code   178  _printf_intcommon.o(.text)
    _printf_char_common                      0x0800083f   Thumb Code    32  _printf_char_common.o(.text)
    _printf_cs_common                        0x08000865   Thumb Code    20  _printf_char.o(.text)
    _printf_char                             0x08000879   Thumb Code    16  _printf_char.o(.text)
    _printf_string                           0x08000889   Thumb Code     8  _printf_char.o(.text)
    _printf_char_file                        0x08000891   Thumb Code    32  _printf_char_file.o(.text)
    __aeabi_memcpy4                          0x080008b5   Thumb Code     0  rt_memcpy_w.o(.text)
    __aeabi_memcpy8                          0x080008b5   Thumb Code     0  rt_memcpy_w.o(.text)
    __rt_memcpy_w                            0x080008b5   Thumb Code   100  rt_memcpy_w.o(.text)
    _memcpy_lastbytes_aligned                0x080008fd   Thumb Code     0  rt_memcpy_w.o(.text)
    __aeabi_memclr                           0x08000919   Thumb Code     0  rt_memclr.o(.text)
    __rt_memclr                              0x08000919   Thumb Code    68  rt_memclr.o(.text)
    _memset                                  0x0800091d   Thumb Code     0  rt_memclr.o(.text)
    ferror                                   0x0800095d   Thumb Code     8  ferror.o(.text)
    __aeabi_memclr4                          0x08000965   Thumb Code     0  rt_memclr_w.o(.text)
    __aeabi_memclr8                          0x08000965   Thumb Code     0  rt_memclr_w.o(.text)
    __rt_memclr_w                            0x08000965   Thumb Code    78  rt_memclr_w.o(.text)
    _memset_w                                0x08000969   Thumb Code     0  rt_memclr_w.o(.text)
    __user_libspace                          0x080009b5   Thumb Code     8  libspace.o(.text)
    __user_perproc_libspace                  0x080009b5   Thumb Code     0  libspace.o(.text)
    __user_perthread_libspace                0x080009b5   Thumb Code     0  libspace.o(.text)
    __user_setup_stackheap                   0x080009bd   Thumb Code    74  sys_stackheap_outer.o(.text)
    exit                                     0x08000a07   Thumb Code    18  exit.o(.text)
    BEEP_Init                                0x08000a19   Thumb Code    60  beep.o(i.BEEP_Init)
    BusFault_Handler                         0x08000a59   Thumb Code     4  stm32f4xx_it.o(i.BusFault_Handler)
    DebugMon_Handler                         0x08000a5d   Thumb Code     2  stm32f4xx_it.o(i.DebugMon_Handler)
    EXTI4_IRQHandler                         0x08000a61   Thumb Code    38  exti.o(i.EXTI4_IRQHandler)
    EXTIX_Init                               0x08000a91   Thumb Code    82  exti.o(i.EXTIX_Init)
    EXTI_ClearITPendingBit                   0x08000ae5   Thumb Code     6  stm32f4xx_exti.o(i.EXTI_ClearITPendingBit)
    EXTI_GetITStatus                         0x08000af1   Thumb Code    20  stm32f4xx_exti.o(i.EXTI_GetITStatus)
    EXTI_Init                                0x08000b09   Thumb Code   142  stm32f4xx_exti.o(i.EXTI_Init)
    GPIO_Init                                0x08000b9d   Thumb Code   144  stm32f4xx_gpio.o(i.GPIO_Init)
    GPIO_PinAFConfig                         0x08000c2d   Thumb Code    70  stm32f4xx_gpio.o(i.GPIO_PinAFConfig)
    GPIO_ReadInputDataBit                    0x08000c73   Thumb Code    18  stm32f4xx_gpio.o(i.GPIO_ReadInputDataBit)
    GPIO_ResetBits                           0x08000c85   Thumb Code     4  stm32f4xx_gpio.o(i.GPIO_ResetBits)
    GPIO_SetBits                             0x08000c89   Thumb Code     4  stm32f4xx_gpio.o(i.GPIO_SetBits)
    Grayscale_Init                           0x08000c8d   Thumb Code    16  grayscale.o(i.Grayscale_Init)
    HDIO_Init                                0x08000c9d   Thumb Code   174  grayscale.o(i.HDIO_Init)
    HardFault_Handler                        0x08000d5d   Thumb Code     4  stm32f4xx_it.o(i.HardFault_Handler)
    IIC2_Ack                                 0x08000d61   Thumb Code    66  iic2.o(i.IIC2_Ack)
    IIC2_Init                                0x08000db1   Thumb Code    62  iic2.o(i.IIC2_Init)
    IIC2_NAck                                0x08000dfd   Thumb Code    66  iic2.o(i.IIC2_NAck)
    IIC2_Read_Byte                           0x08000e4d   Thumb Code    94  iic2.o(i.IIC2_Read_Byte)
    IIC2_Send_Byte                           0x08000eb9   Thumb Code    90  iic2.o(i.IIC2_Send_Byte)
    IIC2_Start                               0x08000f21   Thumb Code    64  iic2.o(i.IIC2_Start)
    IIC2_Stop                                0x08000f6d   Thumb Code    62  iic2.o(i.IIC2_Stop)
    IIC2_Wait_Ack                            0x08000fb9   Thumb Code    82  iic2.o(i.IIC2_Wait_Ack)
    IIC3_Ack                                 0x08001019   Thumb Code    66  iic3.o(i.IIC3_Ack)
    IIC3_Init                                0x0800106d   Thumb Code   128  iic3.o(i.IIC3_Init)
    IIC3_NAck                                0x080010fd   Thumb Code    66  iic3.o(i.IIC3_NAck)
    IIC3_Read_Byte                           0x08001151   Thumb Code    92  iic3.o(i.IIC3_Read_Byte)
    IIC3_Send_Byte                           0x080011bd   Thumb Code    88  iic3.o(i.IIC3_Send_Byte)
    IIC3_Start                               0x08001225   Thumb Code    64  iic3.o(i.IIC3_Start)
    IIC3_Stop                                0x08001271   Thumb Code    62  iic3.o(i.IIC3_Stop)
    IIC3_Wait_Ack                            0x080012bd   Thumb Code    80  iic3.o(i.IIC3_Wait_Ack)
    Init                                     0x0800131d   Thumb Code   138  main.o(i.Init)
    KEY_Init                                 0x080013ad   Thumb Code    74  key.o(i.KEY_Init)
    LED_Init                                 0x08001401   Thumb Code    56  led.o(i.LED_Init)
    MOTOR_Init                               0x0800143d   Thumb Code    48  tb6612.o(i.MOTOR_Init)
    MPU_Init                                 0x08001471   Thumb Code   122  mpu6050.o(i.MPU_Init)
    MPU_Read_Byte                            0x080014eb   Thumb Code    58  mpu6050.o(i.MPU_Read_Byte)
    MPU_Read_Len                             0x08001525   Thumb Code   116  mpu6050.o(i.MPU_Read_Len)
    MPU_Set_Accel_Fsr                        0x08001599   Thumb Code    16  mpu6050.o(i.MPU_Set_Accel_Fsr)
    MPU_Set_Gyro_Fsr                         0x080015a9   Thumb Code    16  mpu6050.o(i.MPU_Set_Gyro_Fsr)
    MPU_Set_LPF                              0x080015b9   Thumb Code    58  mpu6050.o(i.MPU_Set_LPF)
    MPU_Set_Rate                             0x080015f3   Thumb Code    58  mpu6050.o(i.MPU_Set_Rate)
    MPU_Write_Byte                           0x0800162d   Thumb Code    68  mpu6050.o(i.MPU_Write_Byte)
    MPU_Write_Len                            0x08001671   Thumb Code    96  mpu6050.o(i.MPU_Write_Len)
    MY_NVIC_SetVectorTable                   0x080016d1   Thumb Code    12  sys.o(i.MY_NVIC_SetVectorTable)
    MemManage_Handler                        0x080016e1   Thumb Code     4  stm32f4xx_it.o(i.MemManage_Handler)
    NMI_Handler                              0x080016e5   Thumb Code     2  stm32f4xx_it.o(i.NMI_Handler)
    NVIC_Init                                0x080016e9   Thumb Code   106  misc.o(i.NVIC_Init)
    NVIC_PriorityGroupConfig                 0x08001761   Thumb Code    10  misc.o(i.NVIC_PriorityGroupConfig)
    OLED_Clear                               0x08001775   Thumb Code    42  oled.o(i.OLED_Clear)
    OLED_Init                                0x080017a5   Thumb Code   298  oled.o(i.OLED_Init)
    OLED_Refresh                             0x080018d5   Thumb Code    70  oled.o(i.OLED_Refresh)
    OLED_WR_Byte                             0x08001921   Thumb Code   108  oled.o(i.OLED_WR_Byte)
    PCA9685_read                             0x08001995   Thumb Code    58  pca9685.o(i.PCA9685_read)
    PCA9685_write                            0x080019cf   Thumb Code    46  pca9685.o(i.PCA9685_write)
    RCC_AHB1PeriphClockCmd                   0x080019fd   Thumb Code    26  stm32f4xx_rcc.o(i.RCC_AHB1PeriphClockCmd)
    RCC_APB1PeriphClockCmd                   0x08001a1d   Thumb Code    26  stm32f4xx_rcc.o(i.RCC_APB1PeriphClockCmd)
    RCC_APB2PeriphClockCmd                   0x08001a3d   Thumb Code    26  stm32f4xx_rcc.o(i.RCC_APB2PeriphClockCmd)
    RCC_GetClocksFreq                        0x08001a5d   Thumb Code   214  stm32f4xx_rcc.o(i.RCC_GetClocksFreq)
    SDA_Pin_IN                               0x08001b45   Thumb Code    20  iic1.o(i.SDA_Pin_IN)
    SDA_Pin_Output                           0x08001b5d   Thumb Code    24  iic1.o(i.SDA_Pin_Output)
    SYSCFG_EXTILineConfig                    0x08001b79   Thumb Code    60  stm32f4xx_syscfg.o(i.SYSCFG_EXTILineConfig)
    Stm32_Clock_Init                         0x08001ca5   Thumb Code    90  sys.o(i.Stm32_Clock_Init)
    SysTick_CLKSourceConfig                  0x08001d0d   Thumb Code    40  misc.o(i.SysTick_CLKSourceConfig)
    SysTick_Handler                          0x08001d35   Thumb Code    16  delay.o(i.SysTick_Handler)
    Sys_Clock_Set                            0x08001d45   Thumb Code   254  sys.o(i.Sys_Clock_Set)
    SystemInit                               0x08001e51   Thumb Code    88  system_stm32f4xx.o(i.SystemInit)
    TB6612_Init                              0x08001eb9   Thumb Code   228  tb6612.o(i.TB6612_Init)
    TCS34725_GPIO_Init                       0x08001fa5   Thumb Code   104  iic1.o(i.TCS34725_GPIO_Init)
    TCS34725_IIC_ACK                         0x08002011   Thumb Code    36  iic1.o(i.TCS34725_IIC_ACK)
    TCS34725_IIC_Delay                       0x08002039   Thumb Code    10  iic1.o(i.TCS34725_IIC_Delay)
    TCS34725_IIC_Get_ack                     0x08002045   Thumb Code    74  iic1.o(i.TCS34725_IIC_Get_ack)
    TCS34725_IIC_NACK                        0x08002095   Thumb Code    32  iic1.o(i.TCS34725_IIC_NACK)
    TCS34725_IIC_read_byte                   0x080020b9   Thumb Code    90  iic1.o(i.TCS34725_IIC_read_byte)
    TCS34725_IIC_start                       0x08002119   Thumb Code    44  iic1.o(i.TCS34725_IIC_start)
    TCS34725_IIC_stop                        0x08002149   Thumb Code    44  iic1.o(i.TCS34725_IIC_stop)
    TCS34725_IIC_write_byte                  0x08002179   Thumb Code    80  iic1.o(i.TCS34725_IIC_write_byte)
    TCS34725_Init                            0x080021cd   Thumb Code    64  tcs34725.o(i.TCS34725_Init)
    TCS34725_ReadWord                        0x0800220d   Thumb Code    88  tcs34725.o(i.TCS34725_ReadWord)
    TCS34725_WriteByte                       0x08002265   Thumb Code    46  tcs34725.o(i.TCS34725_WriteByte)
    TIM3_IRQHandler                          0x08002295   Thumb Code    38  time_go.o(i.TIM3_IRQHandler)
    TIM_ARRPreloadConfig                     0x080022c9   Thumb Code    24  stm32f4xx_tim.o(i.TIM_ARRPreloadConfig)
    TIM_ClearITPendingBit                    0x080022e1   Thumb Code     6  stm32f4xx_tim.o(i.TIM_ClearITPendingBit)
    TIM_Cmd                                  0x080022e7   Thumb Code    24  stm32f4xx_tim.o(i.TIM_Cmd)
    TIM_GetITStatus                          0x080022ff   Thumb Code    34  stm32f4xx_tim.o(i.TIM_GetITStatus)
    TIM_OC1Init                              0x08002321   Thumb Code   114  stm32f4xx_tim.o(i.TIM_OC1Init)
    TIM_OC1PreloadConfig                     0x0800239d   Thumb Code    18  stm32f4xx_tim.o(i.TIM_OC1PreloadConfig)
    TIM_OC2Init                              0x080023b1   Thumb Code   154  stm32f4xx_tim.o(i.TIM_OC2Init)
    TIM_OC2PreloadConfig                     0x08002455   Thumb Code    26  stm32f4xx_tim.o(i.TIM_OC2PreloadConfig)
    TIM_OC3Init                              0x08002471   Thumb Code   150  stm32f4xx_tim.o(i.TIM_OC3Init)
    TIM_OC3PreloadConfig                     0x08002511   Thumb Code    18  stm32f4xx_tim.o(i.TIM_OC3PreloadConfig)
    TIM_OC4Init                              0x08002525   Thumb Code   112  stm32f4xx_tim.o(i.TIM_OC4Init)
    TIM_OC4PreloadConfig                     0x0800259d   Thumb Code    26  stm32f4xx_tim.o(i.TIM_OC4PreloadConfig)
    TIM_SetCompare1                          0x080025b7   Thumb Code     4  stm32f4xx_tim.o(i.TIM_SetCompare1)
    TIM_SetCompare2                          0x080025bb   Thumb Code     4  stm32f4xx_tim.o(i.TIM_SetCompare2)
    TIM_SetCompare3                          0x080025bf   Thumb Code     4  stm32f4xx_tim.o(i.TIM_SetCompare3)
    TIM_SetCompare4                          0x080025c3   Thumb Code     4  stm32f4xx_tim.o(i.TIM_SetCompare4)
    TIM_TimeBaseInit                         0x080025c9   Thumb Code   104  stm32f4xx_tim.o(i.TIM_TimeBaseInit)
    USART1_IRQHandler                        0x0800264d   Thumb Code   122  usart1.o(i.USART1_IRQHandler)
    USART6_IRQHandler                        0x080026d5   Thumb Code   202  usart6.o(i.USART6_IRQHandler)
    USART_Cmd                                0x080027c1   Thumb Code    24  stm32f4xx_usart.o(i.USART_Cmd)
    USART_GetITStatus                        0x080027d9   Thumb Code    84  stm32f4xx_usart.o(i.USART_GetITStatus)
    USART_ITConfig                           0x0800282d   Thumb Code    74  stm32f4xx_usart.o(i.USART_ITConfig)
    USART_Init                               0x08002879   Thumb Code   204  stm32f4xx_usart.o(i.USART_Init)
    USART_ReceiveData                        0x0800294d   Thumb Code    10  stm32f4xx_usart.o(i.USART_ReceiveData)
    Uart4_Init                               0x08002959   Thumb Code   200  uart4.o(i.Uart4_Init)
    Uart5_Init                               0x08002a29   Thumb Code   206  uart5.o(i.Uart5_Init)
    UsageFault_Handler                       0x08002b05   Thumb Code     4  stm32f4xx_it.o(i.UsageFault_Handler)
    Usart1_Init                              0x08002b09   Thumb Code   164  usart1.o(i.Usart1_Init)
    Usart6NVICInit                           0x08002bb5   Thumb Code    32  usart6.o(i.Usart6NVICInit)
    Usart6_Init                              0x08002bd5   Thumb Code   140  usart6.o(i.Usart6_Init)
    __hardfp_floor                           0x08002c69   Thumb Code   252  floor.o(i.__hardfp_floor)
    _is_digit                                0x08002d81   Thumb Code    14  __printf_wp.o(i._is_digit)
    _sys_exit                                0x08002d8f   Thumb Code     4  usart1.o(i._sys_exit)
    delay_init                               0x08002e55   Thumb Code    58  delay.o(i.delay_init)
    delay_ms                                 0x08002e99   Thumb Code    60  delay.o(i.delay_ms)
    delay_us                                 0x08002ed9   Thumb Code    68  delay.o(i.delay_us)
    delay_xms                                0x08002f21   Thumb Code    24  delay.o(i.delay_xms)
    dmp_enable_6x_lp_quat                    0x08002f39   Thumb Code    60  inv_mpu_dmp_motion_driver.o(i.dmp_enable_6x_lp_quat)
    dmp_enable_feature                       0x08002f75   Thumb Code   530  inv_mpu_dmp_motion_driver.o(i.dmp_enable_feature)
    dmp_enable_gyro_cal                      0x08003191   Thumb Code    62  inv_mpu_dmp_motion_driver.o(i.dmp_enable_gyro_cal)
    dmp_enable_lp_quat                       0x080031e9   Thumb Code    60  inv_mpu_dmp_motion_driver.o(i.dmp_enable_lp_quat)
    dmp_load_motion_driver_firmware          0x08003225   Thumb Code    20  inv_mpu_dmp_motion_driver.o(i.dmp_load_motion_driver_firmware)
    dmp_set_accel_bias                       0x0800323d   Thumb Code   300  inv_mpu_dmp_motion_driver.o(i.dmp_set_accel_bias)
    dmp_set_fifo_rate                        0x0800336d   Thumb Code    96  inv_mpu_dmp_motion_driver.o(i.dmp_set_fifo_rate)
    dmp_set_gyro_bias                        0x080033dd   Thumb Code   294  inv_mpu_dmp_motion_driver.o(i.dmp_set_gyro_bias)
    dmp_set_orientation                      0x0800350d   Thumb Code   290  inv_mpu_dmp_motion_driver.o(i.dmp_set_orientation)
    dmp_set_shake_reject_thresh              0x08003645   Thumb Code    56  inv_mpu_dmp_motion_driver.o(i.dmp_set_shake_reject_thresh)
    dmp_set_shake_reject_time                0x0800367d   Thumb Code    38  inv_mpu_dmp_motion_driver.o(i.dmp_set_shake_reject_time)
    dmp_set_shake_reject_timeout             0x080036a3   Thumb Code    38  inv_mpu_dmp_motion_driver.o(i.dmp_set_shake_reject_timeout)
    dmp_set_tap_axes                         0x080036c9   Thumb Code    70  inv_mpu_dmp_motion_driver.o(i.dmp_set_tap_axes)
    dmp_set_tap_count                        0x0800370f   Thumb Code    38  inv_mpu_dmp_motion_driver.o(i.dmp_set_tap_count)
    dmp_set_tap_thresh                       0x08003735   Thumb Code   412  inv_mpu_dmp_motion_driver.o(i.dmp_set_tap_thresh)
    dmp_set_tap_time                         0x080038f5   Thumb Code    38  inv_mpu_dmp_motion_driver.o(i.dmp_set_tap_time)
    dmp_set_tap_time_multi                   0x0800391b   Thumb Code    38  inv_mpu_dmp_motion_driver.o(i.dmp_set_tap_time_multi)
    eight_gray1                              0x08003941   Thumb Code    48  grayscale.o(i.eight_gray1)
    eight_gray2                              0x08003975   Thumb Code    90  grayscale.o(i.eight_gray2)
    fputc                                    0x080039d9   Thumb Code    24  uart4.o(i.fputc)
    integrationTime                          0x08004051   Thumb Code   100  tcs34725.o(i.integrationTime)
    inv_orientation_matrix_to_scalar         0x080040c1   Thumb Code    40  inv_mpu.o(i.inv_orientation_matrix_to_scalar)
    inv_row_2_scale                          0x080040e9   Thumb Code    78  inv_mpu.o(i.inv_row_2_scale)
    main                                     0x08004137   Thumb Code    10  main.o(i.main)
    motor_mode                               0x08004141   Thumb Code   232  tb6612.o(i.motor_mode)
    mpu_configure_fifo                       0x08004259   Thumb Code   106  inv_mpu.o(i.mpu_configure_fifo)
    mpu_dmp_init                             0x080042c9   Thumb Code   150  inv_mpu.o(i.mpu_dmp_init)
    mpu_get_accel_fsr                        0x08004365   Thumb Code    72  inv_mpu.o(i.mpu_get_accel_fsr)
    mpu_get_accel_sens                       0x080043b1   Thumb Code    78  inv_mpu.o(i.mpu_get_accel_sens)
    mpu_get_fifo_config                      0x08004405   Thumb Code    12  inv_mpu.o(i.mpu_get_fifo_config)
    mpu_get_gyro_fsr                         0x08004415   Thumb Code    64  inv_mpu.o(i.mpu_get_gyro_fsr)
    mpu_get_gyro_sens                        0x08004459   Thumb Code    74  inv_mpu.o(i.mpu_get_gyro_sens)
    mpu_get_lpf                              0x080044b9   Thumb Code    74  inv_mpu.o(i.mpu_get_lpf)
    mpu_get_sample_rate                      0x08004509   Thumb Code    26  inv_mpu.o(i.mpu_get_sample_rate)
    mpu_init                                 0x08004529   Thumb Code   416  inv_mpu.o(i.mpu_init)
    mpu_load_firmware                        0x08004719   Thumb Code   180  inv_mpu.o(i.mpu_load_firmware)
    mpu_lp_accel_mode                        0x080047d1   Thumb Code   218  inv_mpu.o(i.mpu_lp_accel_mode)
    mpu_read_mem                             0x080048b1   Thumb Code   122  inv_mpu.o(i.mpu_read_mem)
    mpu_reset_fifo                           0x08004931   Thumb Code   450  inv_mpu.o(i.mpu_reset_fifo)
    mpu_run_self_test                        0x08004af9   Thumb Code   278  inv_mpu.o(i.mpu_run_self_test)
    mpu_set_accel_fsr                        0x08004c15   Thumb Code   126  inv_mpu.o(i.mpu_set_accel_fsr)
    mpu_set_bypass                           0x08004c99   Thumb Code   328  inv_mpu.o(i.mpu_set_bypass)
    mpu_set_dmp_state                        0x08004de5   Thumb Code   138  inv_mpu.o(i.mpu_set_dmp_state)
    mpu_set_gyro_fsr                         0x08004e75   Thumb Code   132  inv_mpu.o(i.mpu_set_gyro_fsr)
    mpu_set_int_latched                      0x08004efd   Thumb Code   102  inv_mpu.o(i.mpu_set_int_latched)
    mpu_set_lpf                              0x08004f69   Thumb Code   126  inv_mpu.o(i.mpu_set_lpf)
    mpu_set_sample_rate                      0x08004fed   Thumb Code   152  inv_mpu.o(i.mpu_set_sample_rate)
    mpu_set_sensors                          0x08005089   Thumb Code   202  inv_mpu.o(i.mpu_set_sensors)
    mpu_write_mem                            0x08005159   Thumb Code   122  inv_mpu.o(i.mpu_write_mem)
    run_self_test                            0x080052a5   Thumb Code   154  inv_mpu.o(i.run_self_test)
    setPWMFreq                               0x08005341   Thumb Code   172  pca9685.o(i.setPWMFreq)
    uxListRemove                             0x08005495   Thumb Code    40  list.o(i.uxListRemove)
    vListInsert                              0x080054bd   Thumb Code    52  list.o(i.vListInsert)
    vListInsertEnd                           0x080054f1   Thumb Code    24  list.o(i.vListInsertEnd)
    vPortEnterCritical                       0x08005509   Thumb Code    68  port.o(i.vPortEnterCritical)
    vPortExitCritical                        0x08005591   Thumb Code    48  port.o(i.vPortExitCritical)
    vTaskDelay                               0x08005601   Thumb Code    72  tasks.o(i.vTaskDelay)
    vTaskSuspendAll                          0x08005675   Thumb Code    12  tasks.o(i.vTaskSuspendAll)
    vTaskSwitchContext                       0x08005685   Thumb Code   110  tasks.o(i.vTaskSwitchContext)
    xPortSysTickHandler                      0x0800572d   Thumb Code    46  port.o(i.xPortSysTickHandler)
    xTaskGetSchedulerState                   0x08005761   Thumb Code    24  tasks.o(i.xTaskGetSchedulerState)
    xTaskIncrementTick                       0x08005781   Thumb Code   272  tasks.o(i.xTaskIncrementTick)
    xTaskResumeAll                           0x080058e1   Thumb Code   214  tasks.o(i.xTaskResumeAll)
    __aeabi_dadd                             0x08005a01   Thumb Code     0  daddsub_clz.o(x$fpl$dadd)
    _dadd                                    0x08005a01   Thumb Code   332  daddsub_clz.o(x$fpl$dadd)
    __fpl_dcmp_Inf                           0x08005b51   Thumb Code    24  dcmpi.o(x$fpl$dcmpinf)
    __aeabi_ddiv                             0x08005b69   Thumb Code     0  ddiv.o(x$fpl$ddiv)
    _ddiv                                    0x08005b69   Thumb Code   552  ddiv.o(x$fpl$ddiv)
    __aeabi_d2uiz                            0x08005e19   Thumb Code     0  dfixu.o(x$fpl$dfixu)
    _dfixu                                   0x08005e19   Thumb Code    90  dfixu.o(x$fpl$dfixu)
    __aeabi_i2d                              0x08005e73   Thumb Code     0  dflt_clz.o(x$fpl$dflt)
    _dflt                                    0x08005e73   Thumb Code    46  dflt_clz.o(x$fpl$dflt)
    __aeabi_cdcmple                          0x08005ea1   Thumb Code     0  dleqf.o(x$fpl$dleqf)
    _dcmple                                  0x08005ea1   Thumb Code   120  dleqf.o(x$fpl$dleqf)
    __fpl_dcmple_InfNaN                      0x08005f03   Thumb Code     0  dleqf.o(x$fpl$dleqf)
    __aeabi_dmul                             0x08005f19   Thumb Code     0  dmul.o(x$fpl$dmul)
    _dmul                                    0x08005f19   Thumb Code   332  dmul.o(x$fpl$dmul)
    __fpl_dnaninf                            0x0800606d   Thumb Code   156  dnaninf.o(x$fpl$dnaninf)
    __fpl_dretinf                            0x08006109   Thumb Code    12  dretinf.o(x$fpl$dretinf)
    __aeabi_cdrcmple                         0x08006115   Thumb Code     0  drleqf.o(x$fpl$drleqf)
    _drcmple                                 0x08006115   Thumb Code   108  drleqf.o(x$fpl$drleqf)
    __aeabi_drsub                            0x08006181   Thumb Code     0  daddsub_clz.o(x$fpl$drsb)
    _drsb                                    0x08006181   Thumb Code    22  daddsub_clz.o(x$fpl$drsb)
    __aeabi_dsub                             0x08006199   Thumb Code     0  daddsub_clz.o(x$fpl$dsub)
    _dsub                                    0x08006199   Thumb Code   464  daddsub_clz.o(x$fpl$dsub)
    _fp_init                                 0x0800636d   Thumb Code    10  fpinit.o(x$fpl$fpinit)
    __fplib_config_fpu_vfp                   0x08006375   Thumb Code     0  fpinit.o(x$fpl$fpinit)
    __fplib_config_pureend_doubles           0x08006375   Thumb Code     0  fpinit.o(x$fpl$fpinit)
    __I$use$fp                               0x08006376   Number         0  usenofp.o(x$fpl$usenofp)
    reg                                      0x08006378   Data          27  inv_mpu.o(.constdata)
    hw                                       0x08006394   Data          12  inv_mpu.o(.constdata)
    test                                     0x080063a0   Data          40  inv_mpu.o(.constdata)
    Region$$Table$$Base                      0x08007020   Number         0  anon$$obj.o(Region$$Table)
    Region$$Table$$Limit                     0x08007040   Number         0  anon$$obj.o(Region$$Table)
    INTEGRATION_CYCLES_MIN                   0x20000000   Data           4  tcs34725.o(.data)
    INTEGRATION_CYCLES_MAX                   0x20000004   Data           4  tcs34725.o(.data)
    INTEGRATION_TIME_MS_MIN                  0x20000008   Data           4  tcs34725.o(.data)
    INTEGRATION_TIME_MS_MAX                  0x2000000c   Data           4  tcs34725.o(.data)
    C_Dat                                    0x20000010   Data           8  tcs34725.o(.data)
    RGB888                                   0x20000018   Data           4  tcs34725.o(.data)
    RGB565                                   0x2000001c   Data           2  tcs34725.o(.data)
    R_Dat                                    0x2000001e   Data           1  tcs34725.o(.data)
    G_Dat                                    0x2000001f   Data           1  tcs34725.o(.data)
    B_Dat                                    0x20000020   Data           1  tcs34725.o(.data)
    rgb                                      0x20000022   Data           8  tcs34725.o(.data)
    test_val                                 0x2000002c   Data           4  time_go.o(.data)
    yaw_count                                0x20000030   Data           4  time_go.o(.data)
    __stdout                                 0x2000003c   Data           4  usart1.o(.data)
    USART_RX_STA                             0x20000040   Data           2  usart1.o(.data)
    isUartRxCompleted                        0x20000042   Data           1  usart6.o(.data)
    pxCurrentTCB                             0x20000058   Data           4  tasks.o(.data)
    pitch                                    0x200000cc   Data           4  inv_mpu.o(.data)
    roll                                     0x200000d0   Data           4  inv_mpu.o(.data)
    yaw                                      0x200000d4   Data           4  inv_mpu.o(.data)
    LobotRxBuf                               0x200000e4   Data          16  lobotserialservo.o(.bss)
    OLED_GRAM                                0x200000f4   Data        1152  oled.o(.bss)
    USART_RX_BUF                             0x20000574   Data         200  usart1.o(.bss)
    UART_RX_BUF                              0x2000063c   Data          16  usart6.o(.bss)
    __libspace_start                         0x20000940   Data          96  libspace.o(.bss)
    __temporary_stack_top$libspace           0x200009a0   Data           0  libspace.o(.bss)



==============================================================================

Memory Map of the image

  Image Entry point : 0x08000189

  Load Region LR_IROM1 (Base: 0x08000000, Size: 0x00007124, Max: 0x00100000, ABSOLUTE)

    Execution Region ER_IROM1 (Exec base: 0x08000000, Load base: 0x08000000, Size: 0x00007040, Max: 0x00100000, ABSOLUTE)

    Exec Addr    Load Addr    Size         Type   Attr      Idx    E Section Name        Object

    0x08000000   0x08000000   0x00000188   Data   RO          542    RESET               startup_stm32f40_41xxx.o
    0x08000188   0x08000188   0x00000008   Code   RO         8434  * !!!main             c_w.l(__main.o)
    0x08000190   0x08000190   0x00000034   Code   RO         8763    !!!scatter          c_w.l(__scatter.o)
    0x080001c4   0x080001c4   0x0000001a   Code   RO         8765    !!handler_copy      c_w.l(__scatter_copy.o)
    0x080001de   0x080001de   0x00000002   PAD
    0x080001e0   0x080001e0   0x0000001c   Code   RO         8767    !!handler_zi        c_w.l(__scatter_zi.o)
    0x080001fc   0x080001fc   0x00000000   Code   RO         8421    .ARM.Collect$$_printf_percent$$00000000  c_w.l(_printf_percent.o)
    0x080001fc   0x080001fc   0x00000006   Code   RO         8419    .ARM.Collect$$_printf_percent$$00000009  c_w.l(_printf_d.o)
    0x08000202   0x08000202   0x00000006   Code   RO         8417    .ARM.Collect$$_printf_percent$$00000014  c_w.l(_printf_s.o)
    0x08000208   0x08000208   0x00000004   Code   RO         8515    .ARM.Collect$$_printf_percent$$00000017  c_w.l(_printf_percent_end.o)
    0x0800020c   0x0800020c   0x00000002   Code   RO         8634    .ARM.Collect$$libinit$$00000000  c_w.l(libinit.o)
    0x0800020e   0x0800020e   0x00000004   Code   RO         8643    .ARM.Collect$$libinit$$00000001  c_w.l(libinit2.o)
    0x08000212   0x08000212   0x00000000   Code   RO         8646    .ARM.Collect$$libinit$$00000004  c_w.l(libinit2.o)
    0x08000212   0x08000212   0x00000000   Code   RO         8649    .ARM.Collect$$libinit$$0000000A  c_w.l(libinit2.o)
    0x08000212   0x08000212   0x00000000   Code   RO         8651    .ARM.Collect$$libinit$$0000000C  c_w.l(libinit2.o)
    0x08000212   0x08000212   0x00000000   Code   RO         8653    .ARM.Collect$$libinit$$0000000E  c_w.l(libinit2.o)
    0x08000212   0x08000212   0x00000000   Code   RO         8656    .ARM.Collect$$libinit$$00000011  c_w.l(libinit2.o)
    0x08000212   0x08000212   0x00000000   Code   RO         8658    .ARM.Collect$$libinit$$00000013  c_w.l(libinit2.o)
    0x08000212   0x08000212   0x00000000   Code   RO         8660    .ARM.Collect$$libinit$$00000015  c_w.l(libinit2.o)
    0x08000212   0x08000212   0x00000000   Code   RO         8662    .ARM.Collect$$libinit$$00000017  c_w.l(libinit2.o)
    0x08000212   0x08000212   0x00000000   Code   RO         8664    .ARM.Collect$$libinit$$00000019  c_w.l(libinit2.o)
    0x08000212   0x08000212   0x00000000   Code   RO         8666    .ARM.Collect$$libinit$$0000001B  c_w.l(libinit2.o)
    0x08000212   0x08000212   0x00000000   Code   RO         8668    .ARM.Collect$$libinit$$0000001D  c_w.l(libinit2.o)
    0x08000212   0x08000212   0x00000000   Code   RO         8670    .ARM.Collect$$libinit$$0000001F  c_w.l(libinit2.o)
    0x08000212   0x08000212   0x00000000   Code   RO         8672    .ARM.Collect$$libinit$$00000021  c_w.l(libinit2.o)
    0x08000212   0x08000212   0x00000000   Code   RO         8674    .ARM.Collect$$libinit$$00000023  c_w.l(libinit2.o)
    0x08000212   0x08000212   0x00000000   Code   RO         8676    .ARM.Collect$$libinit$$00000025  c_w.l(libinit2.o)
    0x08000212   0x08000212   0x00000000   Code   RO         8680    .ARM.Collect$$libinit$$0000002C  c_w.l(libinit2.o)
    0x08000212   0x08000212   0x00000000   Code   RO         8682    .ARM.Collect$$libinit$$0000002E  c_w.l(libinit2.o)
    0x08000212   0x08000212   0x00000000   Code   RO         8684    .ARM.Collect$$libinit$$00000030  c_w.l(libinit2.o)
    0x08000212   0x08000212   0x00000000   Code   RO         8686    .ARM.Collect$$libinit$$00000032  c_w.l(libinit2.o)
    0x08000212   0x08000212   0x00000002   Code   RO         8687    .ARM.Collect$$libinit$$00000033  c_w.l(libinit2.o)
    0x08000214   0x08000214   0x00000002   Code   RO         8715    .ARM.Collect$$libshutdown$$00000000  c_w.l(libshutdown.o)
    0x08000216   0x08000216   0x00000000   Code   RO         8729    .ARM.Collect$$libshutdown$$00000002  c_w.l(libshutdown2.o)
    0x08000216   0x08000216   0x00000000   Code   RO         8731    .ARM.Collect$$libshutdown$$00000004  c_w.l(libshutdown2.o)
    0x08000216   0x08000216   0x00000000   Code   RO         8734    .ARM.Collect$$libshutdown$$00000007  c_w.l(libshutdown2.o)
    0x08000216   0x08000216   0x00000000   Code   RO         8737    .ARM.Collect$$libshutdown$$0000000A  c_w.l(libshutdown2.o)
    0x08000216   0x08000216   0x00000000   Code   RO         8739    .ARM.Collect$$libshutdown$$0000000C  c_w.l(libshutdown2.o)
    0x08000216   0x08000216   0x00000000   Code   RO         8742    .ARM.Collect$$libshutdown$$0000000F  c_w.l(libshutdown2.o)
    0x08000216   0x08000216   0x00000002   Code   RO         8743    .ARM.Collect$$libshutdown$$00000010  c_w.l(libshutdown2.o)
    0x08000218   0x08000218   0x00000000   Code   RO         8500    .ARM.Collect$$rtentry$$00000000  c_w.l(__rtentry.o)
    0x08000218   0x08000218   0x00000000   Code   RO         8585    .ARM.Collect$$rtentry$$00000002  c_w.l(__rtentry2.o)
    0x08000218   0x08000218   0x00000006   Code   RO         8597    .ARM.Collect$$rtentry$$00000004  c_w.l(__rtentry4.o)
    0x0800021e   0x0800021e   0x00000000   Code   RO         8587    .ARM.Collect$$rtentry$$00000009  c_w.l(__rtentry2.o)
    0x0800021e   0x0800021e   0x00000004   Code   RO         8588    .ARM.Collect$$rtentry$$0000000A  c_w.l(__rtentry2.o)
    0x08000222   0x08000222   0x00000000   Code   RO         8590    .ARM.Collect$$rtentry$$0000000C  c_w.l(__rtentry2.o)
    0x08000222   0x08000222   0x00000008   Code   RO         8591    .ARM.Collect$$rtentry$$0000000D  c_w.l(__rtentry2.o)
    0x0800022a   0x0800022a   0x00000002   Code   RO         8637    .ARM.Collect$$rtexit$$00000000  c_w.l(rtexit.o)
    0x0800022c   0x0800022c   0x00000000   Code   RO         8689    .ARM.Collect$$rtexit$$00000002  c_w.l(rtexit2.o)
    0x0800022c   0x0800022c   0x00000004   Code   RO         8690    .ARM.Collect$$rtexit$$00000003  c_w.l(rtexit2.o)
    0x08000230   0x08000230   0x00000006   Code   RO         8691    .ARM.Collect$$rtexit$$00000004  c_w.l(rtexit2.o)
    0x08000236   0x08000236   0x00000002   PAD
    0x08000238   0x08000238   0x000000b6   Code   RO         7484    .emb_text           port.o
    0x080002ee   0x080002ee   0x00000002   PAD
    0x080002f0   0x080002f0   0x00000040   Code   RO          543    .text               startup_stm32f40_41xxx.o
    0x08000330   0x08000330   0x00000002   Code   RO         8355    .text               c_w.l(use_no_semi_2.o)
    0x08000332   0x08000332   0x00000048   Code   RO         8357    .text               c_w.l(llsdiv.o)
    0x0800037a   0x0800037a   0x00000002   PAD
    0x0800037c   0x0800037c   0x00000018   Code   RO         8363    .text               c_w.l(noretval__2printf.o)
    0x08000394   0x08000394   0x00000052   Code   RO         8371    .text               c_w.l(_printf_str.o)
    0x080003e6   0x080003e6   0x00000002   PAD
    0x080003e8   0x080003e8   0x00000078   Code   RO         8373    .text               c_w.l(_printf_dec.o)
    0x08000460   0x08000460   0x00000138   Code   RO         8408    .text               c_w.l(__printf_flags_wp.o)
    0x08000598   0x08000598   0x00000058   Code   RO         8422    .text               c_w.l(memcmp.o)
    0x080005f0   0x080005f0   0x0000008a   Code   RO         8428    .text               c_w.l(rt_memcpy_v6.o)
    0x0800067a   0x0800067a   0x00000010   Code   RO         8430    .text               c_w.l(aeabi_memset.o)
    0x0800068a   0x0800068a   0x00000006   Code   RO         8432    .text               c_w.l(heapauxi.o)
    0x08000690   0x08000690   0x00000002   Code   RO         8498    .text               c_w.l(use_no_semi.o)
    0x08000692   0x08000692   0x000000ee   Code   RO         8501    .text               c_w.l(lludivv7m.o)
    0x08000780   0x08000780   0x000000b2   Code   RO         8505    .text               c_w.l(_printf_intcommon.o)
    0x08000832   0x08000832   0x00000002   PAD
    0x08000834   0x08000834   0x00000030   Code   RO         8507    .text               c_w.l(_printf_char_common.o)
    0x08000864   0x08000864   0x0000002c   Code   RO         8511    .text               c_w.l(_printf_char.o)
    0x08000890   0x08000890   0x00000024   Code   RO         8513    .text               c_w.l(_printf_char_file.o)
    0x080008b4   0x080008b4   0x00000064   Code   RO         8516    .text               c_w.l(rt_memcpy_w.o)
    0x08000918   0x08000918   0x00000044   Code   RO         8518    .text               c_w.l(rt_memclr.o)
    0x0800095c   0x0800095c   0x00000008   Code   RO         8610    .text               c_w.l(ferror.o)
    0x08000964   0x08000964   0x0000004e   Code   RO         8614    .text               c_w.l(rt_memclr_w.o)
    0x080009b2   0x080009b2   0x00000002   PAD
    0x080009b4   0x080009b4   0x00000008   Code   RO         8620    .text               c_w.l(libspace.o)
    0x080009bc   0x080009bc   0x0000004a   Code   RO         8623    .text               c_w.l(sys_stackheap_outer.o)
    0x08000a06   0x08000a06   0x00000012   Code   RO         8627    .text               c_w.l(exit.o)
    0x08000a18   0x08000a18   0x00000040   Code   RO         1036    i.BEEP_Init         beep.o
    0x08000a58   0x08000a58   0x00000004   Code   RO          272    i.BusFault_Handler  stm32f4xx_it.o
    0x08000a5c   0x08000a5c   0x00000002   Code   RO          273    i.DebugMon_Handler  stm32f4xx_it.o
    0x08000a5e   0x08000a5e   0x00000002   PAD
    0x08000a60   0x08000a60   0x00000030   Code   RO         1224    i.EXTI4_IRQHandler  exti.o
    0x08000a90   0x08000a90   0x00000052   Code   RO         1225    i.EXTIX_Init        exti.o
    0x08000ae2   0x08000ae2   0x00000002   PAD
    0x08000ae4   0x08000ae4   0x0000000c   Code   RO         3070    i.EXTI_ClearITPendingBit  stm32f4xx_exti.o
    0x08000af0   0x08000af0   0x00000018   Code   RO         3074    i.EXTI_GetITStatus  stm32f4xx_exti.o
    0x08000b08   0x08000b08   0x00000094   Code   RO         3075    i.EXTI_Init         stm32f4xx_exti.o
    0x08000b9c   0x08000b9c   0x00000090   Code   RO         3546    i.GPIO_Init         stm32f4xx_gpio.o
    0x08000c2c   0x08000c2c   0x00000046   Code   RO         3547    i.GPIO_PinAFConfig  stm32f4xx_gpio.o
    0x08000c72   0x08000c72   0x00000012   Code   RO         3550    i.GPIO_ReadInputDataBit  stm32f4xx_gpio.o
    0x08000c84   0x08000c84   0x00000004   Code   RO         3553    i.GPIO_ResetBits    stm32f4xx_gpio.o
    0x08000c88   0x08000c88   0x00000004   Code   RO         3554    i.GPIO_SetBits      stm32f4xx_gpio.o
    0x08000c8c   0x08000c8c   0x00000010   Code   RO          917    i.Grayscale_Init    grayscale.o
    0x08000c9c   0x08000c9c   0x000000c0   Code   RO          918    i.HDIO_Init         grayscale.o
    0x08000d5c   0x08000d5c   0x00000004   Code   RO          274    i.HardFault_Handler  stm32f4xx_it.o
    0x08000d60   0x08000d60   0x00000050   Code   RO         7626    i.IIC2_Ack          iic2.o
    0x08000db0   0x08000db0   0x0000004c   Code   RO         7627    i.IIC2_Init         iic2.o
    0x08000dfc   0x08000dfc   0x00000050   Code   RO         7628    i.IIC2_NAck         iic2.o
    0x08000e4c   0x08000e4c   0x0000006c   Code   RO         7629    i.IIC2_Read_Byte    iic2.o
    0x08000eb8   0x08000eb8   0x00000068   Code   RO         7630    i.IIC2_Send_Byte    iic2.o
    0x08000f20   0x08000f20   0x0000004c   Code   RO         7631    i.IIC2_Start        iic2.o
    0x08000f6c   0x08000f6c   0x0000004c   Code   RO         7632    i.IIC2_Stop         iic2.o
    0x08000fb8   0x08000fb8   0x00000060   Code   RO         7633    i.IIC2_Wait_Ack     iic2.o
    0x08001018   0x08001018   0x00000054   Code   RO          763    i.IIC3_Ack          iic3.o
    0x0800106c   0x0800106c   0x00000090   Code   RO          764    i.IIC3_Init         iic3.o
    0x080010fc   0x080010fc   0x00000054   Code   RO          765    i.IIC3_NAck         iic3.o
    0x08001150   0x08001150   0x0000006c   Code   RO          766    i.IIC3_Read_Byte    iic3.o
    0x080011bc   0x080011bc   0x00000068   Code   RO          767    i.IIC3_Send_Byte    iic3.o
    0x08001224   0x08001224   0x0000004c   Code   RO          768    i.IIC3_Start        iic3.o
    0x08001270   0x08001270   0x0000004c   Code   RO          769    i.IIC3_Stop         iic3.o
    0x080012bc   0x080012bc   0x00000060   Code   RO          770    i.IIC3_Wait_Ack     iic3.o
    0x0800131c   0x0800131c   0x00000090   Code   RO            3    i.Init              main.o
    0x080013ac   0x080013ac   0x00000054   Code   RO         1009    i.KEY_Init          key.o
    0x08001400   0x08001400   0x0000003c   Code   RO          549    i.LED_Init          led.o
    0x0800143c   0x0800143c   0x00000034   Code   RO          581    i.MOTOR_Init        tb6612.o
    0x08001470   0x08001470   0x0000007a   Code   RO         8230    i.MPU_Init          mpu6050.o
    0x080014ea   0x080014ea   0x0000003a   Code   RO         8231    i.MPU_Read_Byte     mpu6050.o
    0x08001524   0x08001524   0x00000074   Code   RO         8232    i.MPU_Read_Len      mpu6050.o
    0x08001598   0x08001598   0x00000010   Code   RO         8233    i.MPU_Set_Accel_Fsr  mpu6050.o
    0x080015a8   0x080015a8   0x00000010   Code   RO         8234    i.MPU_Set_Gyro_Fsr  mpu6050.o
    0x080015b8   0x080015b8   0x0000003a   Code   RO         8235    i.MPU_Set_LPF       mpu6050.o
    0x080015f2   0x080015f2   0x0000003a   Code   RO         8236    i.MPU_Set_Rate      mpu6050.o
    0x0800162c   0x0800162c   0x00000044   Code   RO         8237    i.MPU_Write_Byte    mpu6050.o
    0x08001670   0x08001670   0x00000060   Code   RO         8238    i.MPU_Write_Len     mpu6050.o
    0x080016d0   0x080016d0   0x00000010   Code   RO         1586    i.MY_NVIC_SetVectorTable  sys.o
    0x080016e0   0x080016e0   0x00000004   Code   RO          275    i.MemManage_Handler  stm32f4xx_it.o
    0x080016e4   0x080016e4   0x00000002   Code   RO          276    i.NMI_Handler       stm32f4xx_it.o
    0x080016e6   0x080016e6   0x00000002   PAD
    0x080016e8   0x080016e8   0x00000078   Code   RO         1823    i.NVIC_Init         misc.o
    0x08001760   0x08001760   0x00000014   Code   RO         1824    i.NVIC_PriorityGroupConfig  misc.o
    0x08001774   0x08001774   0x00000030   Code   RO         1083    i.OLED_Clear        oled.o
    0x080017a4   0x080017a4   0x00000130   Code   RO         1091    i.OLED_Init         oled.o
    0x080018d4   0x080018d4   0x0000004c   Code   RO         1093    i.OLED_Refresh      oled.o
    0x08001920   0x08001920   0x00000074   Code   RO         1100    i.OLED_WR_Byte      oled.o
    0x08001994   0x08001994   0x0000003a   Code   RO          825    i.PCA9685_read      pca9685.o
    0x080019ce   0x080019ce   0x0000002e   Code   RO          826    i.PCA9685_write     pca9685.o
    0x080019fc   0x080019fc   0x00000020   Code   RO         4410    i.RCC_AHB1PeriphClockCmd  stm32f4xx_rcc.o
    0x08001a1c   0x08001a1c   0x00000020   Code   RO         4419    i.RCC_APB1PeriphClockCmd  stm32f4xx_rcc.o
    0x08001a3c   0x08001a3c   0x00000020   Code   RO         4422    i.RCC_APB2PeriphClockCmd  stm32f4xx_rcc.o
    0x08001a5c   0x08001a5c   0x000000e8   Code   RO         4431    i.RCC_GetClocksFreq  stm32f4xx_rcc.o
    0x08001b44   0x08001b44   0x00000018   Code   RO         1328    i.SDA_Pin_IN        iic1.o
    0x08001b5c   0x08001b5c   0x0000001c   Code   RO         1329    i.SDA_Pin_Output    iic1.o
    0x08001b78   0x08001b78   0x00000040   Code   RO         5688    i.SYSCFG_EXTILineConfig  stm32f4xx_syscfg.o
    0x08001bb8   0x08001bb8   0x000000ec   Code   RO          351    i.SetSysClock       system_stm32f4xx.o
    0x08001ca4   0x08001ca4   0x00000068   Code   RO         1587    i.Stm32_Clock_Init  sys.o
    0x08001d0c   0x08001d0c   0x00000028   Code   RO         1827    i.SysTick_CLKSourceConfig  misc.o
    0x08001d34   0x08001d34   0x00000010   Code   RO         1522    i.SysTick_Handler   delay.o
    0x08001d44   0x08001d44   0x0000010c   Code   RO         1588    i.Sys_Clock_Set     sys.o
    0x08001e50   0x08001e50   0x00000068   Code   RO          353    i.SystemInit        system_stm32f4xx.o
    0x08001eb8   0x08001eb8   0x000000ec   Code   RO          585    i.TB6612_Init       tb6612.o
    0x08001fa4   0x08001fa4   0x0000006c   Code   RO         1330    i.TCS34725_GPIO_Init  iic1.o
    0x08002010   0x08002010   0x00000028   Code   RO         1331    i.TCS34725_IIC_ACK  iic1.o
    0x08002038   0x08002038   0x0000000a   Code   RO         1332    i.TCS34725_IIC_Delay  iic1.o
    0x08002042   0x08002042   0x00000002   PAD
    0x08002044   0x08002044   0x00000050   Code   RO         1333    i.TCS34725_IIC_Get_ack  iic1.o
    0x08002094   0x08002094   0x00000024   Code   RO         1335    i.TCS34725_IIC_NACK  iic1.o
    0x080020b8   0x080020b8   0x00000060   Code   RO         1336    i.TCS34725_IIC_read_byte  iic1.o
    0x08002118   0x08002118   0x00000030   Code   RO         1337    i.TCS34725_IIC_start  iic1.o
    0x08002148   0x08002148   0x00000030   Code   RO         1338    i.TCS34725_IIC_stop  iic1.o
    0x08002178   0x08002178   0x00000054   Code   RO         1339    i.TCS34725_IIC_write_byte  iic1.o
    0x080021cc   0x080021cc   0x00000040   Code   RO         1264    i.TCS34725_Init     tcs34725.o
    0x0800220c   0x0800220c   0x00000058   Code   RO         1265    i.TCS34725_ReadWord  tcs34725.o
    0x08002264   0x08002264   0x0000002e   Code   RO         1266    i.TCS34725_WriteByte  tcs34725.o
    0x08002292   0x08002292   0x00000002   PAD
    0x08002294   0x08002294   0x00000034   Code   RO         1442    i.TIM3_IRQHandler   time_go.o
    0x080022c8   0x080022c8   0x00000018   Code   RO         5745    i.TIM_ARRPreloadConfig  stm32f4xx_tim.o
    0x080022e0   0x080022e0   0x00000006   Code   RO         5752    i.TIM_ClearITPendingBit  stm32f4xx_tim.o
    0x080022e6   0x080022e6   0x00000018   Code   RO         5757    i.TIM_Cmd           stm32f4xx_tim.o
    0x080022fe   0x080022fe   0x00000022   Code   RO         5778    i.TIM_GetITStatus   stm32f4xx_tim.o
    0x08002320   0x08002320   0x0000007c   Code   RO         5786    i.TIM_OC1Init       stm32f4xx_tim.o
    0x0800239c   0x0800239c   0x00000012   Code   RO         5789    i.TIM_OC1PreloadConfig  stm32f4xx_tim.o
    0x080023ae   0x080023ae   0x00000002   PAD
    0x080023b0   0x080023b0   0x000000a4   Code   RO         5791    i.TIM_OC2Init       stm32f4xx_tim.o
    0x08002454   0x08002454   0x0000001a   Code   RO         5794    i.TIM_OC2PreloadConfig  stm32f4xx_tim.o
    0x0800246e   0x0800246e   0x00000002   PAD
    0x08002470   0x08002470   0x000000a0   Code   RO         5796    i.TIM_OC3Init       stm32f4xx_tim.o
    0x08002510   0x08002510   0x00000012   Code   RO         5799    i.TIM_OC3PreloadConfig  stm32f4xx_tim.o
    0x08002522   0x08002522   0x00000002   PAD
    0x08002524   0x08002524   0x00000078   Code   RO         5801    i.TIM_OC4Init       stm32f4xx_tim.o
    0x0800259c   0x0800259c   0x0000001a   Code   RO         5803    i.TIM_OC4PreloadConfig  stm32f4xx_tim.o
    0x080025b6   0x080025b6   0x00000004   Code   RO         5819    i.TIM_SetCompare1   stm32f4xx_tim.o
    0x080025ba   0x080025ba   0x00000004   Code   RO         5820    i.TIM_SetCompare2   stm32f4xx_tim.o
    0x080025be   0x080025be   0x00000004   Code   RO         5821    i.TIM_SetCompare3   stm32f4xx_tim.o
    0x080025c2   0x080025c2   0x00000004   Code   RO         5822    i.TIM_SetCompare4   stm32f4xx_tim.o
    0x080025c6   0x080025c6   0x00000002   PAD
    0x080025c8   0x080025c8   0x00000084   Code   RO         5829    i.TIM_TimeBaseInit  stm32f4xx_tim.o
    0x0800264c   0x0800264c   0x00000088   Code   RO         1658    i.USART1_IRQHandler  usart1.o
    0x080026d4   0x080026d4   0x000000ec   Code   RO         1701    i.USART6_IRQHandler  usart6.o
    0x080027c0   0x080027c0   0x00000018   Code   RO         6307    i.USART_Cmd         stm32f4xx_usart.o
    0x080027d8   0x080027d8   0x00000054   Code   RO         6311    i.USART_GetITStatus  stm32f4xx_usart.o
    0x0800282c   0x0800282c   0x0000004a   Code   RO         6313    i.USART_ITConfig    stm32f4xx_usart.o
    0x08002876   0x08002876   0x00000002   PAD
    0x08002878   0x08002878   0x000000d4   Code   RO         6314    i.USART_Init        stm32f4xx_usart.o
    0x0800294c   0x0800294c   0x0000000a   Code   RO         6321    i.USART_ReceiveData  stm32f4xx_usart.o
    0x08002956   0x08002956   0x00000002   PAD
    0x08002958   0x08002958   0x000000d0   Code   RO         1773    i.Uart4_Init        uart4.o
    0x08002a28   0x08002a28   0x000000dc   Code   RO         1753    i.Uart5_Init        uart5.o
    0x08002b04   0x08002b04   0x00000004   Code   RO          277    i.UsageFault_Handler  stm32f4xx_it.o
    0x08002b08   0x08002b08   0x000000ac   Code   RO         1659    i.Usart1_Init       usart1.o
    0x08002bb4   0x08002bb4   0x00000020   Code   RO         1702    i.Usart6NVICInit    usart6.o
    0x08002bd4   0x08002bd4   0x00000094   Code   RO         1704    i.Usart6_Init       usart6.o
    0x08002c68   0x08002c68   0x00000118   Code   RO         8492    i.__hardfp_floor    m_wm.l(floor.o)
    0x08002d80   0x08002d80   0x0000000e   Code   RO         8406    i._is_digit         c_w.l(__printf_wp.o)
    0x08002d8e   0x08002d8e   0x00000004   Code   RO         1660    i._sys_exit         usart1.o
    0x08002d92   0x08002d92   0x00000002   PAD
    0x08002d94   0x08002d94   0x000000c0   Code   RO         7688    i.accel_self_test   inv_mpu.o
    0x08002e54   0x08002e54   0x00000044   Code   RO         1523    i.delay_init        delay.o
    0x08002e98   0x08002e98   0x00000040   Code   RO         1524    i.delay_ms          delay.o
    0x08002ed8   0x08002ed8   0x00000048   Code   RO         1526    i.delay_us          delay.o
    0x08002f20   0x08002f20   0x00000018   Code   RO         1527    i.delay_xms         delay.o
    0x08002f38   0x08002f38   0x0000003c   Code   RO         8038    i.dmp_enable_6x_lp_quat  inv_mpu_dmp_motion_driver.o
    0x08002f74   0x08002f74   0x0000021c   Code   RO         8039    i.dmp_enable_feature  inv_mpu_dmp_motion_driver.o
    0x08003190   0x08003190   0x00000058   Code   RO         8040    i.dmp_enable_gyro_cal  inv_mpu_dmp_motion_driver.o
    0x080031e8   0x080031e8   0x0000003c   Code   RO         8041    i.dmp_enable_lp_quat  inv_mpu_dmp_motion_driver.o
    0x08003224   0x08003224   0x00000018   Code   RO         8046    i.dmp_load_motion_driver_firmware  inv_mpu_dmp_motion_driver.o
    0x0800323c   0x0800323c   0x00000130   Code   RO         8050    i.dmp_set_accel_bias  inv_mpu_dmp_motion_driver.o
    0x0800336c   0x0800336c   0x00000070   Code   RO         8051    i.dmp_set_fifo_rate  inv_mpu_dmp_motion_driver.o
    0x080033dc   0x080033dc   0x00000130   Code   RO         8052    i.dmp_set_gyro_bias  inv_mpu_dmp_motion_driver.o
    0x0800350c   0x0800350c   0x00000138   Code   RO         8054    i.dmp_set_orientation  inv_mpu_dmp_motion_driver.o
    0x08003644   0x08003644   0x00000038   Code   RO         8057    i.dmp_set_shake_reject_thresh  inv_mpu_dmp_motion_driver.o
    0x0800367c   0x0800367c   0x00000026   Code   RO         8058    i.dmp_set_shake_reject_time  inv_mpu_dmp_motion_driver.o
    0x080036a2   0x080036a2   0x00000026   Code   RO         8059    i.dmp_set_shake_reject_timeout  inv_mpu_dmp_motion_driver.o
    0x080036c8   0x080036c8   0x00000046   Code   RO         8060    i.dmp_set_tap_axes  inv_mpu_dmp_motion_driver.o
    0x0800370e   0x0800370e   0x00000026   Code   RO         8061    i.dmp_set_tap_count  inv_mpu_dmp_motion_driver.o
    0x08003734   0x08003734   0x000001c0   Code   RO         8062    i.dmp_set_tap_thresh  inv_mpu_dmp_motion_driver.o
    0x080038f4   0x080038f4   0x00000026   Code   RO         8063    i.dmp_set_tap_time  inv_mpu_dmp_motion_driver.o
    0x0800391a   0x0800391a   0x00000026   Code   RO         8064    i.dmp_set_tap_time_multi  inv_mpu_dmp_motion_driver.o
    0x08003940   0x08003940   0x00000034   Code   RO          928    i.eight_gray1       grayscale.o
    0x08003974   0x08003974   0x00000064   Code   RO          929    i.eight_gray2       grayscale.o
    0x080039d8   0x080039d8   0x0000001c   Code   RO         1774    i.fputc             uart4.o
    0x080039f4   0x080039f4   0x000000d0   Code   RO         7689    i.get_accel_prod_shift  inv_mpu.o
    0x08003ac4   0x08003ac4   0x00000470   Code   RO         7690    i.get_st_biases     inv_mpu.o
    0x08003f34   0x08003f34   0x0000011c   Code   RO         7691    i.gyro_self_test    inv_mpu.o
    0x08004050   0x08004050   0x00000070   Code   RO         1267    i.integrationTime   tcs34725.o
    0x080040c0   0x080040c0   0x00000028   Code   RO         7692    i.inv_orientation_matrix_to_scalar  inv_mpu.o
    0x080040e8   0x080040e8   0x0000004e   Code   RO         7693    i.inv_row_2_scale   inv_mpu.o
    0x08004136   0x08004136   0x0000000a   Code   RO            5    i.main              main.o
    0x08004140   0x08004140   0x00000118   Code   RO          586    i.motor_mode        tb6612.o
    0x08004258   0x08004258   0x00000070   Code   RO         7695    i.mpu_configure_fifo  inv_mpu.o
    0x080042c8   0x080042c8   0x0000009c   Code   RO         7697    i.mpu_dmp_init      inv_mpu.o
    0x08004364   0x08004364   0x0000004c   Code   RO         7698    i.mpu_get_accel_fsr  inv_mpu.o
    0x080043b0   0x080043b0   0x00000054   Code   RO         7700    i.mpu_get_accel_sens  inv_mpu.o
    0x08004404   0x08004404   0x00000010   Code   RO         7705    i.mpu_get_fifo_config  inv_mpu.o
    0x08004414   0x08004414   0x00000044   Code   RO         7706    i.mpu_get_gyro_fsr  inv_mpu.o
    0x08004458   0x08004458   0x00000060   Code   RO         7708    i.mpu_get_gyro_sens  inv_mpu.o
    0x080044b8   0x080044b8   0x00000050   Code   RO         7710    i.mpu_get_lpf       inv_mpu.o
    0x08004508   0x08004508   0x00000020   Code   RO         7712    i.mpu_get_sample_rate  inv_mpu.o
    0x08004528   0x08004528   0x000001f0   Code   RO         7714    i.mpu_init          inv_mpu.o
    0x08004718   0x08004718   0x000000b8   Code   RO         7715    i.mpu_load_firmware  inv_mpu.o
    0x080047d0   0x080047d0   0x000000e0   Code   RO         7716    i.mpu_lp_accel_mode  inv_mpu.o
    0x080048b0   0x080048b0   0x00000080   Code   RO         7720    i.mpu_read_mem      inv_mpu.o
    0x08004930   0x08004930   0x000001c8   Code   RO         7723    i.mpu_reset_fifo    inv_mpu.o
    0x08004af8   0x08004af8   0x0000011c   Code   RO         7724    i.mpu_run_self_test  inv_mpu.o
    0x08004c14   0x08004c14   0x00000084   Code   RO         7726    i.mpu_set_accel_fsr  inv_mpu.o
    0x08004c98   0x08004c98   0x0000014c   Code   RO         7727    i.mpu_set_bypass    inv_mpu.o
    0x08004de4   0x08004de4   0x00000090   Code   RO         7729    i.mpu_set_dmp_state  inv_mpu.o
    0x08004e74   0x08004e74   0x00000088   Code   RO         7730    i.mpu_set_gyro_fsr  inv_mpu.o
    0x08004efc   0x08004efc   0x0000006c   Code   RO         7731    i.mpu_set_int_latched  inv_mpu.o
    0x08004f68   0x08004f68   0x00000084   Code   RO         7733    i.mpu_set_lpf       inv_mpu.o
    0x08004fec   0x08004fec   0x0000009c   Code   RO         7734    i.mpu_set_sample_rate  inv_mpu.o
    0x08005088   0x08005088   0x000000d0   Code   RO         7735    i.mpu_set_sensors   inv_mpu.o
    0x08005158   0x08005158   0x00000080   Code   RO         7736    i.mpu_write_mem     inv_mpu.o
    0x080051d8   0x080051d8   0x00000098   Code   RO         6978    i.prvAddCurrentTaskToDelayedList  tasks.o
    0x08005270   0x08005270   0x00000034   Code   RO         6986    i.prvResetNextTaskUnblockTime  tasks.o
    0x080052a4   0x080052a4   0x0000009a   Code   RO         7737    i.run_self_test     inv_mpu.o
    0x0800533e   0x0800533e   0x00000002   PAD
    0x08005340   0x08005340   0x000000c4   Code   RO          830    i.setPWMFreq        pca9685.o
    0x08005404   0x08005404   0x00000090   Code   RO         7738    i.set_int_enable    inv_mpu.o
    0x08005494   0x08005494   0x00000028   Code   RO         6689    i.uxListRemove      list.o
    0x080054bc   0x080054bc   0x00000034   Code   RO         6692    i.vListInsert       list.o
    0x080054f0   0x080054f0   0x00000018   Code   RO         6693    i.vListInsertEnd    list.o
    0x08005508   0x08005508   0x00000088   Code   RO         7488    i.vPortEnterCritical  port.o
    0x08005590   0x08005590   0x00000070   Code   RO         7489    i.vPortExitCritical  port.o
    0x08005600   0x08005600   0x00000074   Code   RO         6998    i.vTaskDelay        tasks.o
    0x08005674   0x08005674   0x00000010   Code   RO         7016    i.vTaskSuspendAll   tasks.o
    0x08005684   0x08005684   0x000000a8   Code   RO         7017    i.vTaskSwitchContext  tasks.o
    0x0800572c   0x0800572c   0x00000034   Code   RO         7493    i.xPortSysTickHandler  port.o
    0x08005760   0x08005760   0x00000020   Code   RO         7023    i.xTaskGetSchedulerState  tasks.o
    0x08005780   0x08005780   0x00000160   Code   RO         7026    i.xTaskIncrementTick  tasks.o
    0x080058e0   0x080058e0   0x00000120   Code   RO         7032    i.xTaskResumeAll    tasks.o
    0x08005a00   0x08005a00   0x00000150   Code   RO         8438    x$fpl$dadd          fz_wm.l(daddsub_clz.o)
    0x08005b50   0x08005b50   0x00000018   Code   RO         8635    x$fpl$dcmpinf       fz_wm.l(dcmpi.o)
    0x08005b68   0x08005b68   0x000002b0   Code   RO         8445    x$fpl$ddiv          fz_wm.l(ddiv.o)
    0x08005e18   0x08005e18   0x0000005a   Code   RO         8452    x$fpl$dfixu         fz_wm.l(dfixu.o)
    0x08005e72   0x08005e72   0x0000002e   Code   RO         8457    x$fpl$dflt          fz_wm.l(dflt_clz.o)
    0x08005ea0   0x08005ea0   0x00000078   Code   RO         8616    x$fpl$dleqf         fz_wm.l(dleqf.o)
    0x08005f18   0x08005f18   0x00000154   Code   RO         8462    x$fpl$dmul          fz_wm.l(dmul.o)
    0x0800606c   0x0800606c   0x0000009c   Code   RO         8522    x$fpl$dnaninf       fz_wm.l(dnaninf.o)
    0x08006108   0x08006108   0x0000000c   Code   RO         8524    x$fpl$dretinf       fz_wm.l(dretinf.o)
    0x08006114   0x08006114   0x0000006c   Code   RO         8526    x$fpl$drleqf        fz_wm.l(drleqf.o)
    0x08006180   0x08006180   0x00000016   Code   RO         8439    x$fpl$drsb          fz_wm.l(daddsub_clz.o)
    0x08006196   0x08006196   0x00000002   PAD
    0x08006198   0x08006198   0x000001d4   Code   RO         8440    x$fpl$dsub          fz_wm.l(daddsub_clz.o)
    0x0800636c   0x0800636c   0x0000000a   Code   RO         8703    x$fpl$fpinit        fz_wm.l(fpinit.o)
    0x08006376   0x08006376   0x00000000   Code   RO         8532    x$fpl$usenofp       fz_wm.l(usenofp.o)
    0x08006376   0x08006376   0x00000002   PAD
    0x08006378   0x08006378   0x00000050   Data   RO         7740    .constdata          inv_mpu.o
    0x080063c8   0x080063c8   0x00000bf6   Data   RO         8066    .constdata          inv_mpu_dmp_motion_driver.o
    0x08006fbe   0x08006fbe   0x00000011   Data   RO         8409    .constdata          c_w.l(__printf_flags_wp.o)
    0x08006fcf   0x08006fcf   0x00000001   PAD
    0x08006fd0   0x08006fd0   0x0000004d   Data   RO         7741    .conststring        inv_mpu.o
    0x0800701d   0x0800701d   0x00000003   PAD
    0x08007020   0x08007020   0x00000020   Data   RO         8761    Region$$Table       anon$$obj.o


    Execution Region RW_IRAM1 (Exec base: 0x20000000, Load base: 0x08007040, Size: 0x00000fa0, Max: 0x00020000, ABSOLUTE)

    Exec Addr    Load Addr    Size         Type   Attr      Idx    E Section Name        Object

    0x20000000   0x08007040   0x0000002a   Data   RW         1268    .data               tcs34725.o
    0x2000002a   0x0800706a   0x00000002   PAD
    0x2000002c   0x0800706c   0x00000008   Data   RW         1446    .data               time_go.o
    0x20000034   0x08007074   0x00000008   Data   RW         1529    .data               delay.o
    0x2000003c   0x0800707c   0x00000006   Data   RW         1662    .data               usart1.o
    0x20000042   0x08007082   0x00000005   Data   RW         1707    .data               usart6.o
    0x20000047   0x08007087   0x00000010   Data   RW         4463    .data               stm32f4xx_rcc.o
    0x20000057   0x08007097   0x00000001   PAD
    0x20000058   0x08007098   0x0000003c   Data   RW         7035    .data               tasks.o
    0x20000094   0x080070d4   0x0000000c   Data   RW         7494    .data               port.o
    0x200000a0   0x080070e0   0x00000041   Data   RW         7742    .data               inv_mpu.o
    0x200000e1   0x08007121   0x00000003   PAD
    0x200000e4        -       0x00000010   Zero   RW          698    .bss                lobotserialservo.o
    0x200000f4        -       0x00000480   Zero   RW         1102    .bss                oled.o
    0x20000574        -       0x000000c8   Zero   RW         1661    .bss                usart1.o
    0x2000063c        -       0x00000010   Zero   RW         1706    .bss                usart6.o
    0x2000064c        -       0x000002e4   Zero   RW         7034    .bss                tasks.o
    0x20000930        -       0x00000010   Zero   RW         8065    .bss                inv_mpu_dmp_motion_driver.o
    0x20000940        -       0x00000060   Zero   RW         8621    .bss                c_w.l(libspace.o)
    0x200009a0        -       0x00000200   Zero   RW          541    HEAP                startup_stm32f40_41xxx.o
    0x20000ba0        -       0x00000400   Zero   RW          540    STACK               startup_stm32f40_41xxx.o


==============================================================================

Image component sizes


      Code (inc. data)   RO Data    RW Data    ZI Data      Debug   Object Name

        64          4          0          0          0        524   beep.o
       244         18          0          8          0       3077   delay.o
       130         10          0          0          0       2320   exti.o
       360         32          0          0          0       2205   grayscale.o
       602         44          0          0          0       5854   iic1.o
       696        110          0          0          0       4426   iic2.o
       772        126          0          0          0       4470   iic3.o
      6204        298        157         65          0      29067   inv_mpu.o
      2568        128       3062          0         16      18854   inv_mpu_dmp_motion_driver.o
        84         10          0          0          0        527   key.o
        60          4          0          0          0        519   led.o
       116          0          0          0          0       2178   list.o
         0          0          0          0         16        837   lobotserialservo.o
       154          6          0          0          0     292354   main.o
       180         24          0          0          0       2049   misc.o
       608          0          0          0          0       6311   mpu6050.o
       544         26          0          0       1152       3928   oled.o
       300         24          0          0          0       1944   pca9685.o
       482        154          0         12          0       5455   port.o
        64         26        392          0       1536        832   startup_stm32f40_41xxx.o
       184         16          0          0          0       2064   stm32f4xx_exti.o
       240          0          0          0          0       3479   stm32f4xx_gpio.o
        20          0          0          0          0       2689   stm32f4xx_it.o
       328         36          0         16          0       4583   stm32f4xx_rcc.o
        64          4          0          0          0        648   stm32f4xx_syscfg.o
       892         66          0          0          0      11114   stm32f4xx_tim.o
       404          8          0          0          0       4214   stm32f4xx_usart.o
       388         32          0          0          0       2064   sys.o
       340         32          0          0          0       1453   system_stm32f4xx.o
      1176        306          0         60        740      16938   tasks.o
       568         60          0          0          0       1968   tb6612.o
       310         12          0         42          0       5793   tcs34725.o
        52         14          0          8          0        755   time_go.o
       236         12          0          0          0       1329   uart4.o
       220         14          0          0          0        785   uart5.o
       312         22          0          6        200       3742   usart1.o
       416         42          0          5         16       2711   usart6.o

    ----------------------------------------------------------------------
     20410       1720       3646        228       3676     454060   Object Totals
         0          0         32          0          0          0   (incl. Generated)
        28          0          3          6          0          0   (incl. Padding)

    ----------------------------------------------------------------------

      Code (inc. data)   RO Data    RW Data    ZI Data      Debug   Library Member Name

         8          0          0          0          0         68   __main.o
       312          4         17          0          0         92   __printf_flags_wp.o
        14          0          0          0          0         68   __printf_wp.o
         0          0          0          0          0          0   __rtentry.o
        12          0          0          0          0          0   __rtentry2.o
         6          0          0          0          0          0   __rtentry4.o
        52          8          0          0          0          0   __scatter.o
        26          0          0          0          0          0   __scatter_copy.o
        28          0          0          0          0          0   __scatter_zi.o
        44          0          0          0          0        108   _printf_char.o
        48          6          0          0          0         96   _printf_char_common.o
        36          4          0          0          0         80   _printf_char_file.o
         6          0          0          0          0          0   _printf_d.o
       120         16          0          0          0         92   _printf_dec.o
       178          0          0          0          0         88   _printf_intcommon.o
         0          0          0          0          0          0   _printf_percent.o
         4          0          0          0          0          0   _printf_percent_end.o
         6          0          0          0          0          0   _printf_s.o
        82          0          0          0          0         80   _printf_str.o
        16          0          0          0          0         68   aeabi_memset.o
        18          0          0          0          0         80   exit.o
         8          0          0          0          0         68   ferror.o
         6          0          0          0          0        152   heapauxi.o
         2          0          0          0          0          0   libinit.o
         6          0          0          0          0          0   libinit2.o
         2          0          0          0          0          0   libshutdown.o
         2          0          0          0          0          0   libshutdown2.o
         8          4          0          0         96         68   libspace.o
        72          0          0          0          0         76   llsdiv.o
       238          0          0          0          0        100   lludivv7m.o
        88          0          0          0          0         76   memcmp.o
        24          4          0          0          0         84   noretval__2printf.o
        68          0          0          0          0         68   rt_memclr.o
        78          0          0          0          0         80   rt_memclr_w.o
       138          0          0          0          0         68   rt_memcpy_v6.o
       100          0          0          0          0         80   rt_memcpy_w.o
         2          0          0          0          0          0   rtexit.o
        10          0          0          0          0          0   rtexit2.o
        74          0          0          0          0         80   sys_stackheap_outer.o
         2          0          0          0          0         68   use_no_semi.o
         2          0          0          0          0         68   use_no_semi_2.o
       826         16          0          0          0        492   daddsub_clz.o
        24          0          0          0          0        116   dcmpi.o
       688        140          0          0          0        256   ddiv.o
        90          4          0          0          0        140   dfixu.o
        46          0          0          0          0        116   dflt_clz.o
       120          4          0          0          0        140   dleqf.o
       340         12          0          0          0        152   dmul.o
       156          4          0          0          0        140   dnaninf.o
        12          0          0          0          0        116   dretinf.o
       108          0          0          0          0        128   drleqf.o
        10          0          0          0          0        116   fpinit.o
         0          0          0          0          0          0   usenofp.o
       280         28          0          0          0        156   floor.o

    ----------------------------------------------------------------------
      4662        254         18          0         96       4124   Library Totals
        16          0          1          0          0          0   (incl. Padding)

    ----------------------------------------------------------------------

      Code (inc. data)   RO Data    RW Data    ZI Data      Debug   Library Name

      1946         46         17          0         96       2056   c_w.l
      2420        180          0          0          0       1912   fz_wm.l
       280         28          0          0          0        156   m_wm.l

    ----------------------------------------------------------------------
      4662        254         18          0         96       4124   Library Totals

    ----------------------------------------------------------------------

==============================================================================


      Code (inc. data)   RO Data    RW Data    ZI Data      Debug   

     25072       1974       3664        228       3772     437592   Grand Totals
     25072       1974       3664        228       3772     437592   ELF Image Totals
     25072       1974       3664        228          0          0   ROM Totals

==============================================================================

    Total RO  Size (Code + RO Data)                28736 (  28.06kB)
    Total RW  Size (RW Data + ZI Data)              4000 (   3.91kB)
    Total ROM Size (Code + RO Data + RW Data)      28964 (  28.29kB)

==============================================================================

