Component: ARM Compiler 5.06 update 7 (build 960) Tool: armlink [4d3601]

==============================================================================

Section Cross References

    main.o(i.Init) refers to sys.o(i.Stm32_Clock_Init) for Stm32_Clock_Init
    main.o(i.Init) refers to misc.o(i.NVIC_PriorityGroupConfig) for NVIC_PriorityGroupConfig
    main.o(i.Init) refers to delay.o(i.delay_init) for delay_init
    main.o(i.Init) refers to led.o(i.LED_Init) for LED_Init
    main.o(i.Init) refers to tb6612.o(i.MOTOR_Init) for MOTOR_Init
    main.o(i.Init) refers to usart1.o(i.Usart1_Init) for Usart1_Init
    main.o(i.Init) refers to usart3.o(i.USART3_Init) for USART3_Init
    main.o(i.Init) refers to uart4.o(i.Uart4_Init) for Uart4_Init
    main.o(i.Init) refers to uart5.o(i.Uart5_Init) for Uart5_Init
    main.o(i.Init) refers to usart6.o(i.Usart6_Init) for Usart6_Init
    main.o(i.Init) refers to iic3.o(i.IIC3_Init) for IIC3_Init
    main.o(i.Init) refers to grayscale.o(i.Grayscale_Init) for Grayscale_Init
    main.o(i.Init) refers to exti.o(i.EXTIX_Init) for EXTIX_Init
    main.o(i.Init) refers to beep.o(i.BEEP_Init) for BEEP_Init
    main.o(i.Init) refers to oled.o(i.OLED_Init) for OLED_Init
    main.o(i.Init) refers to mpu6050.o(i.MPU_Init) for MPU_Init
    main.o(i.Init) refers to inv_mpu.o(i.mpu_dmp_init) for mpu_dmp_init
    main.o(i.Init) refers to iic1.o(i.TCS34725_GPIO_Init) for TCS34725_GPIO_Init
    main.o(i.Init) refers to tcs34725.o(i.TCS34725_Init) for TCS34725_Init
    main.o(i.Init) refers to tcs34725.o(i.integrationTime) for integrationTime
    main.o(i.Init) refers to pca9685.o(i.setPWMFreq) for setPWMFreq
    main.o(i.Init) refers to pca9685.o(i.PCA9685_write) for PCA9685_write
    main.o(i.Init) refers to im948_turnangle.o(i.IM948_init) for IM948_init
    main.o(i.Init) refers to work.o(i.duoji_Init) for duoji_Init
    main.o(i.Init) refers to delay.o(i.delay_ms) for delay_ms
    main.o(i.main) refers to main.o(i.Init) for Init
    main.o(i.main) refers to work.o(i.Go_Centre) for Go_Centre
    main.o(i.main) refers to work.o(i.task1) for task1
    system_stm32f4xx.o(i.SystemCoreClockUpdate) refers to system_stm32f4xx.o(.data) for SystemCoreClock
    system_stm32f4xx.o(i.SystemInit) refers to system_stm32f4xx.o(i.SetSysClock) for SetSysClock
    work.o(i.B_adjust_pose) refers to time_go.o(i.Time_go) for Time_go
    work.o(i.B_adjust_pose) refers to tb6612.o(i.Car_Retreat30) for Car_Retreat30
    work.o(i.F_adjust_pose) refers to time_go.o(i.Time_go) for Time_go
    work.o(i.F_adjust_pose) refers to tb6612.o(i.Car_Advance30) for Car_Advance30
    work.o(i.Go_Centre) refers to grayscale.o(i.L_Centre_Count) for L_Centre_Count
    work.o(i.Go_Centre) refers to gray_go.o(i.SearchRun) for SearchRun
    work.o(i.beep) refers to delay.o(i.delay_ms) for delay_ms
    work.o(i.case_one) refers to pca9685.o(i.crazyMe) for crazyMe
    work.o(i.case_one) refers to grayscale.o(i.L_Front_Count) for L_Front_Count
    work.o(i.case_one) refers to time_go.o(i.Time_go) for Time_go
    work.o(i.case_one) refers to grayscale.o(i.L_Centre_Count) for L_Centre_Count
    work.o(i.case_one) refers to work.o(i.F_adjust_pose) for F_adjust_pose
    work.o(i.case_one) refers to gray_go.o(i.SearchRun) for SearchRun
    work.o(i.case_one) refers to tb6612.o(i.Car_Retreat28) for Car_Retreat28
    work.o(i.case_one) refers to work.o(.data) for wukuai
    work.o(i.case_one) refers to gray_go.o(i.anti_SearchRun) for anti_SearchRun
    work.o(i.case_three) refers to work.o(i.catch_it) for catch_it
    work.o(i.case_three) refers to grayscale.o(i.L_Centre_Count) for L_Centre_Count
    work.o(i.case_three) refers to time_go.o(i.Time_go) for Time_go
    work.o(i.case_three) refers to sixe_angle.o(i.Car_TurnToAngle4) for Car_TurnToAngle4
    work.o(i.case_three) refers to grayscale.o(i.L_Front_Count) for L_Front_Count
    work.o(i.case_three) refers to work.o(i.color_discrimination) for color_discrimination
    work.o(i.case_three) refers to work.o(i.color_distribution_one) for color_distribution_one
    work.o(i.case_three) refers to pca9685.o(i.crazyMe) for crazyMe
    work.o(i.case_three) refers to grayscale.o(i.L_Back_Count) for L_Back_Count
    work.o(i.case_three) refers to work.o(i.B_adjust_pose) for B_adjust_pose
    work.o(i.case_three) refers to work.o(i.F_adjust_pose) for F_adjust_pose
    work.o(i.case_three) refers to gray_go.o(i.anti_SearchRun) for anti_SearchRun
    work.o(i.case_three) refers to tb6612.o(i.Car_Advance30) for Car_Advance30
    work.o(i.case_three) refers to work.o(.data) for color
    work.o(i.case_three) refers to gray_go.o(i.SearchRun) for SearchRun
    work.o(i.case_three) refers to tb6612.o(i.Car_Retreat28) for Car_Retreat28
    work.o(i.case_two) refers to work.o(i.catch_it) for catch_it
    work.o(i.case_two) refers to grayscale.o(i.L_Centre_Count) for L_Centre_Count
    work.o(i.case_two) refers to work.o(i.F_adjust_pose) for F_adjust_pose
[...]
    MPU_Init                                 0x080047cd   Thumb Code   122  mpu6050.o(i.MPU_Init)
    MPU_Read_Byte                            0x08004847   Thumb Code    58  mpu6050.o(i.MPU_Read_Byte)
    MPU_Read_Len                             0x08004881   Thumb Code   116  mpu6050.o(i.MPU_Read_Len)
    MPU_Set_Accel_Fsr                        0x080048f5   Thumb Code    16  mpu6050.o(i.MPU_Set_Accel_Fsr)
    MPU_Set_Gyro_Fsr                         0x08004905   Thumb Code    16  mpu6050.o(i.MPU_Set_Gyro_Fsr)
    MPU_Set_LPF                              0x08004915   Thumb Code    58  mpu6050.o(i.MPU_Set_LPF)
    MPU_Set_Rate                             0x0800494f   Thumb Code    58  mpu6050.o(i.MPU_Set_Rate)
    MPU_Write_Byte                           0x08004989   Thumb Code    68  mpu6050.o(i.MPU_Write_Byte)
    MPU_Write_Len                            0x080049cd   Thumb Code    96  mpu6050.o(i.MPU_Write_Len)
    MY_NVIC_SetVectorTable                   0x08004a2d   Thumb Code    12  sys.o(i.MY_NVIC_SetVectorTable)
    MemManage_Handler                        0x08004a3d   Thumb Code     4  stm32f4xx_it.o(i.MemManage_Handler)
    Memcpy                                   0x08004a41   Thumb Code    28  im948_cmd.o(i.Memcpy)
    NMI_Handler                              0x08004a5d   Thumb Code     2  stm32f4xx_it.o(i.NMI_Handler)
    NVIC_Init                                0x08004a61   Thumb Code   106  misc.o(i.NVIC_Init)
    NVIC_PriorityGroupConfig                 0x08004ad9   Thumb Code    10  misc.o(i.NVIC_PriorityGroupConfig)
    OLED_Clear                               0x08004aed   Thumb Code    42  oled.o(i.OLED_Clear)
    OLED_DrawPoint                           0x08004b1d   Thumb Code   114  oled.o(i.OLED_DrawPoint)
    OLED_Init                                0x08004b95   Thumb Code   298  oled.o(i.OLED_Init)
    OLED_Refresh                             0x08004cc5   Thumb Code    70  oled.o(i.OLED_Refresh)
    OLED_ShowChar                            0x08004d11   Thumb Code   300  oled.o(i.OLED_ShowChar)
    OLED_ShowChinese                         0x08004e4d   Thumb Code   244  oled.o(i.OLED_ShowChinese)
    OLED_ShowString                          0x08004f51   Thumb Code    74  oled.o(i.OLED_ShowString)
    OLED_WR_Byte                             0x08004f9d   Thumb Code   108  oled.o(i.OLED_WR_Byte)
    OLED_printf                              0x08005011   Thumb Code   136  oled.o(i.OLED_printf)
    PCA9685_read                             0x080050a1   Thumb Code    58  pca9685.o(i.PCA9685_read)
    PCA9685_write                            0x080050db   Thumb Code    46  pca9685.o(i.PCA9685_write)
    RCC_AHB1PeriphClockCmd                   0x08005109   Thumb Code    26  stm32f4xx_rcc.o(i.RCC_AHB1PeriphClockCmd)
    RCC_APB1PeriphClockCmd                   0x08005129   Thumb Code    26  stm32f4xx_rcc.o(i.RCC_APB1PeriphClockCmd)
    RCC_APB2PeriphClockCmd                   0x08005149   Thumb Code    26  stm32f4xx_rcc.o(i.RCC_APB2PeriphClockCmd)
    RCC_GetClocksFreq                        0x08005169   Thumb Code   214  stm32f4xx_rcc.o(i.RCC_GetClocksFreq)
    SDA_Pin_IN                               0x08005251   Thumb Code    20  iic1.o(i.SDA_Pin_IN)
    SDA_Pin_Output                           0x08005269   Thumb Code    24  iic1.o(i.SDA_Pin_Output)
    SYSCFG_EXTILineConfig                    0x08005285   Thumb Code    60  stm32f4xx_syscfg.o(i.SYSCFG_EXTILineConfig)
    Scan_MpuVal                              0x080052c5   Thumb Code   140  sixe_angle.o(i.Scan_MpuVal)
    SearchRun                                0x08005379   Thumb Code   742  gray_go.o(i.SearchRun)
    Set_Motor                                0x08005751   Thumb Code   192  tb6612.o(i.Set_Motor)
    Stm32_Clock_Init                         0x08005835   Thumb Code    90  sys.o(i.Stm32_Clock_Init)
    SysTick_CLKSourceConfig                  0x0800589d   Thumb Code    40  misc.o(i.SysTick_CLKSourceConfig)
    SysTick_Handler                          0x080058c5   Thumb Code    16  delay.o(i.SysTick_Handler)
    Sys_Clock_Set                            0x080058d5   Thumb Code   254  sys.o(i.Sys_Clock_Set)
    SystemInit                               0x080059e1   Thumb Code    88  system_stm32f4xx.o(i.SystemInit)
    TB6612_Init                              0x08005a49   Thumb Code   228  tb6612.o(i.TB6612_Init)
    TCS34725_GPIO_Init                       0x08005b35   Thumb Code   104  iic1.o(i.TCS34725_GPIO_Init)
    TCS34725_GetRGB565                       0x08005ba1   Thumb Code   440  tcs34725.o(i.TCS34725_GetRGB565)
    TCS34725_GetRGB888                       0x08005d59   Thumb Code   438  tcs34725.o(i.TCS34725_GetRGB888)
    TCS34725_Get_RGBData                     0x08005f11   Thumb Code   112  tcs34725.o(i.TCS34725_Get_RGBData)
    TCS34725_IIC_ACK                         0x08005f85   Thumb Code    36  iic1.o(i.TCS34725_IIC_ACK)
    TCS34725_IIC_Delay                       0x08005fad   Thumb Code    10  iic1.o(i.TCS34725_IIC_Delay)
    TCS34725_IIC_Get_ack                     0x08005fb9   Thumb Code    74  iic1.o(i.TCS34725_IIC_Get_ack)
    TCS34725_IIC_NACK                        0x08006009   Thumb Code    32  iic1.o(i.TCS34725_IIC_NACK)
    TCS34725_IIC_read_byte                   0x0800602d   Thumb Code    90  iic1.o(i.TCS34725_IIC_read_byte)
    TCS34725_IIC_start                       0x0800608d   Thumb Code    44  iic1.o(i.TCS34725_IIC_start)
    TCS34725_IIC_stop                        0x080060bd   Thumb Code    44  iic1.o(i.TCS34725_IIC_stop)
    TCS34725_IIC_write_byte                  0x080060ed   Thumb Code    80  iic1.o(i.TCS34725_IIC_write_byte)
    TCS34725_Init                            0x08006141   Thumb Code    64  tcs34725.o(i.TCS34725_Init)
    TCS34725_ReadWord                        0x08006181   Thumb Code    88  tcs34725.o(i.TCS34725_ReadWord)
    TCS34725_WriteByte                       0x080061d9   Thumb Code    46  tcs34725.o(i.TCS34725_WriteByte)
    TIM3_IRQHandler                          0x08006209   Thumb Code    38  time_go.o(i.TIM3_IRQHandler)
    TIM3_Init                                0x0800623d   Thumb Code    88  timer.o(i.TIM3_Init)
    TIM_ARRPreloadConfig                     0x08006299   Thumb Code    24  stm32f4xx_tim.o(i.TIM_ARRPreloadConfig)
    TIM_ClearITPendingBit                    0x080062b1   Thumb Code     6  stm32f4xx_tim.o(i.TIM_ClearITPendingBit)
    TIM_Cmd                                  0x080062b7   Thumb Code    24  stm32f4xx_tim.o(i.TIM_Cmd)
    TIM_GetITStatus                          0x080062cf   Thumb Code    34  stm32f4xx_tim.o(i.TIM_GetITStatus)
    TIM_ITConfig                             0x080062f1   Thumb Code    18  stm32f4xx_tim.o(i.TIM_ITConfig)
    TIM_OC1Init                              0x08006305   Thumb Code   114  stm32f4xx_tim.o(i.TIM_OC1Init)
    TIM_OC1PreloadConfig                     0x08006381   Thumb Code    18  stm32f4xx_tim.o(i.TIM_OC1PreloadConfig)
    TIM_OC2Init                              0x08006395   Thumb Code   154  stm32f4xx_tim.o(i.TIM_OC2Init)
    TIM_OC2PreloadConfig                     0x08006439   Thumb Code    26  stm32f4xx_tim.o(i.TIM_OC2PreloadConfig)
    TIM_OC3Init                              0x08006455   Thumb Code   150  stm32f4xx_tim.o(i.TIM_OC3Init)
    TIM_OC3PreloadConfig                     0x080064f5   Thumb Code    18  stm32f4xx_tim.o(i.TIM_OC3PreloadConfig)
    TIM_OC4Init                              0x08006509   Thumb Code   112  stm32f4xx_tim.o(i.TIM_OC4Init)
    TIM_OC4PreloadConfig                     0x08006581   Thumb Code    26  stm32f4xx_tim.o(i.TIM_OC4PreloadConfig)
    TIM_SetCompare1                          0x0800659b   Thumb Code     4  stm32f4xx_tim.o(i.TIM_SetCompare1)
    TIM_SetCompare2                          0x0800659f   Thumb Code     4  stm32f4xx_tim.o(i.TIM_SetCompare2)
    TIM_SetCompare3                          0x080065a3   Thumb Code     4  stm32f4xx_tim.o(i.TIM_SetCompare3)
    TIM_SetCompare4                          0x080065a7   Thumb Code     4  stm32f4xx_tim.o(i.TIM_SetCompare4)
    TIM_TimeBaseInit                         0x080065ad   Thumb Code   104  stm32f4xx_tim.o(i.TIM_TimeBaseInit)
    Time_delay_ms                            0x08006631   Thumb Code    36  time_go.o(i.Time_delay_ms)
    Time_go                                  0x08006659   Thumb Code    48  time_go.o(i.Time_go)
    ToAngle                                  0x0800668d   Thumb Code    90  im948_turnangle.o(i.ToAngle)
    USART1_IRQHandler                        0x080066ed   Thumb Code   122  usart1.o(i.USART1_IRQHandler)
    USART3_IRQHandler                        0x08006775   Thumb Code    30  usart3.o(i.USART3_IRQHandler)
    USART3_Init                              0x08006799   Thumb Code   200  usart3.o(i.USART3_Init)
    USART3_Write                             0x08006869   Thumb Code    42  usart3.o(i.USART3_Write)
    USART6_IRQHandler                        0x08006899   Thumb Code   202  usart6.o(i.USART6_IRQHandler)
    USART_Cmd                                0x08006985   Thumb Code    24  stm32f4xx_usart.o(i.USART_Cmd)
    USART_GetFlagStatus                      0x0800699d   Thumb Code    26  stm32f4xx_usart.o(i.USART_GetFlagStatus)
    USART_GetITStatus                        0x080069b7   Thumb Code    84  stm32f4xx_usart.o(i.USART_GetITStatus)
    USART_ITConfig                           0x08006a0b   Thumb Code    74  stm32f4xx_usart.o(i.USART_ITConfig)
    USART_Init                               0x08006a55   Thumb Code   204  stm32f4xx_usart.o(i.USART_Init)
    USART_ReceiveData                        0x08006b29   Thumb Code    10  stm32f4xx_usart.o(i.USART_ReceiveData)
    USART_SendData                           0x08006b33   Thumb Code     8  stm32f4xx_usart.o(i.USART_SendData)
    Uart4_Init                               0x08006b3d   Thumb Code   200  uart4.o(i.Uart4_Init)
    Uart5_Init                               0x08006c0d   Thumb Code   206  uart5.o(i.Uart5_Init)
    UsageFault_Handler                       0x08006ce9   Thumb Code     4  stm32f4xx_it.o(i.UsageFault_Handler)
    Usart1_Init                              0x08006ced   Thumb Code   164  usart1.o(i.Usart1_Init)
    Usart6NVICInit                           0x08006d99   Thumb Code    32  usart6.o(i.Usart6NVICInit)
    Usart6_Init                              0x08006db9   Thumb Code   140  usart6.o(i.Usart6_Init)
    __ARM_fpclassify                         0x08006e4d   Thumb Code    48  fpclassify.o(i.__ARM_fpclassify)
    __hardfp_asin                            0x08006e81   Thumb Code   770  asin.o(i.__hardfp_asin)
    __hardfp_atan                            0x080071e1   Thumb Code   622  atan.o(i.__hardfp_atan)
    __hardfp_atan2                           0x080074b9   Thumb Code   448  atan2.o(i.__hardfp_atan2)
    __hardfp_floor                           0x080076b9   Thumb Code   252  floor.o(i.__hardfp_floor)
    __hardfp_sqrt                            0x080077d1   Thumb Code   122  sqrt.o(i.__hardfp_sqrt)
    __kernel_poly                            0x0800784b   Thumb Code   248  poly.o(i.__kernel_poly)
    __mathlib_dbl_infnan                     0x08007943   Thumb Code    20  dunder.o(i.__mathlib_dbl_infnan)
    __mathlib_dbl_infnan2                    0x08007957   Thumb Code    20  dunder.o(i.__mathlib_dbl_infnan2)
    __mathlib_dbl_invalid                    0x08007971   Thumb Code    24  dunder.o(i.__mathlib_dbl_invalid)
    __mathlib_dbl_underflow                  0x08007991   Thumb Code    24  dunder.o(i.__mathlib_dbl_underflow)
    _is_digit                                0x080079b1   Thumb Code    14  __printf_wp.o(i._is_digit)
    _sys_exit                                0x080079bf   Thumb Code     4  usart1.o(i._sys_exit)
    anti_SearchRun                           0x08007a85   Thumb Code   794  gray_go.o(i.anti_SearchRun)
    atan                                     0x08007da9   Thumb Code    16  atan.o(i.atan)
    beep                                     0x08007db9   Thumb Code    62  work.o(i.beep)
    calculate_PWM                            0x08007e01   Thumb Code    94  pca9685.o(i.calculate_PWM)
    case_one                                 0x08007e81   Thumb Code   106  work.o(i.case_one)
    case_three                               0x08007f01   Thumb Code  1044  work.o(i.case_three)
    case_two                                 0x08008315   Thumb Code   156  work.o(i.case_two)
    catch_it                                 0x080083cd   Thumb Code   172  work.o(i.catch_it)
    color_discrimination                     0x0800847d   Thumb Code   350  work.o(i.color_discrimination)
    color_distribution_one                   0x080085f9   Thumb Code    86  work.o(i.color_distribution_one)
    crazyMe                                  0x08008661   Thumb Code   144  pca9685.o(i.crazyMe)
    delay_init                               0x08008755   Thumb Code    58  delay.o(i.delay_init)
    delay_ms                                 0x08008799   Thumb Code    60  delay.o(i.delay_ms)
    delay_us                                 0x080087d9   Thumb Code    68  delay.o(i.delay_us)
    delay_xms                                0x08008821   Thumb Code    24  delay.o(i.delay_xms)
    dmp_enable_6x_lp_quat                    0x08008839   Thumb Code    60  inv_mpu_dmp_motion_driver.o(i.dmp_enable_6x_lp_quat)
    dmp_enable_feature                       0x08008875   Thumb Code   530  inv_mpu_dmp_motion_driver.o(i.dmp_enable_feature)
    dmp_enable_gyro_cal                      0x08008a91   Thumb Code    62  inv_mpu_dmp_motion_driver.o(i.dmp_enable_gyro_cal)
    dmp_enable_lp_quat                       0x08008ae9   Thumb Code    60  inv_mpu_dmp_motion_driver.o(i.dmp_enable_lp_quat)
    dmp_load_motion_driver_firmware          0x08008b25   Thumb Code    20  inv_mpu_dmp_motion_driver.o(i.dmp_load_motion_driver_firmware)
    dmp_read_fifo                            0x08008b3d   Thumb Code   456  inv_mpu_dmp_motion_driver.o(i.dmp_read_fifo)
    dmp_set_accel_bias                       0x08008d09   Thumb Code   300  inv_mpu_dmp_motion_driver.o(i.dmp_set_accel_bias)
    dmp_set_fifo_rate                        0x08008e39   Thumb Code    96  inv_mpu_dmp_motion_driver.o(i.dmp_set_fifo_rate)
    dmp_set_gyro_bias                        0x08008ea9   Thumb Code   294  inv_mpu_dmp_motion_driver.o(i.dmp_set_gyro_bias)
    dmp_set_orientation                      0x08008fd9   Thumb Code   290  inv_mpu_dmp_motion_driver.o(i.dmp_set_orientation)
    dmp_set_shake_reject_thresh              0x08009111   Thumb Code    56  inv_mpu_dmp_motion_driver.o(i.dmp_set_shake_reject_thresh)
    dmp_set_shake_reject_time                0x08009149   Thumb Code    38  inv_mpu_dmp_motion_driver.o(i.dmp_set_shake_reject_time)
    dmp_set_shake_reject_timeout             0x0800916f   Thumb Code    38  inv_mpu_dmp_motion_driver.o(i.dmp_set_shake_reject_timeout)
    dmp_set_tap_axes                         0x08009195   Thumb Code    70  inv_mpu_dmp_motion_driver.o(i.dmp_set_tap_axes)
    dmp_set_tap_count                        0x080091db   Thumb Code    38  inv_mpu_dmp_motion_driver.o(i.dmp_set_tap_count)
    dmp_set_tap_thresh                       0x08009201   Thumb Code   412  inv_mpu_dmp_motion_driver.o(i.dmp_set_tap_thresh)
    dmp_set_tap_time                         0x080093c1   Thumb Code    38  inv_mpu_dmp_motion_driver.o(i.dmp_set_tap_time)
    dmp_set_tap_time_multi                   0x080093e7   Thumb Code    38  inv_mpu_dmp_motion_driver.o(i.dmp_set_tap_time_multi)
    duoji_Init                               0x0800940d   Thumb Code   164  work.o(i.duoji_Init)
    eight_gray1                              0x080094b1   Thumb Code    48  grayscale.o(i.eight_gray1)
    eight_gray2                              0x080094e5   Thumb Code    90  grayscale.o(i.eight_gray2)
    fabs                                     0x08009549   Thumb Code    24  fabs.o(i.fabs)
    fputc                                    0x08009561   Thumb Code    24  uart4.o(i.fputc)
    integrationTime                          0x08009bd5   Thumb Code   100  tcs34725.o(i.integrationTime)
    inv_orientation_matrix_to_scalar         0x08009c45   Thumb Code    40  inv_mpu.o(i.inv_orientation_matrix_to_scalar)
    inv_row_2_scale                          0x08009c6d   Thumb Code    78  inv_mpu.o(i.inv_row_2_scale)
    main                                     0x08009cbb   Thumb Code    18  main.o(i.main)
    mget_ms                                  0x08009ccd   Thumb Code     2  inv_mpu.o(i.mget_ms)
    motor_mode                               0x08009cd1   Thumb Code   232  tb6612.o(i.motor_mode)
    mpu_configure_fifo                       0x08009de9   Thumb Code   106  inv_mpu.o(i.mpu_configure_fifo)
    mpu_dmp_get_data                         0x08009e59   Thumb Code   520  inv_mpu.o(i.mpu_dmp_get_data)
    mpu_dmp_init                             0x0800a071   Thumb Code   150  inv_mpu.o(i.mpu_dmp_init)
    mpu_get_accel_fsr                        0x0800a10d   Thumb Code    72  inv_mpu.o(i.mpu_get_accel_fsr)
    mpu_get_accel_sens                       0x0800a159   Thumb Code    78  inv_mpu.o(i.mpu_get_accel_sens)
    mpu_get_fifo_config                      0x0800a1ad   Thumb Code    12  inv_mpu.o(i.mpu_get_fifo_config)
    mpu_get_gyro_fsr                         0x0800a1bd   Thumb Code    64  inv_mpu.o(i.mpu_get_gyro_fsr)
    mpu_get_gyro_sens                        0x0800a201   Thumb Code    74  inv_mpu.o(i.mpu_get_gyro_sens)
    mpu_get_lpf                              0x0800a261   Thumb Code    74  inv_mpu.o(i.mpu_get_lpf)
    mpu_get_sample_rate                      0x0800a2b1   Thumb Code    26  inv_mpu.o(i.mpu_get_sample_rate)
    mpu_init                                 0x0800a2d1   Thumb Code   416  inv_mpu.o(i.mpu_init)
    mpu_load_firmware                        0x0800a4c1   Thumb Code   180  inv_mpu.o(i.mpu_load_firmware)
    mpu_lp_accel_mode                        0x0800a579   Thumb Code   218  inv_mpu.o(i.mpu_lp_accel_mode)
    mpu_read_fifo_stream                     0x0800a659   Thumb Code   186  inv_mpu.o(i.mpu_read_fifo_stream)
    mpu_read_mem                             0x0800a719   Thumb Code   122  inv_mpu.o(i.mpu_read_mem)
    mpu_reset_fifo                           0x0800a799   Thumb Code   450  inv_mpu.o(i.mpu_reset_fifo)
    mpu_run_self_test                        0x0800a961   Thumb Code   278  inv_mpu.o(i.mpu_run_self_test)
    mpu_set_accel_fsr                        0x0800aa7d   Thumb Code   126  inv_mpu.o(i.mpu_set_accel_fsr)
    mpu_set_bypass                           0x0800ab01   Thumb Code   328  inv_mpu.o(i.mpu_set_bypass)
    mpu_set_dmp_state                        0x0800ac4d   Thumb Code   138  inv_mpu.o(i.mpu_set_dmp_state)
    mpu_set_gyro_fsr                         0x0800acdd   Thumb Code   132  inv_mpu.o(i.mpu_set_gyro_fsr)
    mpu_set_int_latched                      0x0800ad65   Thumb Code   102  inv_mpu.o(i.mpu_set_int_latched)
    mpu_set_lpf                              0x0800add1   Thumb Code   126  inv_mpu.o(i.mpu_set_lpf)
    mpu_set_sample_rate                      0x0800ae55   Thumb Code   152  inv_mpu.o(i.mpu_set_sample_rate)
    mpu_set_sensors                          0x0800aef1   Thumb Code   202  inv_mpu.o(i.mpu_set_sensors)
    mpu_write_mem                            0x0800afc1   Thumb Code   122  inv_mpu.o(i.mpu_write_mem)
    run_self_test                            0x0800b10d   Thumb Code   154  inv_mpu.o(i.run_self_test)
    setPWM                                   0x0800b1a7   Thumb Code    58  pca9685.o(i.setPWM)
    setPWMFreq                               0x0800b1e1   Thumb Code   172  pca9685.o(i.setPWMFreq)
    sqrt                                     0x0800b335   Thumb Code   110  sqrt.o(i.sqrt)
    task1                                    0x0800b3a5   Thumb Code   290  work.o(i.task1)
    uxListRemove                             0x0800b4e1   Thumb Code    40  list.o(i.uxListRemove)
    vListInsert                              0x0800b509   Thumb Code    52  list.o(i.vListInsert)
    vListInsertEnd                           0x0800b53d   Thumb Code    24  list.o(i.vListInsertEnd)
    vPortEnterCritical                       0x0800b555   Thumb Code    68  port.o(i.vPortEnterCritical)
    vPortExitCritical                        0x0800b5dd   Thumb Code    48  port.o(i.vPortExitCritical)
    vTaskDelay                               0x0800b64d   Thumb Code    72  tasks.o(i.vTaskDelay)
    vTaskSuspendAll                          0x0800b6c1   Thumb Code    12  tasks.o(i.vTaskSuspendAll)
    vTaskSwitchContext                       0x0800b6d1   Thumb Code   110  tasks.o(i.vTaskSwitchContext)
    xPortSysTickHandler                      0x0800b779   Thumb Code    46  port.o(i.xPortSysTickHandler)
    xTaskGetSchedulerState                   0x0800b7ad   Thumb Code    24  tasks.o(i.xTaskGetSchedulerState)
    xTaskIncrementTick                       0x0800b7cd   Thumb Code   272  tasks.o(i.xTaskIncrementTick)
    xTaskResumeAll                           0x0800b92d   Thumb Code   214  tasks.o(i.xTaskResumeAll)
    _get_lc_numeric                          0x0800ba4d   Thumb Code    44  lc_numeric_c.o(locale$$code)
    _get_lc_ctype                            0x0800ba79   Thumb Code    44  lc_ctype_c.o(locale$$code)
    __aeabi_dneg                             0x0800baa5   Thumb Code     0  basic.o(x$fpl$basic)
    _dneg                                    0x0800baa5   Thumb Code     6  basic.o(x$fpl$basic)
    __aeabi_fneg                             0x0800baab   Thumb Code     0  basic.o(x$fpl$basic)
    _fneg                                    0x0800baab   Thumb Code     6  basic.o(x$fpl$basic)
    _dabs                                    0x0800bab1   Thumb Code     6  basic.o(x$fpl$basic)
    _fabs                                    0x0800bab7   Thumb Code     6  basic.o(x$fpl$basic)
    __aeabi_d2f                              0x0800babd   Thumb Code     0  d2f.o(x$fpl$d2f)
    _d2f                                     0x0800babd   Thumb Code    98  d2f.o(x$fpl$d2f)
    __aeabi_dadd                             0x0800bb21   Thumb Code     0  daddsub_clz.o(x$fpl$dadd)
    _dadd                                    0x0800bb21   Thumb Code   332  daddsub_clz.o(x$fpl$dadd)
    __fpl_dcmp_Inf                           0x0800bc71   Thumb Code    24  dcmpi.o(x$fpl$dcmpinf)
    __aeabi_ddiv                             0x0800bc89   Thumb Code     0  ddiv.o(x$fpl$ddiv)
    _ddiv                                    0x0800bc89   Thumb Code   552  ddiv.o(x$fpl$ddiv)
    __aeabi_cdcmpeq                          0x0800bf39   Thumb Code     0  deqf.o(x$fpl$deqf)
    _dcmpeq                                  0x0800bf39   Thumb Code   120  deqf.o(x$fpl$deqf)
    __aeabi_d2iz                             0x0800bfb1   Thumb Code     0  dfix.o(x$fpl$dfix)
    _dfix                                    0x0800bfb1   Thumb Code    94  dfix.o(x$fpl$dfix)
    __aeabi_d2uiz                            0x0800c011   Thumb Code     0  dfixu.o(x$fpl$dfixu)
    _dfixu                                   0x0800c011   Thumb Code    90  dfixu.o(x$fpl$dfixu)
    __aeabi_i2d                              0x0800c06b   Thumb Code     0  dflt_clz.o(x$fpl$dflt)
    _dflt                                    0x0800c06b   Thumb Code    46  dflt_clz.o(x$fpl$dflt)
    __aeabi_ui2d                             0x0800c099   Thumb Code     0  dflt_clz.o(x$fpl$dfltu)
    _dfltu                                   0x0800c099   Thumb Code    38  dflt_clz.o(x$fpl$dfltu)
    __aeabi_cdcmple                          0x0800c0c1   Thumb Code     0  dleqf.o(x$fpl$dleqf)
    _dcmple                                  0x0800c0c1   Thumb Code   120  dleqf.o(x$fpl$dleqf)
    __fpl_dcmple_InfNaN                      0x0800c123   Thumb Code     0  dleqf.o(x$fpl$dleqf)
    __aeabi_dmul                             0x0800c139   Thumb Code     0  dmul.o(x$fpl$dmul)
    _dmul                                    0x0800c139   Thumb Code   332  dmul.o(x$fpl$dmul)
    __fpl_dnaninf                            0x0800c28d   Thumb Code   156  dnaninf.o(x$fpl$dnaninf)
    __fpl_dretinf                            0x0800c329   Thumb Code    12  dretinf.o(x$fpl$dretinf)
    __aeabi_cdrcmple                         0x0800c335   Thumb Code     0  drleqf.o(x$fpl$drleqf)
    _drcmple                                 0x0800c335   Thumb Code   108  drleqf.o(x$fpl$drleqf)
    __aeabi_drsub                            0x0800c3a1   Thumb Code     0  daddsub_clz.o(x$fpl$drsb)
    _drsb                                    0x0800c3a1   Thumb Code    22  daddsub_clz.o(x$fpl$drsb)
    _dsqrt                                   0x0800c3b9   Thumb Code   404  dsqrt_umaal.o(x$fpl$dsqrt)
    __aeabi_dsub                             0x0800c551   Thumb Code     0  daddsub_clz.o(x$fpl$dsub)
    _dsub                                    0x0800c551   Thumb Code   464  daddsub_clz.o(x$fpl$dsub)
    __aeabi_f2d                              0x0800c725   Thumb Code     0  f2d.o(x$fpl$f2d)
    _f2d                                     0x0800c725   Thumb Code    86  f2d.o(x$fpl$f2d)
    __fpl_fnaninf                            0x0800c77b   Thumb Code   140  fnaninf.o(x$fpl$fnaninf)
    _fp_init                                 0x0800c807   Thumb Code    10  fpinit.o(x$fpl$fpinit)
    __fplib_config_fpu_vfp                   0x0800c80f   Thumb Code     0  fpinit.o(x$fpl$fpinit)
    __fplib_config_pureend_doubles           0x0800c80f   Thumb Code     0  fpinit.o(x$fpl$fpinit)
    __fpl_fretinf                            0x0800c811   Thumb Code    10  fretinf.o(x$fpl$fretinf)
    _printf_fp_dec                           0x0800c81b   Thumb Code     4  printf1.o(x$fpl$printf1)
    __I$use$fp                               0x0800c81e   Number         0  usenofp.o(x$fpl$usenofp)
    asc2_0806                                0x0800c81e   Data         552  oled.o(.constdata)
    asc2_1206                                0x0800ca46   Data        1140  oled.o(.constdata)
    asc2_1608                                0x0800ceba   Data        1520  oled.o(.constdata)
    asc2_2412                                0x0800d4aa   Data        3420  oled.o(.constdata)
    Hzk1                                     0x0800e206   Data         192  oled.o(.constdata)
    Hzk2                                     0x0800e2c6   Data          72  oled.o(.constdata)
    Hzk3                                     0x0800e30e   Data         128  oled.o(.constdata)
    Hzk4                                     0x0800e38e   Data         512  oled.o(.constdata)
    reg                                      0x0800e590   Data          27  inv_mpu.o(.constdata)
    hw                                       0x0800e5ac   Data          12  inv_mpu.o(.constdata)
    test                                     0x0800e5b8   Data          40  inv_mpu.o(.constdata)
    __mathlib_zero                           0x0800f390   Data           8  qnan.o(.constdata)
    Region$$Table$$Base                      0x0800f47c   Number         0  anon$$obj.o(Region$$Table)
    Region$$Table$$Limit                     0x0800f49c   Number         0  anon$$obj.o(Region$$Table)
    __ctype                                  0x0800f4c5   Data           0  lc_ctype_c.o(locale$$data)
    i                                        0x20000000   Data           4  work.o(.data)
    now_color                                0x20000004   Data           4  work.o(.data)
    last_color                               0x20000008   Data           4  work.o(.data)
    now_position                             0x2000000c   Data           4  work.o(.data)
    last_position                            0x20000010   Data           4  work.o(.data)
    a                                        0x20000014   Data           3  work.o(.data)
    wukuai                                   0x20000017   Data           5  work.o(.data)
    color                                    0x2000001c   Data          20  work.o(.data)
    anti_color                               0x20000030   Data          20  work.o(.data)
    color_distribution                       0x20000044   Data          20  work.o(.data)
    hozhua                                   0x20000058   Data          20  work.o(.data)
    Remainder                                0x2000006c   Data           4  oled.o(.data)
    Divisor                                  0x20000070   Data           4  oled.o(.data)
    Dis_Buf1                                 0x20000074   Data           8  oled.o(.data)
    Dis_Buf2                                 0x2000007c   Data           8  oled.o(.data)
    Dis_Buf3                                 0x20000084   Data           8  oled.o(.data)
    INTEGRATION_CYCLES_MIN                   0x2000008c   Data           4  tcs34725.o(.data)
    INTEGRATION_CYCLES_MAX                   0x20000090   Data           4  tcs34725.o(.data)
    INTEGRATION_TIME_MS_MIN                  0x20000094   Data           4  tcs34725.o(.data)
    INTEGRATION_TIME_MS_MAX                  0x20000098   Data           4  tcs34725.o(.data)
    C_Dat                                    0x2000009c   Data           8  tcs34725.o(.data)
    RGB888                                   0x200000a4   Data           4  tcs34725.o(.data)
    RGB565                                   0x200000a8   Data           2  tcs34725.o(.data)
    R_Dat                                    0x200000aa   Data           1  tcs34725.o(.data)
    G_Dat                                    0x200000ab   Data           1  tcs34725.o(.data)
    B_Dat                                    0x200000ac   Data           1  tcs34725.o(.data)
    rgb                                      0x200000ae   Data           8  tcs34725.o(.data)
    test_val                                 0x200000b8   Data           4  time_go.o(.data)
    yaw_count                                0x200000bc   Data           4  time_go.o(.data)
    __stdout                                 0x200000c8   Data           4  usart1.o(.data)
    USART_RX_STA                             0x200000cc   Data           2  usart1.o(.data)
    isUartRxCompleted                        0x200000ce   Data           1  usart6.o(.data)
    pxCurrentTCB                             0x200000e4   Data           4  tasks.o(.data)
    pitch                                    0x20000158   Data           4  inv_mpu.o(.data)
    roll                                     0x2000015c   Data           4  inv_mpu.o(.data)
    yaw                                      0x20000160   Data           4  inv_mpu.o(.data)
    myaw                                     0x2000016e   Data           2  sixe_angle.o(.data)
    targetDeviceAddress                      0x20000170   Data           1  im948_cmd.o(.data)
    Yaw                                      0x20000174   Data           4  im948_cmd.o(.data)
    im948_ctl                                0x20000178   Data           1  im948_cmd.o(.data)
    color_residuum                           0x2000017c   Data          20  work.o(.bss)
    LobotRxBuf                               0x20000190   Data          16  lobotserialservo.o(.bss)
    OLED_GRAM                                0x200001a0   Data        1152  oled.o(.bss)
    USART_RX_BUF                             0x20000620   Data         200  usart1.o(.bss)
    UART_RX_BUF                              0x200006e8   Data          16  usart6.o(.bss)
    __libspace_start                         0x20000a3c   Data          96  libspace.o(.bss)
    __temporary_stack_top$libspace           0x20000a9c   Data           0  libspace.o(.bss)



==============================================================================

Memory Map of the image

  Image Entry point : 0x08000189

  Load Region LR_IROM1 (Base: 0x08000000, Size: 0x0000f744, Max: 0x00100000, ABSOLUTE, COMPRESSED[0x0000f630])

    Execution Region ER_IROM1 (Exec base: 0x08000000, Load base: 0x08000000, Size: 0x0000f5c8, Max: 0x00100000, ABSOLUTE)

    Exec Addr    Load Addr    Size         Type   Attr      Idx    E Section Name        Object

    0x08000000   0x08000000   0x00000188   Data   RO          556    RESET               startup_stm32f40_41xxx.o
    0x08000188   0x08000188   0x00000008   Code   RO         8892  * !!!main             c_w.l(__main.o)
    0x08000190   0x08000190   0x00000034   Code   RO         9278    !!!scatter          c_w.l(__scatter.o)
    0x080001c4   0x080001c4   0x0000005a   Code   RO         9276    !!dczerorl2         c_w.l(__dczerorl2.o)
    0x0800021e   0x0800021e   0x00000002   PAD
    0x08000220   0x08000220   0x0000001c   Code   RO         9280    !!handler_zi        c_w.l(__scatter_zi.o)
    0x0800023c   0x0800023c   0x00000000   Code   RO         8874    .ARM.Collect$$_printf_percent$$00000000  c_w.l(_printf_percent.o)
    0x0800023c   0x0800023c   0x00000006   Code   RO         8873    .ARM.Collect$$_printf_percent$$00000003  c_w.l(_printf_f.o)
    0x08000242   0x08000242   0x00000006   Code   RO         8870    .ARM.Collect$$_printf_percent$$00000008  c_w.l(_printf_i.o)
    0x08000248   0x08000248   0x00000006   Code   RO         8871    .ARM.Collect$$_printf_percent$$00000009  c_w.l(_printf_d.o)
    0x0800024e   0x0800024e   0x00000006   Code   RO         8872    .ARM.Collect$$_printf_percent$$0000000A  c_w.l(_printf_u.o)
    0x08000254   0x08000254   0x00000006   Code   RO         8869    .ARM.Collect$$_printf_percent$$0000000B  c_w.l(_printf_o.o)
    0x0800025a   0x0800025a   0x00000006   Code   RO         8868    .ARM.Collect$$_printf_percent$$0000000C  c_w.l(_printf_x.o)
    0x08000260   0x08000260   0x0000000a   Code   RO         8992    .ARM.Collect$$_printf_percent$$00000012  c_w.l(_printf_l.o)
    0x0800026a   0x0800026a   0x00000006   Code   RO         8866    .ARM.Collect$$_printf_percent$$00000013  c_w.l(_printf_c.o)
    0x08000270   0x08000270   0x00000006   Code   RO         8867    .ARM.Collect$$_printf_percent$$00000014  c_w.l(_printf_s.o)
    0x08000276   0x08000276   0x00000006   Code   RO         8875    .ARM.Collect$$_printf_percent$$00000015  c_w.l(_printf_lc.o)
    0x0800027c   0x0800027c   0x00000004   Code   RO         8991    .ARM.Collect$$_printf_percent$$00000017  c_w.l(_printf_percent_end.o)
    0x08000280   0x08000280   0x00000002   Code   RO         9147    .ARM.Collect$$libinit$$00000000  c_w.l(libinit.o)
    0x08000282   0x08000282   0x00000004   Code   RO         9148    .ARM.Collect$$libinit$$00000001  c_w.l(libinit2.o)
    0x08000286   0x08000286   0x00000000   Code   RO         9151    .ARM.Collect$$libinit$$00000004  c_w.l(libinit2.o)
    0x08000286   0x08000286   0x00000000   Code   RO         9154    .ARM.Collect$$libinit$$0000000A  c_w.l(libinit2.o)
    0x08000286   0x08000286   0x00000000   Code   RO         9156    .ARM.Collect$$libinit$$0000000C  c_w.l(libinit2.o)
    0x08000286   0x08000286   0x00000000   Code   RO         9158    .ARM.Collect$$libinit$$0000000E  c_w.l(libinit2.o)
    0x08000286   0x08000286   0x00000006   Code   RO         9159    .ARM.Collect$$libinit$$0000000F  c_w.l(libinit2.o)
    0x0800028c   0x0800028c   0x00000000   Code   RO         9161    .ARM.Collect$$libinit$$00000011  c_w.l(libinit2.o)
    0x0800028c   0x0800028c   0x0000000c   Code   RO         9162    .ARM.Collect$$libinit$$00000012  c_w.l(libinit2.o)
    0x08000298   0x08000298   0x00000000   Code   RO         9163    .ARM.Collect$$libinit$$00000013  c_w.l(libinit2.o)
    0x08000298   0x08000298   0x00000000   Code   RO         9165    .ARM.Collect$$libinit$$00000015  c_w.l(libinit2.o)
    0x08000298   0x08000298   0x0000000a   Code   RO         9166    .ARM.Collect$$libinit$$00000016  c_w.l(libinit2.o)
    0x080002a2   0x080002a2   0x00000000   Code   RO         9167    .ARM.Collect$$libinit$$00000017  c_w.l(libinit2.o)
    0x080002a2   0x080002a2   0x00000000   Code   RO         9169    .ARM.Collect$$libinit$$00000019  c_w.l(libinit2.o)
    0x080002a2   0x080002a2   0x00000000   Code   RO         9171    .ARM.Collect$$libinit$$0000001B  c_w.l(libinit2.o)
    0x080002a2   0x080002a2   0x00000000   Code   RO         9173    .ARM.Collect$$libinit$$0000001D  c_w.l(libinit2.o)
    0x080002a2   0x080002a2   0x00000000   Code   RO         9175    .ARM.Collect$$libinit$$0000001F  c_w.l(libinit2.o)
    0x080002a2   0x080002a2   0x00000000   Code   RO         9177    .ARM.Collect$$libinit$$00000021  c_w.l(libinit2.o)
    0x080002a2   0x080002a2   0x00000000   Code   RO         9179    .ARM.Collect$$libinit$$00000023  c_w.l(libinit2.o)
    0x080002a2   0x080002a2   0x00000000   Code   RO         9181    .ARM.Collect$$libinit$$00000025  c_w.l(libinit2.o)
    0x080002a2   0x080002a2   0x00000000   Code   RO         9185    .ARM.Collect$$libinit$$0000002C  c_w.l(libinit2.o)
    0x080002a2   0x080002a2   0x00000000   Code   RO         9187    .ARM.Collect$$libinit$$0000002E  c_w.l(libinit2.o)
    0x080002a2   0x080002a2   0x00000000   Code   RO         9189    .ARM.Collect$$libinit$$00000030  c_w.l(libinit2.o)
    0x080002a2   0x080002a2   0x00000000   Code   RO         9191    .ARM.Collect$$libinit$$00000032  c_w.l(libinit2.o)
    0x080002a2   0x080002a2   0x00000002   Code   RO         9192    .ARM.Collect$$libinit$$00000033  c_w.l(libinit2.o)
    0x080002a4   0x080002a4   0x00000002   Code   RO         9234    .ARM.Collect$$libshutdown$$00000000  c_w.l(libshutdown.o)
    0x080002a6   0x080002a6   0x00000000   Code   RO         9243    .ARM.Collect$$libshutdown$$00000002  c_w.l(libshutdown2.o)
    0x080002a6   0x080002a6   0x00000000   Code   RO         9245    .ARM.Collect$$libshutdown$$00000004  c_w.l(libshutdown2.o)
    0x080002a6   0x080002a6   0x00000000   Code   RO         9247    .ARM.Collect$$libshutdown$$00000006  c_w.l(libshutdown2.o)
    0x080002a6   0x080002a6   0x00000000   Code   RO         9250    .ARM.Collect$$libshutdown$$00000009  c_w.l(libshutdown2.o)
    0x080002a6   0x080002a6   0x00000000   Code   RO         9253    .ARM.Collect$$libshutdown$$0000000C  c_w.l(libshutdown2.o)
    0x080002a6   0x080002a6   0x00000000   Code   RO         9255    .ARM.Collect$$libshutdown$$0000000E  c_w.l(libshutdown2.o)
    0x080002a6   0x080002a6   0x00000000   Code   RO         9258    .ARM.Collect$$libshutdown$$00000011  c_w.l(libshutdown2.o)
    0x080002a6   0x080002a6   0x00000002   Code   RO         9259    .ARM.Collect$$libshutdown$$00000012  c_w.l(libshutdown2.o)
    0x080002a8   0x080002a8   0x00000000   Code   RO         8972    .ARM.Collect$$rtentry$$00000000  c_w.l(__rtentry.o)
    0x080002a8   0x080002a8   0x00000000   Code   RO         9056    .ARM.Collect$$rtentry$$00000002  c_w.l(__rtentry2.o)
    0x080002a8   0x080002a8   0x00000006   Code   RO         9068    .ARM.Collect$$rtentry$$00000004  c_w.l(__rtentry4.o)
    0x080002ae   0x080002ae   0x00000000   Code   RO         9058    .ARM.Collect$$rtentry$$00000009  c_w.l(__rtentry2.o)
    0x080002ae   0x080002ae   0x00000004   Code   RO         9059    .ARM.Collect$$rtentry$$0000000A  c_w.l(__rtentry2.o)
    0x080002b2   0x080002b2   0x00000000   Code   RO         9061    .ARM.Collect$$rtentry$$0000000C  c_w.l(__rtentry2.o)
    0x080002b2   0x080002b2   0x00000008   Code   RO         9062    .ARM.Collect$$rtentry$$0000000D  c_w.l(__rtentry2.o)
    0x080002ba   0x080002ba   0x00000002   Code   RO         9193    .ARM.Collect$$rtexit$$00000000  c_w.l(rtexit.o)
    0x080002bc   0x080002bc   0x00000000   Code   RO         9204    .ARM.Collect$$rtexit$$00000002  c_w.l(rtexit2.o)
    0x080002bc   0x080002bc   0x00000004   Code   RO         9205    .ARM.Collect$$rtexit$$00000003  c_w.l(rtexit2.o)
    0x080002c0   0x080002c0   0x00000006   Code   RO         9206    .ARM.Collect$$rtexit$$00000004  c_w.l(rtexit2.o)
    0x080002c6   0x080002c6   0x00000002   PAD
    0x080002c8   0x080002c8   0x000000b6   Code   RO         7540    .emb_text           port.o
    0x0800037e   0x0800037e   0x00000002   PAD
    0x08000380   0x08000380   0x00000040   Code   RO          557    .text               startup_stm32f40_41xxx.o
    0x080003c0   0x080003c0   0x00000002   Code   RO         8794    .text               c_w.l(use_no_semi_2.o)
    0x080003c2   0x080003c2   0x00000048   Code   RO         8796    .text               c_w.l(llsdiv.o)
    0x0800040a   0x0800040a   0x00000002   PAD
    0x0800040c   0x0800040c   0x00000018   Code   RO         8802    .text               c_w.l(noretval__2printf.o)
    0x08000424   0x08000424   0x0000004e   Code   RO         8808    .text               c_w.l(_printf_pad.o)
    0x08000472   0x08000472   0x00000024   Code   RO         8810    .text               c_w.l(_printf_truncate.o)
    0x08000496   0x08000496   0x00000052   Code   RO         8812    .text               c_w.l(_printf_str.o)
    0x080004e8   0x080004e8   0x00000078   Code   RO         8814    .text               c_w.l(_printf_dec.o)
    0x08000560   0x08000560   0x000000bc   Code   RO         8816    .text               c_w.l(_printf_wctomb.o)
    0x0800061c   0x0800061c   0x00000050   Code   RO         8821    .text               c_w.l(_printf_oct_int.o)
    0x0800066c   0x0800066c   0x00000058   Code   RO         8828    .text               c_w.l(_printf_hex_int.o)
    0x080006c4   0x080006c4   0x00000188   Code   RO         8863    .text               c_w.l(__printf_flags_ss_wp.o)
    0x0800084c   0x0800084c   0x00000058   Code   RO         8876    .text               c_w.l(memcmp.o)
    0x080008a4   0x080008a4   0x0000008a   Code   RO         8882    .text               c_w.l(rt_memcpy_v6.o)
    0x0800092e   0x0800092e   0x00000064   Code   RO         8884    .text               c_w.l(rt_memcpy_w.o)
    0x08000992   0x08000992   0x00000010   Code   RO         8886    .text               c_w.l(aeabi_memset.o)
    0x080009a2   0x080009a2   0x0000004e   Code   RO         8888    .text               c_w.l(rt_memclr_w.o)
    0x080009f0   0x080009f0   0x00000006   Code   RO         8890    .text               c_w.l(heapauxi.o)
    0x080009f6   0x080009f6   0x00000002   Code   RO         8970    .text               c_w.l(use_no_semi.o)
    0x080009f8   0x080009f8   0x000000ee   Code   RO         8973    .text               c_w.l(lludivv7m.o)
    0x08000ae6   0x08000ae6   0x00000016   Code   RO         8975    .text               c_w.l(_rserrno.o)
    0x08000afc   0x08000afc   0x000000b2   Code   RO         8977    .text               c_w.l(_printf_intcommon.o)
    0x08000bae   0x08000bae   0x0000041e   Code   RO         8979    .text               c_w.l(_printf_fp_dec.o)
    0x08000fcc   0x08000fcc   0x00000030   Code   RO         8981    .text               c_w.l(_printf_char_common.o)
    0x08000ffc   0x08000ffc   0x0000002c   Code   RO         8985    .text               c_w.l(_printf_char.o)
    0x08001028   0x08001028   0x00000024   Code   RO         8987    .text               c_w.l(_printf_char_file.o)
    0x0800104c   0x0800104c   0x0000002c   Code   RO         8989    .text               c_w.l(_printf_wchar.o)
    0x08001078   0x08001078   0x00000040   Code   RO         8993    .text               c_w.l(_wcrtomb.o)
    0x080010b8   0x080010b8   0x00000044   Code   RO         8995    .text               c_w.l(rt_memclr.o)
    0x080010fc   0x080010fc   0x00000010   Code   RO         9070    .text               c_w.l(rt_ctype_table.o)
    0x0800110c   0x0800110c   0x00000008   Code   RO         9079    .text               c_w.l(rt_locale_intlibspace.o)
    0x08001114   0x08001114   0x00000008   Code   RO         9084    .text               c_w.l(rt_errno_addr_intlibspace.o)
    0x0800111c   0x0800111c   0x0000008a   Code   RO         9086    .text               c_w.l(lludiv10.o)
    0x080011a6   0x080011a6   0x00000002   PAD
    0x080011a8   0x080011a8   0x00000080   Code   RO         9088    .text               c_w.l(_printf_fp_infnan.o)
    0x08001228   0x08001228   0x000000e4   Code   RO         9092    .text               c_w.l(bigflt0.o)
    0x0800130c   0x0800130c   0x00000008   Code   RO         9117    .text               c_w.l(ferror.o)
    0x08001314   0x08001314   0x00000008   Code   RO         9128    .text               c_w.l(libspace.o)
    0x0800131c   0x0800131c   0x0000004a   Code   RO         9131    .text               c_w.l(sys_stackheap_outer.o)
    0x08001366   0x08001366   0x00000012   Code   RO         9138    .text               c_w.l(exit.o)
    0x08001378   0x08001378   0x00000080   Code   RO         9140    .text               c_w.l(strcmpv7m.o)
    0x080013f8   0x080013f8   0x0000003e   Code   RO         9095    CL$$btod_d2e        c_w.l(btod.o)
    0x08001436   0x08001436   0x00000046   Code   RO         9097    CL$$btod_d2e_denorm_low  c_w.l(btod.o)
    0x0800147c   0x0800147c   0x00000060   Code   RO         9096    CL$$btod_d2e_norm_op1  c_w.l(btod.o)
    0x080014dc   0x080014dc   0x00000338   Code   RO         9105    CL$$btod_div_common  c_w.l(btod.o)
    0x08001814   0x08001814   0x000000dc   Code   RO         9102    CL$$btod_e2e        c_w.l(btod.o)
    0x080018f0   0x080018f0   0x0000002a   Code   RO         9099    CL$$btod_ediv       c_w.l(btod.o)
    0x0800191a   0x0800191a   0x0000002a   Code   RO         9098    CL$$btod_emul       c_w.l(btod.o)
    0x08001944   0x08001944   0x00000244   Code   RO         9104    CL$$btod_mult_common  c_w.l(btod.o)
    0x08001b88   0x08001b88   0x00000040   Code   RO         1046    i.BEEP_Init         beep.o
    0x08001bc8   0x08001bc8   0x00000010   Code   RO          402    i.B_adjust_pose     work.o
    0x08001bd8   0x08001bd8   0x00000004   Code   RO          286    i.BusFault_Handler  stm32f4xx_it.o
    0x08001bdc   0x08001bdc   0x00000018   Code   RO         8411    i.CalcSum1          im948_cmd.o
    0x08001bf4   0x08001bf4   0x0000000c   Code   RO          586    i.Car_Advance30     tb6612.o
    0x08001c00   0x08001c00   0x0000000e   Code   RO          590    i.Car_Retreat28     tb6612.o
    0x08001c0e   0x08001c0e   0x0000000e   Code   RO          591    i.Car_Retreat30     tb6612.o
    0x08001c1c   0x08001c1c   0x00000094   Code   RO         8375    i.Car_TurnToAngle4  sixe_angle.o
    0x08001cb0   0x08001cb0   0x0000002c   Code   RO         8413    i.Cmd_03            im948_cmd.o
    0x08001cdc   0x08001cdc   0x0000008c   Code   RO         8421    i.Cmd_12            im948_cmd.o
    0x08001d68   0x08001d68   0x00000054   Code   RO         8423    i.Cmd_14            im948_cmd.o
    0x08001dbc   0x08001dbc   0x00000034   Code   RO         8428    i.Cmd_19            im948_cmd.o
    0x08001df0   0x08001df0   0x00000160   Code   RO         8460    i.Cmd_GetPkt        im948_cmd.o
    0x08001f50   0x08001f50   0x00000078   Code   RO         8461    i.Cmd_PackAndTx     im948_cmd.o
    0x08001fc8   0x08001fc8   0x00001a6c   Code   RO         8462    i.Cmd_RxUnpack      im948_cmd.o
    0x08003a34   0x08003a34   0x00000034   Code   RO         8463    i.Cmd_Write         im948_cmd.o
    0x08003a68   0x08003a68   0x00000030   Code   RO         1270    i.Data_Processing   tcs34725.o
    0x08003a98   0x08003a98   0x00000040   Code   RO         8464    i.Dbp_U8_buf        im948_cmd.o
    0x08003ad8   0x08003ad8   0x00000002   Code   RO          287    i.DebugMon_Handler  stm32f4xx_it.o
    0x08003ada   0x08003ada   0x00000002   PAD
    0x08003adc   0x08003adc   0x0000019c   Code   RO         1092    i.Dis_Temp          oled.o
    0x08003c78   0x08003c78   0x00000030   Code   RO         1234    i.EXTI4_IRQHandler  exti.o
    0x08003ca8   0x08003ca8   0x00000052   Code   RO         1235    i.EXTIX_Init        exti.o
    0x08003cfa   0x08003cfa   0x00000002   PAD
    0x08003cfc   0x08003cfc   0x0000000c   Code   RO         3126    i.EXTI_ClearITPendingBit  stm32f4xx_exti.o
    0x08003d08   0x08003d08   0x00000018   Code   RO         3130    i.EXTI_GetITStatus  stm32f4xx_exti.o
    0x08003d20   0x08003d20   0x00000094   Code   RO         3131    i.EXTI_Init         stm32f4xx_exti.o
    0x08003db4   0x08003db4   0x00000010   Code   RO          403    i.F_adjust_pose     work.o
    0x08003dc4   0x08003dc4   0x00000090   Code   RO         3602    i.GPIO_Init         stm32f4xx_gpio.o
    0x08003e54   0x08003e54   0x00000046   Code   RO         3603    i.GPIO_PinAFConfig  stm32f4xx_gpio.o
    0x08003e9a   0x08003e9a   0x00000012   Code   RO         3606    i.GPIO_ReadInputDataBit  stm32f4xx_gpio.o
    0x08003eac   0x08003eac   0x00000004   Code   RO         3609    i.GPIO_ResetBits    stm32f4xx_gpio.o
    0x08003eb0   0x08003eb0   0x00000004   Code   RO         3610    i.GPIO_SetBits      stm32f4xx_gpio.o
    0x08003eb4   0x08003eb4   0x00000010   Code   RO          404    i.Go_Centre         work.o
    0x08003ec4   0x08003ec4   0x00000010   Code   RO          927    i.Grayscale_Init    grayscale.o
    0x08003ed4   0x08003ed4   0x000000c0   Code   RO          928    i.HDIO_Init         grayscale.o
    0x08003f94   0x08003f94   0x00000004   Code   RO          288    i.HardFault_Handler  stm32f4xx_it.o
    0x08003f98   0x08003f98   0x00000050   Code   RO         7682    i.IIC2_Ack          iic2.o
    0x08003fe8   0x08003fe8   0x0000004c   Code   RO         7683    i.IIC2_Init         iic2.o
    0x08004034   0x08004034   0x00000050   Code   RO         7684    i.IIC2_NAck         iic2.o
    0x08004084   0x08004084   0x0000006c   Code   RO         7685    i.IIC2_Read_Byte    iic2.o
    0x080040f0   0x080040f0   0x00000068   Code   RO         7686    i.IIC2_Send_Byte    iic2.o
    0x08004158   0x08004158   0x0000004c   Code   RO         7687    i.IIC2_Start        iic2.o
    0x080041a4   0x080041a4   0x0000004c   Code   RO         7688    i.IIC2_Stop         iic2.o
    0x080041f0   0x080041f0   0x00000060   Code   RO         7689    i.IIC2_Wait_Ack     iic2.o
    0x08004250   0x08004250   0x00000054   Code   RO          777    i.IIC3_Ack          iic3.o
    0x080042a4   0x080042a4   0x00000090   Code   RO          778    i.IIC3_Init         iic3.o
    0x08004334   0x08004334   0x00000054   Code   RO          779    i.IIC3_NAck         iic3.o
    0x08004388   0x08004388   0x0000006c   Code   RO          780    i.IIC3_Read_Byte    iic3.o
    0x080043f4   0x080043f4   0x00000068   Code   RO          781    i.IIC3_Send_Byte    iic3.o
    0x0800445c   0x0800445c   0x0000004c   Code   RO          782    i.IIC3_Start        iic3.o
    0x080044a8   0x080044a8   0x0000004c   Code   RO          783    i.IIC3_Stop         iic3.o
    0x080044f4   0x080044f4   0x00000060   Code   RO          784    i.IIC3_Wait_Ack     iic3.o
    0x08004554   0x08004554   0x0000003a   Code   RO         8767    i.IM948_init        im948_turnangle.o
    0x0800458e   0x0800458e   0x00000002   PAD
    0x08004590   0x08004590   0x000000a0   Code   RO            3    i.Init              main.o
    0x08004630   0x08004630   0x00000054   Code   RO         1019    i.KEY_Init          key.o
    0x08004684   0x08004684   0x0000003c   Code   RO          563    i.LED_Init          led.o
    0x080046c0   0x080046c0   0x00000048   Code   RO          929    i.L_Back_Count      grayscale.o
    0x08004708   0x08004708   0x00000048   Code   RO          930    i.L_Centre_Count    grayscale.o
    0x08004750   0x08004750   0x00000048   Code   RO          931    i.L_Front_Count     grayscale.o
    0x08004798   0x08004798   0x00000034   Code   RO          595    i.MOTOR_Init        tb6612.o
    0x080047cc   0x080047cc   0x0000007a   Code   RO         8286    i.MPU_Init          mpu6050.o
    0x08004846   0x08004846   0x0000003a   Code   RO         8287    i.MPU_Read_Byte     mpu6050.o
    0x08004880   0x08004880   0x00000074   Code   RO         8288    i.MPU_Read_Len      mpu6050.o
    0x080048f4   0x080048f4   0x00000010   Code   RO         8289    i.MPU_Set_Accel_Fsr  mpu6050.o
    0x08004904   0x08004904   0x00000010   Code   RO         8290    i.MPU_Set_Gyro_Fsr  mpu6050.o
    0x08004914   0x08004914   0x0000003a   Code   RO         8291    i.MPU_Set_LPF       mpu6050.o
    0x0800494e   0x0800494e   0x0000003a   Code   RO         8292    i.MPU_Set_Rate      mpu6050.o
    0x08004988   0x08004988   0x00000044   Code   RO         8293    i.MPU_Write_Byte    mpu6050.o
    0x080049cc   0x080049cc   0x00000060   Code   RO         8294    i.MPU_Write_Len     mpu6050.o
    0x08004a2c   0x08004a2c   0x00000010   Code   RO         1596    i.MY_NVIC_SetVectorTable  sys.o
    0x08004a3c   0x08004a3c   0x00000004   Code   RO          289    i.MemManage_Handler  stm32f4xx_it.o
    0x08004a40   0x08004a40   0x0000001c   Code   RO         8465    i.Memcpy            im948_cmd.o
    0x08004a5c   0x08004a5c   0x00000002   Code   RO          290    i.NMI_Handler       stm32f4xx_it.o
    0x08004a5e   0x08004a5e   0x00000002   PAD
    0x08004a60   0x08004a60   0x00000078   Code   RO         1879    i.NVIC_Init         misc.o
    0x08004ad8   0x08004ad8   0x00000014   Code   RO         1880    i.NVIC_PriorityGroupConfig  misc.o
    0x08004aec   0x08004aec   0x00000030   Code   RO         1093    i.OLED_Clear        oled.o
    0x08004b1c   0x08004b1c   0x00000078   Code   RO         1100    i.OLED_DrawPoint    oled.o
    0x08004b94   0x08004b94   0x00000130   Code   RO         1101    i.OLED_Init         oled.o
    0x08004cc4   0x08004cc4   0x0000004c   Code   RO         1103    i.OLED_Refresh      oled.o
    0x08004d10   0x08004d10   0x0000013c   Code   RO         1105    i.OLED_ShowChar     oled.o
    0x08004e4c   0x08004e4c   0x00000104   Code   RO         1106    i.OLED_ShowChinese  oled.o
    0x08004f50   0x08004f50   0x0000004a   Code   RO         1109    i.OLED_ShowString   oled.o
    0x08004f9a   0x08004f9a   0x00000002   PAD
    0x08004f9c   0x08004f9c   0x00000074   Code   RO         1110    i.OLED_WR_Byte      oled.o
    0x08005010   0x08005010   0x00000090   Code   RO         1111    i.OLED_printf       oled.o
    0x080050a0   0x080050a0   0x0000003a   Code   RO          839    i.PCA9685_read      pca9685.o
    0x080050da   0x080050da   0x0000002e   Code   RO          840    i.PCA9685_write     pca9685.o
    0x08005108   0x08005108   0x00000020   Code   RO         4466    i.RCC_AHB1PeriphClockCmd  stm32f4xx_rcc.o
    0x08005128   0x08005128   0x00000020   Code   RO         4475    i.RCC_APB1PeriphClockCmd  stm32f4xx_rcc.o
    0x08005148   0x08005148   0x00000020   Code   RO         4478    i.RCC_APB2PeriphClockCmd  stm32f4xx_rcc.o
    0x08005168   0x08005168   0x000000e8   Code   RO         4487    i.RCC_GetClocksFreq  stm32f4xx_rcc.o
    0x08005250   0x08005250   0x00000018   Code   RO         1338    i.SDA_Pin_IN        iic1.o
    0x08005268   0x08005268   0x0000001c   Code   RO         1339    i.SDA_Pin_Output    iic1.o
    0x08005284   0x08005284   0x00000040   Code   RO         5744    i.SYSCFG_EXTILineConfig  stm32f4xx_syscfg.o
    0x080052c4   0x080052c4   0x000000b4   Code   RO         8377    i.Scan_MpuVal       sixe_angle.o
    0x08005378   0x08005378   0x000002ec   Code   RO         1424    i.SearchRun         gray_go.o
    0x08005664   0x08005664   0x000000ec   Code   RO          365    i.SetSysClock       system_stm32f4xx.o
    0x08005750   0x08005750   0x000000e4   Code   RO          598    i.Set_Motor         tb6612.o
    0x08005834   0x08005834   0x00000068   Code   RO         1597    i.Stm32_Clock_Init  sys.o
    0x0800589c   0x0800589c   0x00000028   Code   RO         1883    i.SysTick_CLKSourceConfig  misc.o
    0x080058c4   0x080058c4   0x00000010   Code   RO         1532    i.SysTick_Handler   delay.o
    0x080058d4   0x080058d4   0x0000010c   Code   RO         1598    i.Sys_Clock_Set     sys.o
    0x080059e0   0x080059e0   0x00000068   Code   RO          367    i.SystemInit        system_stm32f4xx.o
    0x08005a48   0x08005a48   0x000000ec   Code   RO          599    i.TB6612_Init       tb6612.o
    0x08005b34   0x08005b34   0x0000006c   Code   RO         1340    i.TCS34725_GPIO_Init  iic1.o
    0x08005ba0   0x08005ba0   0x000001b8   Code   RO         1271    i.TCS34725_GetRGB565  tcs34725.o
    0x08005d58   0x08005d58   0x000001b6   Code   RO         1272    i.TCS34725_GetRGB888  tcs34725.o
    0x08005f0e   0x08005f0e   0x00000002   PAD
    0x08005f10   0x08005f10   0x00000074   Code   RO         1273    i.TCS34725_Get_RGBData  tcs34725.o
    0x08005f84   0x08005f84   0x00000028   Code   RO         1341    i.TCS34725_IIC_ACK  iic1.o
    0x08005fac   0x08005fac   0x0000000a   Code   RO         1342    i.TCS34725_IIC_Delay  iic1.o
    0x08005fb6   0x08005fb6   0x00000002   PAD
    0x08005fb8   0x08005fb8   0x00000050   Code   RO         1343    i.TCS34725_IIC_Get_ack  iic1.o
    0x08006008   0x08006008   0x00000024   Code   RO         1345    i.TCS34725_IIC_NACK  iic1.o
    0x0800602c   0x0800602c   0x00000060   Code   RO         1346    i.TCS34725_IIC_read_byte  iic1.o
    0x0800608c   0x0800608c   0x00000030   Code   RO         1347    i.TCS34725_IIC_start  iic1.o
    0x080060bc   0x080060bc   0x00000030   Code   RO         1348    i.TCS34725_IIC_stop  iic1.o
    0x080060ec   0x080060ec   0x00000054   Code   RO         1349    i.TCS34725_IIC_write_byte  iic1.o
    0x08006140   0x08006140   0x00000040   Code   RO         1274    i.TCS34725_Init     tcs34725.o
    0x08006180   0x08006180   0x00000058   Code   RO         1275    i.TCS34725_ReadWord  tcs34725.o
    0x080061d8   0x080061d8   0x0000002e   Code   RO         1276    i.TCS34725_WriteByte  tcs34725.o
    0x08006206   0x08006206   0x00000002   PAD
    0x08006208   0x08006208   0x00000034   Code   RO         1452    i.TIM3_IRQHandler   time_go.o
    0x0800623c   0x0800623c   0x0000005c   Code   RO         1506    i.TIM3_Init         timer.o
    0x08006298   0x08006298   0x00000018   Code   RO         5801    i.TIM_ARRPreloadConfig  stm32f4xx_tim.o
    0x080062b0   0x080062b0   0x00000006   Code   RO         5808    i.TIM_ClearITPendingBit  stm32f4xx_tim.o
    0x080062b6   0x080062b6   0x00000018   Code   RO         5813    i.TIM_Cmd           stm32f4xx_tim.o
    0x080062ce   0x080062ce   0x00000022   Code   RO         5834    i.TIM_GetITStatus   stm32f4xx_tim.o
    0x080062f0   0x080062f0   0x00000012   Code   RO         5838    i.TIM_ITConfig      stm32f4xx_tim.o
    0x08006302   0x08006302   0x00000002   PAD
    0x08006304   0x08006304   0x0000007c   Code   RO         5842    i.TIM_OC1Init       stm32f4xx_tim.o
    0x08006380   0x08006380   0x00000012   Code   RO         5845    i.TIM_OC1PreloadConfig  stm32f4xx_tim.o
    0x08006392   0x08006392   0x00000002   PAD
    0x08006394   0x08006394   0x000000a4   Code   RO         5847    i.TIM_OC2Init       stm32f4xx_tim.o
    0x08006438   0x08006438   0x0000001a   Code   RO         5850    i.TIM_OC2PreloadConfig  stm32f4xx_tim.o
    0x08006452   0x08006452   0x00000002   PAD
    0x08006454   0x08006454   0x000000a0   Code   RO         5852    i.TIM_OC3Init       stm32f4xx_tim.o
    0x080064f4   0x080064f4   0x00000012   Code   RO         5855    i.TIM_OC3PreloadConfig  stm32f4xx_tim.o
    0x08006506   0x08006506   0x00000002   PAD
    0x08006508   0x08006508   0x00000078   Code   RO         5857    i.TIM_OC4Init       stm32f4xx_tim.o
    0x08006580   0x08006580   0x0000001a   Code   RO         5859    i.TIM_OC4PreloadConfig  stm32f4xx_tim.o
    0x0800659a   0x0800659a   0x00000004   Code   RO         5875    i.TIM_SetCompare1   stm32f4xx_tim.o
    0x0800659e   0x0800659e   0x00000004   Code   RO         5876    i.TIM_SetCompare2   stm32f4xx_tim.o
    0x080065a2   0x080065a2   0x00000004   Code   RO         5877    i.TIM_SetCompare3   stm32f4xx_tim.o
    0x080065a6   0x080065a6   0x00000004   Code   RO         5878    i.TIM_SetCompare4   stm32f4xx_tim.o
    0x080065aa   0x080065aa   0x00000002   PAD
    0x080065ac   0x080065ac   0x00000084   Code   RO         5885    i.TIM_TimeBaseInit  stm32f4xx_tim.o
    0x08006630   0x08006630   0x00000028   Code   RO         1454    i.Time_delay_ms     time_go.o
    0x08006658   0x08006658   0x00000034   Code   RO         1455    i.Time_go           time_go.o
    0x0800668c   0x0800668c   0x00000060   Code   RO         8768    i.ToAngle           im948_turnangle.o
    0x080066ec   0x080066ec   0x00000088   Code   RO         1668    i.USART1_IRQHandler  usart1.o
    0x08006774   0x08006774   0x00000024   Code   RO         1840    i.USART3_IRQHandler  usart3.o
    0x08006798   0x08006798   0x000000d0   Code   RO         1841    i.USART3_Init       usart3.o
    0x08006868   0x08006868   0x00000030   Code   RO         1842    i.USART3_Write      usart3.o
    0x08006898   0x08006898   0x000000ec   Code   RO         1711    i.USART6_IRQHandler  usart6.o
    0x08006984   0x08006984   0x00000018   Code   RO         6363    i.USART_Cmd         stm32f4xx_usart.o
    0x0800699c   0x0800699c   0x0000001a   Code   RO         6366    i.USART_GetFlagStatus  stm32f4xx_usart.o
    0x080069b6   0x080069b6   0x00000054   Code   RO         6367    i.USART_GetITStatus  stm32f4xx_usart.o
    0x08006a0a   0x08006a0a   0x0000004a   Code   RO         6369    i.USART_ITConfig    stm32f4xx_usart.o
    0x08006a54   0x08006a54   0x000000d4   Code   RO         6370    i.USART_Init        stm32f4xx_usart.o
    0x08006b28   0x08006b28   0x0000000a   Code   RO         6377    i.USART_ReceiveData  stm32f4xx_usart.o
    0x08006b32   0x08006b32   0x00000008   Code   RO         6380    i.USART_SendData    stm32f4xx_usart.o
    0x08006b3a   0x08006b3a   0x00000002   PAD
    0x08006b3c   0x08006b3c   0x000000d0   Code   RO         1784    i.Uart4_Init        uart4.o
    0x08006c0c   0x08006c0c   0x000000dc   Code   RO         1763    i.Uart5_Init        uart5.o
    0x08006ce8   0x08006ce8   0x00000004   Code   RO          291    i.UsageFault_Handler  stm32f4xx_it.o
    0x08006cec   0x08006cec   0x000000ac   Code   RO         1669    i.Usart1_Init       usart1.o
    0x08006d98   0x08006d98   0x00000020   Code   RO         1712    i.Usart6NVICInit    usart6.o
    0x08006db8   0x08006db8   0x00000094   Code   RO         1714    i.Usart6_Init       usart6.o
    0x08006e4c   0x08006e4c   0x00000030   Code   RO         9050    i.__ARM_fpclassify  m_wm.l(fpclassify.o)
    0x08006e7c   0x08006e7c   0x00000004   PAD
    0x08006e80   0x08006e80   0x00000360   Code   RO         8926    i.__hardfp_asin     m_wm.l(asin.o)
    0x080071e0   0x080071e0   0x000002d8   Code   RO         9016    i.__hardfp_atan     m_wm.l(atan.o)
    0x080074b8   0x080074b8   0x00000200   Code   RO         8940    i.__hardfp_atan2    m_wm.l(atan2.o)
    0x080076b8   0x080076b8   0x00000118   Code   RO         8952    i.__hardfp_floor    m_wm.l(floor.o)
    0x080077d0   0x080077d0   0x0000007a   Code   RO         8958    i.__hardfp_sqrt     m_wm.l(sqrt.o)
    0x0800784a   0x0800784a   0x000000f8   Code   RO         9052    i.__kernel_poly     m_wm.l(poly.o)
    0x08007942   0x08007942   0x00000014   Code   RO         9031    i.__mathlib_dbl_infnan  m_wm.l(dunder.o)
    0x08007956   0x08007956   0x00000014   Code   RO         9032    i.__mathlib_dbl_infnan2  m_wm.l(dunder.o)
    0x0800796a   0x0800796a   0x00000006   PAD
    0x08007970   0x08007970   0x00000020   Code   RO         9033    i.__mathlib_dbl_invalid  m_wm.l(dunder.o)
    0x08007990   0x08007990   0x00000020   Code   RO         9036    i.__mathlib_dbl_underflow  m_wm.l(dunder.o)
    0x080079b0   0x080079b0   0x0000000e   Code   RO         8856    i._is_digit         c_w.l(__printf_wp.o)
    0x080079be   0x080079be   0x00000004   Code   RO         1670    i._sys_exit         usart1.o
    0x080079c2   0x080079c2   0x00000002   PAD
    0x080079c4   0x080079c4   0x000000c0   Code   RO         7744    i.accel_self_test   inv_mpu.o
    0x08007a84   0x08007a84   0x00000324   Code   RO         1425    i.anti_SearchRun    gray_go.o
    0x08007da8   0x08007da8   0x00000010   Code   RO         9018    i.atan              m_wm.l(atan.o)
    0x08007db8   0x08007db8   0x00000048   Code   RO          405    i.beep              work.o
    0x08007e00   0x08007e00   0x00000080   Code   RO          841    i.calculate_PWM     pca9685.o
    0x08007e80   0x08007e80   0x00000080   Code   RO          406    i.case_one          work.o
    0x08007f00   0x08007f00   0x00000414   Code   RO          407    i.case_three        work.o
    0x08008314   0x08008314   0x000000b8   Code   RO          408    i.case_two          work.o
    0x080083cc   0x080083cc   0x000000b0   Code   RO          409    i.catch_it          work.o
    0x0800847c   0x0800847c   0x0000017c   Code   RO          411    i.color_discrimination  work.o
    0x080085f8   0x080085f8   0x00000068   Code   RO          412    i.color_distribution_one  work.o
    0x08008660   0x08008660   0x00000090   Code   RO          842    i.crazyMe           pca9685.o
    0x080086f0   0x080086f0   0x00000064   Code   RO         8093    i.decode_gesture    inv_mpu_dmp_motion_driver.o
    0x08008754   0x08008754   0x00000044   Code   RO         1533    i.delay_init        delay.o
    0x08008798   0x08008798   0x00000040   Code   RO         1534    i.delay_ms          delay.o
    0x080087d8   0x080087d8   0x00000048   Code   RO         1536    i.delay_us          delay.o
    0x08008820   0x08008820   0x00000018   Code   RO         1537    i.delay_xms         delay.o
    0x08008838   0x08008838   0x0000003c   Code   RO         8094    i.dmp_enable_6x_lp_quat  inv_mpu_dmp_motion_driver.o
    0x08008874   0x08008874   0x0000021c   Code   RO         8095    i.dmp_enable_feature  inv_mpu_dmp_motion_driver.o
    0x08008a90   0x08008a90   0x00000058   Code   RO         8096    i.dmp_enable_gyro_cal  inv_mpu_dmp_motion_driver.o
    0x08008ae8   0x08008ae8   0x0000003c   Code   RO         8097    i.dmp_enable_lp_quat  inv_mpu_dmp_motion_driver.o
    0x08008b24   0x08008b24   0x00000018   Code   RO         8102    i.dmp_load_motion_driver_firmware  inv_mpu_dmp_motion_driver.o
    0x08008b3c   0x08008b3c   0x000001cc   Code   RO         8103    i.dmp_read_fifo     inv_mpu_dmp_motion_driver.o
    0x08008d08   0x08008d08   0x00000130   Code   RO         8106    i.dmp_set_accel_bias  inv_mpu_dmp_motion_driver.o
    0x08008e38   0x08008e38   0x00000070   Code   RO         8107    i.dmp_set_fifo_rate  inv_mpu_dmp_motion_driver.o
    0x08008ea8   0x08008ea8   0x00000130   Code   RO         8108    i.dmp_set_gyro_bias  inv_mpu_dmp_motion_driver.o
    0x08008fd8   0x08008fd8   0x00000138   Code   RO         8110    i.dmp_set_orientation  inv_mpu_dmp_motion_driver.o
    0x08009110   0x08009110   0x00000038   Code   RO         8113    i.dmp_set_shake_reject_thresh  inv_mpu_dmp_motion_driver.o
    0x08009148   0x08009148   0x00000026   Code   RO         8114    i.dmp_set_shake_reject_time  inv_mpu_dmp_motion_driver.o
    0x0800916e   0x0800916e   0x00000026   Code   RO         8115    i.dmp_set_shake_reject_timeout  inv_mpu_dmp_motion_driver.o
    0x08009194   0x08009194   0x00000046   Code   RO         8116    i.dmp_set_tap_axes  inv_mpu_dmp_motion_driver.o
    0x080091da   0x080091da   0x00000026   Code   RO         8117    i.dmp_set_tap_count  inv_mpu_dmp_motion_driver.o
    0x08009200   0x08009200   0x000001c0   Code   RO         8118    i.dmp_set_tap_thresh  inv_mpu_dmp_motion_driver.o
    0x080093c0   0x080093c0   0x00000026   Code   RO         8119    i.dmp_set_tap_time  inv_mpu_dmp_motion_driver.o
    0x080093e6   0x080093e6   0x00000026   Code   RO         8120    i.dmp_set_tap_time_multi  inv_mpu_dmp_motion_driver.o
    0x0800940c   0x0800940c   0x000000a4   Code   RO          414    i.duoji_Init        work.o
    0x080094b0   0x080094b0   0x00000034   Code   RO          938    i.eight_gray1       grayscale.o
    0x080094e4   0x080094e4   0x00000064   Code   RO          939    i.eight_gray2       grayscale.o
    0x08009548   0x08009548   0x00000018   Code   RO         9046    i.fabs              m_wm.l(fabs.o)
    0x08009560   0x08009560   0x0000001c   Code   RO         1785    i.fputc             uart4.o
    0x0800957c   0x0800957c   0x000000d0   Code   RO         7745    i.get_accel_prod_shift  inv_mpu.o
    0x0800964c   0x0800964c   0x0000046c   Code   RO         7746    i.get_st_biases     inv_mpu.o
    0x08009ab8   0x08009ab8   0x0000011c   Code   RO         7747    i.gyro_self_test    inv_mpu.o
    0x08009bd4   0x08009bd4   0x00000070   Code   RO         1277    i.integrationTime   tcs34725.o
    0x08009c44   0x08009c44   0x00000028   Code   RO         7748    i.inv_orientation_matrix_to_scalar  inv_mpu.o
    0x08009c6c   0x08009c6c   0x0000004e   Code   RO         7749    i.inv_row_2_scale   inv_mpu.o
    0x08009cba   0x08009cba   0x00000012   Code   RO            5    i.main              main.o
    0x08009ccc   0x08009ccc   0x00000002   Code   RO         7750    i.mget_ms           inv_mpu.o
    0x08009cce   0x08009cce   0x00000002   PAD
    0x08009cd0   0x08009cd0   0x00000118   Code   RO          600    i.motor_mode        tb6612.o
    0x08009de8   0x08009de8   0x00000070   Code   RO         7751    i.mpu_configure_fifo  inv_mpu.o
    0x08009e58   0x08009e58   0x00000218   Code   RO         7752    i.mpu_dmp_get_data  inv_mpu.o
    0x0800a070   0x0800a070   0x0000009c   Code   RO         7753    i.mpu_dmp_init      inv_mpu.o
    0x0800a10c   0x0800a10c   0x0000004c   Code   RO         7754    i.mpu_get_accel_fsr  inv_mpu.o
    0x0800a158   0x0800a158   0x00000054   Code   RO         7756    i.mpu_get_accel_sens  inv_mpu.o
    0x0800a1ac   0x0800a1ac   0x00000010   Code   RO         7761    i.mpu_get_fifo_config  inv_mpu.o
    0x0800a1bc   0x0800a1bc   0x00000044   Code   RO         7762    i.mpu_get_gyro_fsr  inv_mpu.o
    0x0800a200   0x0800a200   0x00000060   Code   RO         7764    i.mpu_get_gyro_sens  inv_mpu.o
    0x0800a260   0x0800a260   0x00000050   Code   RO         7766    i.mpu_get_lpf       inv_mpu.o
    0x0800a2b0   0x0800a2b0   0x00000020   Code   RO         7768    i.mpu_get_sample_rate  inv_mpu.o
    0x0800a2d0   0x0800a2d0   0x000001f0   Code   RO         7770    i.mpu_init          inv_mpu.o
    0x0800a4c0   0x0800a4c0   0x000000b8   Code   RO         7771    i.mpu_load_firmware  inv_mpu.o
    0x0800a578   0x0800a578   0x000000e0   Code   RO         7772    i.mpu_lp_accel_mode  inv_mpu.o
    0x0800a658   0x0800a658   0x000000c0   Code   RO         7775    i.mpu_read_fifo_stream  inv_mpu.o
    0x0800a718   0x0800a718   0x00000080   Code   RO         7776    i.mpu_read_mem      inv_mpu.o
    0x0800a798   0x0800a798   0x000001c8   Code   RO         7779    i.mpu_reset_fifo    inv_mpu.o
    0x0800a960   0x0800a960   0x0000011c   Code   RO         7780    i.mpu_run_self_test  inv_mpu.o
    0x0800aa7c   0x0800aa7c   0x00000084   Code   RO         7782    i.mpu_set_accel_fsr  inv_mpu.o
    0x0800ab00   0x0800ab00   0x0000014c   Code   RO         7783    i.mpu_set_bypass    inv_mpu.o
    0x0800ac4c   0x0800ac4c   0x00000090   Code   RO         7785    i.mpu_set_dmp_state  inv_mpu.o
    0x0800acdc   0x0800acdc   0x00000088   Code   RO         7786    i.mpu_set_gyro_fsr  inv_mpu.o
    0x0800ad64   0x0800ad64   0x0000006c   Code   RO         7787    i.mpu_set_int_latched  inv_mpu.o
    0x0800add0   0x0800add0   0x00000084   Code   RO         7789    i.mpu_set_lpf       inv_mpu.o
    0x0800ae54   0x0800ae54   0x0000009c   Code   RO         7790    i.mpu_set_sample_rate  inv_mpu.o
    0x0800aef0   0x0800aef0   0x000000d0   Code   RO         7791    i.mpu_set_sensors   inv_mpu.o
    0x0800afc0   0x0800afc0   0x00000080   Code   RO         7792    i.mpu_write_mem     inv_mpu.o
    0x0800b040   0x0800b040   0x00000098   Code   RO         7034    i.prvAddCurrentTaskToDelayedList  tasks.o
    0x0800b0d8   0x0800b0d8   0x00000034   Code   RO         7042    i.prvResetNextTaskUnblockTime  tasks.o
    0x0800b10c   0x0800b10c   0x0000009a   Code   RO         7793    i.run_self_test     inv_mpu.o
    0x0800b1a6   0x0800b1a6   0x0000003a   Code   RO          843    i.setPWM            pca9685.o
    0x0800b1e0   0x0800b1e0   0x000000c4   Code   RO          844    i.setPWMFreq        pca9685.o
    0x0800b2a4   0x0800b2a4   0x00000090   Code   RO         7794    i.set_int_enable    inv_mpu.o
    0x0800b334   0x0800b334   0x0000006e   Code   RO         8960    i.sqrt              m_wm.l(sqrt.o)
    0x0800b3a2   0x0800b3a2   0x00000002   PAD
    0x0800b3a4   0x0800b3a4   0x0000013c   Code   RO          417    i.task1             work.o
    0x0800b4e0   0x0800b4e0   0x00000028   Code   RO         6745    i.uxListRemove      list.o
    0x0800b508   0x0800b508   0x00000034   Code   RO         6748    i.vListInsert       list.o
    0x0800b53c   0x0800b53c   0x00000018   Code   RO         6749    i.vListInsertEnd    list.o
    0x0800b554   0x0800b554   0x00000088   Code   RO         7544    i.vPortEnterCritical  port.o
    0x0800b5dc   0x0800b5dc   0x00000070   Code   RO         7545    i.vPortExitCritical  port.o
    0x0800b64c   0x0800b64c   0x00000074   Code   RO         7054    i.vTaskDelay        tasks.o
    0x0800b6c0   0x0800b6c0   0x00000010   Code   RO         7072    i.vTaskSuspendAll   tasks.o
    0x0800b6d0   0x0800b6d0   0x000000a8   Code   RO         7073    i.vTaskSwitchContext  tasks.o
    0x0800b778   0x0800b778   0x00000034   Code   RO         7549    i.xPortSysTickHandler  port.o
    0x0800b7ac   0x0800b7ac   0x00000020   Code   RO         7079    i.xTaskGetSchedulerState  tasks.o
    0x0800b7cc   0x0800b7cc   0x00000160   Code   RO         7082    i.xTaskIncrementTick  tasks.o
    0x0800b92c   0x0800b92c   0x00000120   Code   RO         7088    i.xTaskResumeAll    tasks.o
    0x0800ba4c   0x0800ba4c   0x0000002c   Code   RO         9122    locale$$code        c_w.l(lc_numeric_c.o)
    0x0800ba78   0x0800ba78   0x0000002c   Code   RO         9136    locale$$code        c_w.l(lc_ctype_c.o)
    0x0800baa4   0x0800baa4   0x00000018   Code   RO         8997    x$fpl$basic         fz_wm.l(basic.o)
    0x0800babc   0x0800babc   0x00000062   Code   RO         8894    x$fpl$d2f           fz_wm.l(d2f.o)
    0x0800bb1e   0x0800bb1e   0x00000002   PAD
    0x0800bb20   0x0800bb20   0x00000150   Code   RO         8896    x$fpl$dadd          fz_wm.l(daddsub_clz.o)
    0x0800bc70   0x0800bc70   0x00000018   Code   RO         9124    x$fpl$dcmpinf       fz_wm.l(dcmpi.o)
    0x0800bc88   0x0800bc88   0x000002b0   Code   RO         8903    x$fpl$ddiv          fz_wm.l(ddiv.o)
    0x0800bf38   0x0800bf38   0x00000078   Code   RO         8999    x$fpl$deqf          fz_wm.l(deqf.o)
    0x0800bfb0   0x0800bfb0   0x0000005e   Code   RO         8906    x$fpl$dfix          fz_wm.l(dfix.o)
    0x0800c00e   0x0800c00e   0x00000002   PAD
    0x0800c010   0x0800c010   0x0000005a   Code   RO         8910    x$fpl$dfixu         fz_wm.l(dfixu.o)
    0x0800c06a   0x0800c06a   0x0000002e   Code   RO         8915    x$fpl$dflt          fz_wm.l(dflt_clz.o)
    0x0800c098   0x0800c098   0x00000026   Code   RO         8914    x$fpl$dfltu         fz_wm.l(dflt_clz.o)
    0x0800c0be   0x0800c0be   0x00000002   PAD
    0x0800c0c0   0x0800c0c0   0x00000078   Code   RO         9001    x$fpl$dleqf         fz_wm.l(dleqf.o)
    0x0800c138   0x0800c138   0x00000154   Code   RO         8920    x$fpl$dmul          fz_wm.l(dmul.o)
    0x0800c28c   0x0800c28c   0x0000009c   Code   RO         9003    x$fpl$dnaninf       fz_wm.l(dnaninf.o)
    0x0800c328   0x0800c328   0x0000000c   Code   RO         9005    x$fpl$dretinf       fz_wm.l(dretinf.o)
    0x0800c334   0x0800c334   0x0000006c   Code   RO         9007    x$fpl$drleqf        fz_wm.l(drleqf.o)
    0x0800c3a0   0x0800c3a0   0x00000016   Code   RO         8897    x$fpl$drsb          fz_wm.l(daddsub_clz.o)
    0x0800c3b6   0x0800c3b6   0x00000002   PAD
    0x0800c3b8   0x0800c3b8   0x00000198   Code   RO         9009    x$fpl$dsqrt         fz_wm.l(dsqrt_umaal.o)
    0x0800c550   0x0800c550   0x000001d4   Code   RO         8898    x$fpl$dsub          fz_wm.l(daddsub_clz.o)
    0x0800c724   0x0800c724   0x00000056   Code   RO         8922    x$fpl$f2d           fz_wm.l(f2d.o)
    0x0800c77a   0x0800c77a   0x0000008c   Code   RO         9011    x$fpl$fnaninf       fz_wm.l(fnaninf.o)
    0x0800c806   0x0800c806   0x0000000a   Code   RO         9201    x$fpl$fpinit        fz_wm.l(fpinit.o)
    0x0800c810   0x0800c810   0x0000000a   Code   RO         9013    x$fpl$fretinf       fz_wm.l(fretinf.o)
    0x0800c81a   0x0800c81a   0x00000004   Code   RO         8924    x$fpl$printf1       fz_wm.l(printf1.o)
    0x0800c81e   0x0800c81e   0x00000000   Code   RO         9015    x$fpl$usenofp       fz_wm.l(usenofp.o)
    0x0800c81e   0x0800c81e   0x00001d70   Data   RO         1113    .constdata          oled.o
    0x0800e58e   0x0800e58e   0x00000002   PAD
    0x0800e590   0x0800e590   0x00000050   Data   RO         7796    .constdata          inv_mpu.o
    0x0800e5e0   0x0800e5e0   0x00000bf6   Data   RO         8122    .constdata          inv_mpu_dmp_motion_driver.o
    0x0800f1d6   0x0800f1d6   0x00000002   PAD
    0x0800f1d8   0x0800f1d8   0x00000087   Data   RO         8468    .constdata          im948_cmd.o
    0x0800f25f   0x0800f25f   0x00000001   PAD
    0x0800f260   0x0800f260   0x00000008   Data   RO         8817    .constdata          c_w.l(_printf_wctomb.o)
    0x0800f268   0x0800f268   0x00000028   Data   RO         8829    .constdata          c_w.l(_printf_hex_int.o)
    0x0800f290   0x0800f290   0x00000011   Data   RO         8864    .constdata          c_w.l(__printf_flags_ss_wp.o)
    0x0800f2a1   0x0800f2a1   0x00000007   PAD
    0x0800f2a8   0x0800f2a8   0x00000050   Data   RO         8929    .constdata          m_wm.l(asin.o)
    0x0800f2f8   0x0800f2f8   0x00000098   Data   RO         9019    .constdata          m_wm.l(atan.o)
    0x0800f390   0x0800f390   0x00000008   Data   RO         9054    .constdata          m_wm.l(qnan.o)
    0x0800f398   0x0800f398   0x00000094   Data   RO         9093    .constdata          c_w.l(bigflt0.o)
    0x0800f42c   0x0800f42c   0x0000004d   Data   RO         7797    .conststring        inv_mpu.o
    0x0800f479   0x0800f479   0x00000003   PAD
    0x0800f47c   0x0800f47c   0x00000020   Data   RO         9274    Region$$Table       anon$$obj.o
    0x0800f49c   0x0800f49c   0x0000001c   Data   RO         9121    locale$$data        c_w.l(lc_numeric_c.o)
    0x0800f4b8   0x0800f4b8   0x00000110   Data   RO         9135    locale$$data        c_w.l(lc_ctype_c.o)


    Execution Region RW_IRAM1 (Exec base: 0x20000000, Load base: 0x0800f5c8, Size: 0x000010a0, Max: 0x00020000, ABSOLUTE, COMPRESSED[0x00000068])

    Exec Addr    Load Addr    Size         Type   Attr      Idx    E Section Name        Object

    0x20000000   COMPRESSED   0x0000006c   Data   RW          425    .data               work.o
    0x2000006c   COMPRESSED   0x00000020   Data   RW         1114    .data               oled.o
    0x2000008c   COMPRESSED   0x0000002a   Data   RW         1278    .data               tcs34725.o
    0x200000b6   COMPRESSED   0x00000002   PAD
    0x200000b8   COMPRESSED   0x00000008   Data   RW         1456    .data               time_go.o
    0x200000c0   COMPRESSED   0x00000008   Data   RW         1539    .data               delay.o
    0x200000c8   COMPRESSED   0x00000006   Data   RW         1672    .data               usart1.o
    0x200000ce   COMPRESSED   0x00000005   Data   RW         1717    .data               usart6.o
    0x200000d3   COMPRESSED   0x00000010   Data   RW         4519    .data               stm32f4xx_rcc.o
    0x200000e3   COMPRESSED   0x00000001   PAD
    0x200000e4   COMPRESSED   0x0000003c   Data   RW         7091    .data               tasks.o
    0x20000120   COMPRESSED   0x0000000c   Data   RW         7550    .data               port.o
    0x2000012c   COMPRESSED   0x00000041   Data   RW         7798    .data               inv_mpu.o
    0x2000016d   COMPRESSED   0x00000001   PAD
    0x2000016e   COMPRESSED   0x00000002   Data   RW         8378    .data               sixe_angle.o
    0x20000170   COMPRESSED   0x0000000c   Data   RW         8469    .data               im948_cmd.o
    0x2000017c        -       0x00000014   Zero   RW          423    .bss                work.o
    0x20000190        -       0x00000010   Zero   RW          712    .bss                lobotserialservo.o
    0x200001a0        -       0x00000480   Zero   RW         1112    .bss                oled.o
    0x20000620        -       0x000000c8   Zero   RW         1671    .bss                usart1.o
    0x200006e8        -       0x00000010   Zero   RW         1716    .bss                usart6.o
    0x200006f8        -       0x000002e4   Zero   RW         7090    .bss                tasks.o
    0x200009dc        -       0x00000010   Zero   RW         8121    .bss                inv_mpu_dmp_motion_driver.o
    0x200009ec        -       0x0000004e   Zero   RW         8467    .bss                im948_cmd.o
    0x20000a3a   COMPRESSED   0x00000002   PAD
    0x20000a3c        -       0x00000060   Zero   RW         9129    .bss                c_w.l(libspace.o)
    0x20000a9c   COMPRESSED   0x00000004   PAD
    0x20000aa0        -       0x00000200   Zero   RW          555    HEAP                startup_stm32f40_41xxx.o
    0x20000ca0        -       0x00000400   Zero   RW          554    STACK               startup_stm32f40_41xxx.o


==============================================================================

Image component sizes


      Code (inc. data)   RO Data    RW Data    ZI Data      Debug   Object Name

        64          4          0          0          0        516   beep.o
       244         18          0          8          0       3029   delay.o
       130         10          0          0          0       2296   exti.o
      1552         16          0          0          0       1901   gray_go.o
       576         50          0          0          0       4141   grayscale.o
       602         44          0          0          0       5766   iic1.o
       696        110          0          0          0       4362   iic2.o
       772        126          0          0          0       4406   iic3.o
      7724       3070        135         12         78      10346   im948_cmd.o
       154          6          0          0          0       1103   im948_turnangle.o
      6930        318        157         65          0      31359   inv_mpu.o
      3128        138       3062          0         16      20690   inv_mpu_dmp_motion_driver.o
        84         10          0          0          0        519   key.o
        60          4          0          0          0        511   led.o
       116          0          0          0          0       2142   list.o
         0          0          0          0         16        817   lobotserialservo.o
       178          6          0          0          0     292270   main.o
       180         24          0          0          0       2017   misc.o
       608          0          0          0          0       6231   mpu6050.o
      1870         96       7536         32       1152       8867   oled.o
       630         58          0          0          0       3931   pca9685.o
       482        154          0         12          0       5415   port.o
       328         44          0          2          0       1496   sixe_angle.o
        64         26        392          0       1536        832   startup_stm32f40_41xxx.o
       184         16          0          0          0       2032   stm32f4xx_exti.o
       240          0          0          0          0       3431   stm32f4xx_gpio.o
        20          0          0          0          0       2641   stm32f4xx_it.o
       328         36          0         16          0       4535   stm32f4xx_rcc.o
        64          4          0          0          0        640   stm32f4xx_syscfg.o
       910         66          0          0          0      11553   stm32f4xx_tim.o
       438          8          0          0          0       5345   stm32f4xx_usart.o
       388         32          0          0          0       2040   sys.o
       340         32          0          0          0       1429   system_stm32f4xx.o
      1176        306          0         60        740      16834   tasks.o
       836         96          0          0          0       4088   tb6612.o
      1352         34          0         42          0       8288   tcs34725.o
       144         22          0          8          0       1865   time_go.o
        92          4          0          0          0        664   timer.o
       236         12          0          0          0       1313   uart4.o
       220         14          0          0          0        777   uart5.o
       312         22          0          6        200       3698   usart1.o
       292         20          0          0          0       2273   usart3.o
       416         42          0          5         16       2671   usart6.o
      2616        194          0        108         20       7881   work.o

    ----------------------------------------------------------------------
     37810       5292      11322        380       3776     498961   Object Totals
         0          0         32          0          0          0   (incl. Generated)
        34          0          8          4          2          0   (incl. Padding)

    ----------------------------------------------------------------------

      Code (inc. data)   RO Data    RW Data    ZI Data      Debug   Library Member Name

        90          0          0          0          0          0   __dczerorl2.o
         8          0          0          0          0         68   __main.o
       392          4         17          0          0         92   __printf_flags_ss_wp.o
        14          0          0          0          0         68   __printf_wp.o
         0          0          0          0          0          0   __rtentry.o
        12          0          0          0          0          0   __rtentry2.o
         6          0          0          0          0          0   __rtentry4.o
        52          8          0          0          0          0   __scatter.o
        28          0          0          0          0          0   __scatter_zi.o
         6          0          0          0          0          0   _printf_c.o
        44          0          0          0          0        108   _printf_char.o
        48          6          0          0          0         96   _printf_char_common.o
        36          4          0          0          0         80   _printf_char_file.o
         6          0          0          0          0          0   _printf_d.o
       120         16          0          0          0         92   _printf_dec.o
         6          0          0          0          0          0   _printf_f.o
      1054          0          0          0          0        216   _printf_fp_dec.o
       128         16          0          0          0         84   _printf_fp_infnan.o
        88          4         40          0          0         88   _printf_hex_int.o
         6          0          0          0          0          0   _printf_i.o
       178          0          0          0          0         88   _printf_intcommon.o
        10          0          0          0          0          0   _printf_l.o
         6          0          0          0          0          0   _printf_lc.o
         6          0          0          0          0          0   _printf_o.o
        80          8          0          0          0         88   _printf_oct_int.o
        78          0          0          0          0        108   _printf_pad.o
         0          0          0          0          0          0   _printf_percent.o
         4          0          0          0          0          0   _printf_percent_end.o
         6          0          0          0          0          0   _printf_s.o
        82          0          0          0          0         80   _printf_str.o
        36          0          0          0          0         84   _printf_truncate.o
         6          0          0          0          0          0   _printf_u.o
        44          0          0          0          0        108   _printf_wchar.o
       188          6          8          0          0         92   _printf_wctomb.o
         6          0          0          0          0          0   _printf_x.o
        22          0          0          0          0        100   _rserrno.o
        64          0          0          0          0         92   _wcrtomb.o
        16          0          0          0          0         68   aeabi_memset.o
       228          4        148          0          0         96   bigflt0.o
      1936        128          0          0          0        672   btod.o
        18          0          0          0          0         80   exit.o
         8          0          0          0          0         68   ferror.o
         6          0          0          0          0        152   heapauxi.o
        44         10        272          0          0         76   lc_ctype_c.o
        44         10         28          0          0         76   lc_numeric_c.o
         2          0          0          0          0          0   libinit.o
        34          0          0          0          0          0   libinit2.o
         2          0          0          0          0          0   libshutdown.o
         2          0          0          0          0          0   libshutdown2.o
         8          4          0          0         96         68   libspace.o
        72          0          0          0          0         76   llsdiv.o
       138          0          0          0          0         80   lludiv10.o
       238          0          0          0          0        100   lludivv7m.o
        88          0          0          0          0         76   memcmp.o
        24          4          0          0          0         84   noretval__2printf.o
        16          4          0          0          0         76   rt_ctype_table.o
         8          4          0          0          0         68   rt_errno_addr_intlibspace.o
         8          4          0          0          0         68   rt_locale_intlibspace.o
        68          0          0          0          0         68   rt_memclr.o
        78          0          0          0          0         80   rt_memclr_w.o
       138          0          0          0          0         68   rt_memcpy_v6.o
       100          0          0          0          0         80   rt_memcpy_w.o
         2          0          0          0          0          0   rtexit.o
        10          0          0          0          0          0   rtexit2.o
       128          0          0          0          0         68   strcmpv7m.o
        74          0          0          0          0         80   sys_stackheap_outer.o
         2          0          0          0          0         68   use_no_semi.o
         2          0          0          0          0         68   use_no_semi_2.o
        24          0          0          0          0        164   basic.o
        98          4          0          0          0        140   d2f.o
       826         16          0          0          0        492   daddsub_clz.o
        24          0          0          0          0        116   dcmpi.o
       688        140          0          0          0        256   ddiv.o
       120          4          0          0          0        140   deqf.o
        94          4          0          0          0        140   dfix.o
        90          4          0          0          0        140   dfixu.o
        84          0          0          0          0        232   dflt_clz.o
       120          4          0          0          0        140   dleqf.o
       340         12          0          0          0        152   dmul.o
       156          4          0          0          0        140   dnaninf.o
        12          0          0          0          0        116   dretinf.o
       108          0          0          0          0        128   drleqf.o
       408         56          0          0          0        168   dsqrt_umaal.o
        86          4          0          0          0        132   f2d.o
       140          4          0          0          0        132   fnaninf.o
        10          0          0          0          0        116   fpinit.o
        10          0          0          0          0        116   fretinf.o
         4          0          0          0          0        116   printf1.o
         0          0          0          0          0          0   usenofp.o
       864         94         80          0          0        280   asin.o
       744        106        152          0          0        352   atan.o
       512         64          0          0          0        208   atan2.o
       104         16          0          0          0        496   dunder.o
        24          0          0          0          0        124   fabs.o
       280         28          0          0          0        156   floor.o
        48          0          0          0          0        124   fpclassify.o
       248          0          0          0          0        152   poly.o
         0          0          8          0          0          0   qnan.o
       232          0          0          0          0        296   sqrt.o

    ----------------------------------------------------------------------
     13028        808        760          0        100       9860   Library Totals
        28          0          7          0          4          0   (incl. Padding)

    ----------------------------------------------------------------------

      Code (inc. data)   RO Data    RW Data    ZI Data      Debug   Library Name

      6502        244        513          0         96       4396   c_w.l
      3442        256          0          0          0       3276   fz_wm.l
      3056        308        240          0          0       2188   m_wm.l

    ----------------------------------------------------------------------
     13028        808        760          0        100       9860   Library Totals

    ----------------------------------------------------------------------

==============================================================================


      Code (inc. data)   RO Data    RW Data    ZI Data      Debug   

     50838       6100      12082        380       3876     478325   Grand Totals
     50838       6100      12082        104       3876     478325   ELF Image Totals (compressed)
     50838       6100      12082        104          0          0   ROM Totals

==============================================================================

    Total RO  Size (Code + RO Data)                62920 (  61.45kB)
    Total RW  Size (RW Data + ZI Data)              4256 (   4.16kB)
    Total ROM Size (Code + RO Data + RW Data)      63024 (  61.55kB)

==============================================================================

