<html>
<body>
<pre>
<h1>µVision Build Log</h1>
<h2>Tool Versions:</h2>
IDE-Version: µVision V5.36.0.0
Copyright (C) 2021 ARM Ltd and ARM Germany GmbH. All rights reserved.
License Information: 1 2, 3, LIC=JL28G-VVY99-SBEEJ-UD6RE-68JHD-TDFKR
 
Tool Versions:
Toolchain:       MDK-ARM Plus  Version: 5.36.0.0
Toolchain Path:  C:\Keil_v5\ARM\ARMCC\Bin
C Compiler:      Armcc.exe V5.06 update 7 (build 960)
Assembler:       Armasm.exe V5.06 update 7 (build 960)
Linker/Locator:  ArmLink.exe V5.06 update 7 (build 960)
Library Manager: ArmAr.exe V5.06 update 7 (build 960)
Hex Converter:   FromElf.exe V5.06 update 7 (build 960)
CPU DLL:         SARMCM3.DLL V5.36.0.0
Dialog DLL:      DCM.DLL V1.17.3.0
Target DLL:      Segger\JL2CM3.dll V2.99.40.0
Dialog DLL:      TCM.DLL V1.53.0.0
 
<h2>Project:</h2>
C:\Users\13406\Desktop\lightcar_code\USER\Project.uvprojx
Project File Date:  05/02/2024

<h2>Output:</h2>
*** Using Compiler 'V5.06 update 7 (build 960)', folder: 'C:\Keil_v5\ARM\ARMCC\Bin'
Build target 'Target 1'
compiling Uart5.c...
compiling Uart4.c...
compiling delay.c...
compiling Usart1.c...
compiling exti.c...
..\HARDWARE\key.h(15): warning:  #47-D: incompatible redefinition of macro "KEY3_PRES"  (declared at line 14)
  #define KEY3_PRES   4
..\HARDWARE\exti.c: 1 warning, 0 errors
compiling PCA9685.c...
compiling main.c...
..\HARDWARE\key.h(15): warning:  #47-D: incompatible redefinition of macro "KEY3_PRES"  (declared at line 14)
  #define KEY3_PRES   4
..\MPU6050\IIC2.h(23): warning:  #47-D: incompatible redefinition of macro "READ_SDA"  (declared at line 23 of "..\HARDWARE\IIC3.h")
  #define READ_SDA   PBin(11)  //????SDA 
main.c(73): warning:  #223-D: function "TCS34725_GPIO_Init" declared implicitly
  	TCS34725_GPIO_Init();TCS34725_Init();integrationTime(33);//TCS34725?????????
main.c(145): warning:  #1-D: last line of file ends without a newline
  }
main.c: 4 warnings, 0 errors
compiling Usart3.c...
compiling croutine.c...
compiling heap_4.c...
compiling list.c...
compiling port.c...
compiling timers.c...
compiling queue.c...
compiling event_groups.c...
compiling tasks.c...
compiling MPU6050.c...
compiling IM948_TurnAngle.c...
..\IM948\IM948_TurnAngle.c(51): warning:  #1-D: last line of file ends without a newline
  }
..\IM948\IM948_TurnAngle.c: 1 warning, 0 errors
compiling inv_mpu_dmp_motion_driver.c...
compiling im948_CMD.c...
compiling inv_mpu.c...
linking...
Program Size: Code=50838 RO-data=12082 RW-data=380 ZI-data=3876  
FromELF: creating hex file...
"..\OBJ\Project.axf" - 0 Error(s), 6 Warning(s).

<h2>Software Packages used:</h2>

Package Vendor: Keil
                http://www.keil.com/pack/Keil.STM32F4xx_DFP.2.15.0.pack
                Keil.STM32F4xx_DFP.2.15.0
                STMicroelectronics STM32F4 Series Device Support, Drivers and Examples

<h2>Collection of Component include folders:</h2>
  C:\Users\13406\AppData\Local\Arm\Packs\Keil\STM32F4xx_DFP\2.15.0\Drivers\CMSIS\Device\ST\STM32F4xx\Include

<h2>Collection of Component Files used:</h2>
Build Time Elapsed:  00:00:04
</pre>
</body>
</html>
